    1C
    1UUSER
    1UDATE              05.july.2010        
    1UTIME              10:52:46
    1UHOST
    1UPGM               CalculiX
    1UDIR
    1UDBN
    2C                                                                   1
 -1         1 0.00000E+00 0.00000E+00 0.00000E+00
 -1         2 1.00000E+00 0.00000E+00 0.00000E+00
 -1         3 1.00000E+00 1.00000E+00 0.00000E+00
 -1         4 0.00000E+00 1.00000E+00 0.00000E+00
 -1         5 0.00000E+00 0.00000E+00 8.00000E+00
 -1         6 1.00000E+00 0.00000E+00 8.00000E+00
 -1         7 1.00000E+00 1.00000E+00 8.00000E+00
 -1         8 0.00000E+00 1.00000E+00 8.00000E+00
 -1         9 2.50000E-01 0.00000E+00 0.00000E+00
 -1        10 5.00000E-01 0.00000E+00 0.00000E+00
 -1        11 7.50000E-01 0.00000E+00 0.00000E+00
 -1        12 1.00000E+00 2.50000E-01 0.00000E+00
 -1        13 1.00000E+00 5.00000E-01 0.00000E+00
 -1        14 1.00000E+00 7.50000E-01 0.00000E+00
 -1        15 7.50000E-01 1.00000E+00 0.00000E+00
 -1        16 5.00000E-01 1.00000E+00 0.00000E+00
 -1        17 2.50000E-01 1.00000E+00 0.00000E+00
 -1        18 0.00000E+00 7.50000E-01 0.00000E+00
 -1        19 0.00000E+00 5.00000E-01 0.00000E+00
 -1        20 0.00000E+00 2.50000E-01 0.00000E+00
 -1        21 2.50000E-01 0.00000E+00 8.00000E+00
 -1        22 5.00000E-01 0.00000E+00 8.00000E+00
 -1        23 7.50000E-01 0.00000E+00 8.00000E+00
 -1        24 1.00000E+00 2.50000E-01 8.00000E+00
 -1        25 1.00000E+00 5.00000E-01 8.00000E+00
 -1        26 1.00000E+00 7.50000E-01 8.00000E+00
 -1        27 7.50000E-01 1.00000E+00 8.00000E+00
 -1        28 5.00000E-01 1.00000E+00 8.00000E+00
 -1        29 2.50000E-01 1.00000E+00 8.00000E+00
 -1        30 0.00000E+00 7.50000E-01 8.00000E+00
 -1        31 0.00000E+00 5.00000E-01 8.00000E+00
 -1        32 0.00000E+00 2.50000E-01 8.00000E+00
 -1        33 1.00000E+00 0.00000E+00 5.00000E-01
 -1        34 1.00000E+00 0.00000E+00 1.00000E+00
 -1        35 1.00000E+00 0.00000E+00 1.50000E+00
 -1        36 1.00000E+00 0.00000E+00 2.00000E+00
 -1        37 1.00000E+00 0.00000E+00 2.50000E+00
 -1        38 1.00000E+00 0.00000E+00 3.00000E+00
 -1        39 1.00000E+00 0.00000E+00 3.50000E+00
 -1        40 1.00000E+00 0.00000E+00 4.00000E+00
 -1        41 1.00000E+00 0.00000E+00 4.50000E+00
 -1        42 1.00000E+00 0.00000E+00 5.00000E+00
 -1        43 1.00000E+00 0.00000E+00 5.50000E+00
 -1        44 1.00000E+00 0.00000E+00 6.00000E+00
 -1        45 1.00000E+00 0.00000E+00 6.50000E+00
 -1        46 1.00000E+00 0.00000E+00 7.00000E+00
 -1        47 1.00000E+00 0.00000E+00 7.50000E+00
 -1        48 0.00000E+00 0.00000E+00 7.50000E+00
 -1        49 0.00000E+00 0.00000E+00 7.00000E+00
 -1        50 0.00000E+00 0.00000E+00 6.50000E+00
 -1        51 0.00000E+00 0.00000E+00 6.00000E+00
 -1        52 0.00000E+00 0.00000E+00 5.50000E+00
 -1        53 0.00000E+00 0.00000E+00 5.00000E+00
 -1        54 0.00000E+00 0.00000E+00 4.50000E+00
 -1        55 0.00000E+00 0.00000E+00 4.00000E+00
 -1        56 0.00000E+00 0.00000E+00 3.50000E+00
 -1        57 0.00000E+00 0.00000E+00 3.00000E+00
 -1        58 0.00000E+00 0.00000E+00 2.50000E+00
 -1        59 0.00000E+00 0.00000E+00 2.00000E+00
 -1        60 0.00000E+00 0.00000E+00 1.50000E+00
 -1        61 0.00000E+00 0.00000E+00 1.00000E+00
 -1        62 0.00000E+00 0.00000E+00 5.00000E-01
 -1        63 1.00000E+00 1.00000E+00 5.00000E-01
 -1        64 1.00000E+00 1.00000E+00 1.00000E+00
 -1        65 1.00000E+00 1.00000E+00 1.50000E+00
 -1        66 1.00000E+00 1.00000E+00 2.00000E+00
 -1        67 1.00000E+00 1.00000E+00 2.50000E+00
 -1        68 1.00000E+00 1.00000E+00 3.00000E+00
 -1        69 1.00000E+00 1.00000E+00 3.50000E+00
 -1        70 1.00000E+00 1.00000E+00 4.00000E+00
 -1        71 1.00000E+00 1.00000E+00 4.50000E+00
 -1        72 1.00000E+00 1.00000E+00 5.00000E+00
 -1        73 1.00000E+00 1.00000E+00 5.50000E+00
 -1        74 1.00000E+00 1.00000E+00 6.00000E+00
 -1        75 1.00000E+00 1.00000E+00 6.50000E+00
 -1        76 1.00000E+00 1.00000E+00 7.00000E+00
 -1        77 1.00000E+00 1.00000E+00 7.50000E+00
 -1        78 0.00000E+00 1.00000E+00 5.00000E-01
 -1        79 0.00000E+00 1.00000E+00 1.00000E+00
 -1        80 0.00000E+00 1.00000E+00 1.50000E+00
 -1        81 0.00000E+00 1.00000E+00 2.00000E+00
 -1        82 0.00000E+00 1.00000E+00 2.50000E+00
 -1        83 0.00000E+00 1.00000E+00 3.00000E+00
 -1        84 0.00000E+00 1.00000E+00 3.50000E+00
 -1        85 0.00000E+00 1.00000E+00 4.00000E+00
 -1        86 0.00000E+00 1.00000E+00 4.50000E+00
 -1        87 0.00000E+00 1.00000E+00 5.00000E+00
 -1        88 0.00000E+00 1.00000E+00 5.50000E+00
 -1        89 0.00000E+00 1.00000E+00 6.00000E+00
 -1        90 0.00000E+00 1.00000E+00 6.50000E+00
 -1        91 0.00000E+00 1.00000E+00 7.00000E+00
 -1        92 0.00000E+00 1.00000E+00 7.50000E+00
 -1        93 5.00000E-01 2.50000E-01 0.00000E+00
 -1        94 2.50000E-01 5.00000E-01 0.00000E+00
 -1        95 5.00000E-01 5.00000E-01 0.00000E+00
 -1        96 7.50000E-01 5.00000E-01 0.00000E+00
 -1        97 5.00000E-01 7.50000E-01 0.00000E+00
 -1        98 5.00000E-01 2.50000E-01 8.00000E+00
 -1        99 2.50000E-01 5.00000E-01 8.00000E+00
 -1       100 5.00000E-01 5.00000E-01 8.00000E+00
 -1       101 7.50000E-01 5.00000E-01 8.00000E+00
 -1       102 5.00000E-01 7.50000E-01 8.00000E+00
 -1       103 5.00000E-01 0.00000E+00 5.00000E-01
 -1       104 2.50000E-01 0.00000E+00 1.00000E+00
 -1       105 5.00000E-01 0.00000E+00 1.00000E+00
 -1       106 7.50000E-01 0.00000E+00 1.00000E+00
 -1       107 5.00000E-01 0.00000E+00 1.50000E+00
 -1       108 2.50000E-01 0.00000E+00 2.00000E+00
 -1       109 5.00000E-01 0.00000E+00 2.00000E+00
 -1       110 7.50000E-01 0.00000E+00 2.00000E+00
 -1       111 5.00000E-01 0.00000E+00 2.50000E+00
 -1       112 2.50000E-01 0.00000E+00 3.00000E+00
 -1       113 5.00000E-01 0.00000E+00 3.00000E+00
 -1       114 7.50000E-01 0.00000E+00 3.00000E+00
 -1       115 5.00000E-01 0.00000E+00 3.50000E+00
 -1       116 2.50000E-01 0.00000E+00 4.00000E+00
 -1       117 5.00000E-01 0.00000E+00 4.00000E+00
 -1       118 7.50000E-01 0.00000E+00 4.00000E+00
 -1       119 5.00000E-01 0.00000E+00 4.50000E+00
 -1       120 2.50000E-01 0.00000E+00 5.00000E+00
 -1       121 5.00000E-01 0.00000E+00 5.00000E+00
 -1       122 7.50000E-01 0.00000E+00 5.00000E+00
 -1       123 5.00000E-01 0.00000E+00 5.50000E+00
 -1       124 2.50000E-01 0.00000E+00 6.00000E+00
 -1       125 5.00000E-01 0.00000E+00 6.00000E+00
 -1       126 7.50000E-01 0.00000E+00 6.00000E+00
 -1       127 5.00000E-01 0.00000E+00 6.50000E+00
 -1       128 2.50000E-01 0.00000E+00 7.00000E+00
 -1       129 5.00000E-01 0.00000E+00 7.00000E+00
 -1       130 7.50000E-01 0.00000E+00 7.00000E+00
 -1       131 5.00000E-01 0.00000E+00 7.50000E+00
 -1       132 1.00000E+00 5.00000E-01 5.00000E-01
 -1       133 1.00000E+00 2.50000E-01 1.00000E+00
 -1       134 1.00000E+00 5.00000E-01 1.00000E+00
 -1       135 1.00000E+00 7.50000E-01 1.00000E+00
 -1       136 1.00000E+00 5.00000E-01 1.50000E+00
 -1       137 1.00000E+00 2.50000E-01 2.00000E+00
 -1       138 1.00000E+00 5.00000E-01 2.00000E+00
 -1       139 1.00000E+00 7.50000E-01 2.00000E+00
 -1       140 1.00000E+00 5.00000E-01 2.50000E+00
 -1       141 1.00000E+00 2.50000E-01 3.00000E+00
 -1       142 1.00000E+00 5.00000E-01 3.00000E+00
 -1       143 1.00000E+00 7.50000E-01 3.00000E+00
 -1       144 1.00000E+00 5.00000E-01 3.50000E+00
 -1       145 1.00000E+00 2.50000E-01 4.00000E+00
 -1       146 1.00000E+00 5.00000E-01 4.00000E+00
 -1       147 1.00000E+00 7.50000E-01 4.00000E+00
 -1       148 1.00000E+00 5.00000E-01 4.50000E+00
 -1       149 1.00000E+00 2.50000E-01 5.00000E+00
 -1       150 1.00000E+00 5.00000E-01 5.00000E+00
 -1       151 1.00000E+00 7.50000E-01 5.00000E+00
 -1       152 1.00000E+00 5.00000E-01 5.50000E+00
 -1       153 1.00000E+00 2.50000E-01 6.00000E+00
 -1       154 1.00000E+00 5.00000E-01 6.00000E+00
 -1       155 1.00000E+00 7.50000E-01 6.00000E+00
 -1       156 1.00000E+00 5.00000E-01 6.50000E+00
 -1       157 1.00000E+00 2.50000E-01 7.00000E+00
 -1       158 1.00000E+00 5.00000E-01 7.00000E+00
 -1       159 1.00000E+00 7.50000E-01 7.00000E+00
 -1       160 1.00000E+00 5.00000E-01 7.50000E+00
 -1       161 5.00000E-01 1.00000E+00 5.00000E-01
 -1       162 7.50000E-01 1.00000E+00 1.00000E+00
 -1       163 5.00000E-01 1.00000E+00 1.00000E+00
 -1       164 2.50000E-01 1.00000E+00 1.00000E+00
 -1       165 5.00000E-01 1.00000E+00 1.50000E+00
 -1       166 7.50000E-01 1.00000E+00 2.00000E+00
 -1       167 5.00000E-01 1.00000E+00 2.00000E+00
 -1       168 2.50000E-01 1.00000E+00 2.00000E+00
 -1       169 5.00000E-01 1.00000E+00 2.50000E+00
 -1       170 7.50000E-01 1.00000E+00 3.00000E+00
 -1       171 5.00000E-01 1.00000E+00 3.00000E+00
 -1       172 2.50000E-01 1.00000E+00 3.00000E+00
 -1       173 5.00000E-01 1.00000E+00 3.50000E+00
 -1       174 7.50000E-01 1.00000E+00 4.00000E+00
 -1       175 5.00000E-01 1.00000E+00 4.00000E+00
 -1       176 2.50000E-01 1.00000E+00 4.00000E+00
 -1       177 5.00000E-01 1.00000E+00 4.50000E+00
 -1       178 7.50000E-01 1.00000E+00 5.00000E+00
 -1       179 5.00000E-01 1.00000E+00 5.00000E+00
 -1       180 2.50000E-01 1.00000E+00 5.00000E+00
 -1       181 5.00000E-01 1.00000E+00 5.50000E+00
 -1       182 7.50000E-01 1.00000E+00 6.00000E+00
 -1       183 5.00000E-01 1.00000E+00 6.00000E+00
 -1       184 2.50000E-01 1.00000E+00 6.00000E+00
 -1       185 5.00000E-01 1.00000E+00 6.50000E+00
 -1       186 7.50000E-01 1.00000E+00 7.00000E+00
 -1       187 5.00000E-01 1.00000E+00 7.00000E+00
 -1       188 2.50000E-01 1.00000E+00 7.00000E+00
 -1       189 5.00000E-01 1.00000E+00 7.50000E+00
 -1       190 0.00000E+00 5.00000E-01 5.00000E-01
 -1       191 0.00000E+00 7.50000E-01 1.00000E+00
 -1       192 0.00000E+00 5.00000E-01 1.00000E+00
 -1       193 0.00000E+00 2.50000E-01 1.00000E+00
 -1       194 0.00000E+00 5.00000E-01 1.50000E+00
 -1       195 0.00000E+00 7.50000E-01 2.00000E+00
 -1       196 0.00000E+00 5.00000E-01 2.00000E+00
 -1       197 0.00000E+00 2.50000E-01 2.00000E+00
 -1       198 0.00000E+00 5.00000E-01 2.50000E+00
 -1       199 0.00000E+00 7.50000E-01 3.00000E+00
 -1       200 0.00000E+00 5.00000E-01 3.00000E+00
 -1       201 0.00000E+00 2.50000E-01 3.00000E+00
 -1       202 0.00000E+00 5.00000E-01 3.50000E+00
 -1       203 0.00000E+00 7.50000E-01 4.00000E+00
 -1       204 0.00000E+00 5.00000E-01 4.00000E+00
 -1       205 0.00000E+00 2.50000E-01 4.00000E+00
 -1       206 0.00000E+00 5.00000E-01 4.50000E+00
 -1       207 0.00000E+00 7.50000E-01 5.00000E+00
 -1       208 0.00000E+00 5.00000E-01 5.00000E+00
 -1       209 0.00000E+00 2.50000E-01 5.00000E+00
 -1       210 0.00000E+00 5.00000E-01 5.50000E+00
 -1       211 0.00000E+00 7.50000E-01 6.00000E+00
 -1       212 0.00000E+00 5.00000E-01 6.00000E+00
 -1       213 0.00000E+00 2.50000E-01 6.00000E+00
 -1       214 0.00000E+00 5.00000E-01 6.50000E+00
 -1       215 0.00000E+00 7.50000E-01 7.00000E+00
 -1       216 0.00000E+00 5.00000E-01 7.00000E+00
 -1       217 0.00000E+00 2.50000E-01 7.00000E+00
 -1       218 0.00000E+00 5.00000E-01 7.50000E+00
 -1       219 5.00000E-01 5.00000E-01 5.00000E-01
 -1       220 5.00000E-01 2.50000E-01 1.00000E+00
 -1       221 2.50000E-01 5.00000E-01 1.00000E+00
 -1       222 5.00000E-01 5.00000E-01 1.00000E+00
 -1       223 7.50000E-01 5.00000E-01 1.00000E+00
 -1       224 5.00000E-01 7.50000E-01 1.00000E+00
 -1       225 5.00000E-01 5.00000E-01 1.50000E+00
 -1       226 5.00000E-01 2.50000E-01 2.00000E+00
 -1       227 2.50000E-01 5.00000E-01 2.00000E+00
 -1       228 5.00000E-01 5.00000E-01 2.00000E+00
 -1       229 7.50000E-01 5.00000E-01 2.00000E+00
 -1       230 5.00000E-01 7.50000E-01 2.00000E+00
 -1       231 5.00000E-01 5.00000E-01 2.50000E+00
 -1       232 5.00000E-01 2.50000E-01 3.00000E+00
 -1       233 2.50000E-01 5.00000E-01 3.00000E+00
 -1       234 5.00000E-01 5.00000E-01 3.00000E+00
 -1       235 7.50000E-01 5.00000E-01 3.00000E+00
 -1       236 5.00000E-01 7.50000E-01 3.00000E+00
 -1       237 5.00000E-01 5.00000E-01 3.50000E+00
 -1       238 5.00000E-01 2.50000E-01 4.00000E+00
 -1       239 2.50000E-01 5.00000E-01 4.00000E+00
 -1       240 5.00000E-01 5.00000E-01 4.00000E+00
 -1       241 7.50000E-01 5.00000E-01 4.00000E+00
 -1       242 5.00000E-01 7.50000E-01 4.00000E+00
 -1       243 5.00000E-01 5.00000E-01 4.50000E+00
 -1       244 5.00000E-01 2.50000E-01 5.00000E+00
 -1       245 2.50000E-01 5.00000E-01 5.00000E+00
 -1       246 5.00000E-01 5.00000E-01 5.00000E+00
 -1       247 7.50000E-01 5.00000E-01 5.00000E+00
 -1       248 5.00000E-01 7.50000E-01 5.00000E+00
 -1       249 5.00000E-01 5.00000E-01 5.50000E+00
 -1       250 5.00000E-01 2.50000E-01 6.00000E+00
 -1       251 2.50000E-01 5.00000E-01 6.00000E+00
 -1       252 5.00000E-01 5.00000E-01 6.00000E+00
 -1       253 7.50000E-01 5.00000E-01 6.00000E+00
 -1       254 5.00000E-01 7.50000E-01 6.00000E+00
 -1       255 5.00000E-01 5.00000E-01 6.50000E+00
 -1       256 5.00000E-01 2.50000E-01 7.00000E+00
 -1       257 2.50000E-01 5.00000E-01 7.00000E+00
 -1       258 5.00000E-01 5.00000E-01 7.00000E+00
 -1       259 7.50000E-01 5.00000E-01 7.00000E+00
 -1       260 5.00000E-01 7.50000E-01 7.00000E+00
 -1       261 5.00000E-01 5.00000E-01 7.50000E+00
 -3
    3C                                                                   1
 -1         1    4    0HY   
 -2         1        10        95        19        61       105       222       192         9        93
 -2        94        20        62       103       219       190       104       220       221       193
 -1         2    4    0HY   
 -2        10         2        13        95       105        34       134       222        11        12
 -2        96        93       103        33       132       219       106       133       223       220
 -1         3    4    0HY   
 -2        19        95        16         4       192       222       163        79        94        97
 -2        17        18       190       219       161        78       221       224       164       191
 -1         4    4    0HY   
 -2        95        13         3        16       222       134        64       163        96        14
 -2        15        97       219       132        63       161       223       135       162       224
 -1         5    4    0HY   
 -2        61       105       222       192        59       109       228       196       104       220
 -2       221       193        60       107       225       194       108       226       227       197
 -1         6    4    0HY   
 -2       105        34       134       222       109        36       138       228       106       133
 -2       223       220       107        35       136       225       110       137       229       226
 -1         7    4    0HY   
 -2       192       222       163        79       196       228       167        81       221       224
 -2       164       191       194       225       165        80       227       230       168       195
 -1         8    4    0HY   
 -2       222       134        64       163       228       138        66       167       223       135
 -2       162       224       225       136        65       165       229       139       166       230
 -1         9    4    0HY   
 -2        59       109       228       196        57       113       234       200       108       226
 -2       227       197        58       111       231       198       112       232       233       201
 -1        10    4    0HY   
 -2       109        36       138       228       113        38       142       234       110       137
 -2       229       226       111        37       140       231       114       141       235       232
 -1        11    4    0HY   
 -2       196       228       167        81       200       234       171        83       227       230
 -2       168       195       198       231       169        82       233       236       172       199
 -1        12    4    0HY   
 -2       228       138        66       167       234       142        68       171       229       139
 -2       166       230       231       140        67       169       235       143       170       236
 -1        13    4    0HY   
 -2        57       113       234       200        55       117       240       204       112       232
 -2       233       201        56       115       237       202       116       238       239       205
 -1        14    4    0HY   
 -2       113        38       142       234       117        40       146       240       114       141
 -2       235       232       115        39       144       237       118       145       241       238
 -1        15    4    0HY   
 -2       200       234       171        83       204       240       175        85       233       236
 -2       172       199       202       237       173        84       239       242       176       203
 -1        16    4    0HY   
 -2       234       142        68       171       240       146        70       175       235       143
 -2       170       236       237       144        69       173       241       147       174       242
 -1        17    4    0HY   
 -2        55       117       240       204        53       121       246       208       116       238
 -2       239       205        54       119       243       206       120       244       245       209
 -1        18    4    0HY   
 -2       117        40       146       240       121        42       150       246       118       145
 -2       241       238       119        41       148       243       122       149       247       244
 -1        19    4    0HY   
 -2       204       240       175        85       208       246       179        87       239       242
 -2       176       203       206       243       177        86       245       248       180       207
 -1        20    4    0HY   
 -2       240       146        70       175       246       150        72       179       241       147
 -2       174       242       243       148        71       177       247       151       178       248
 -1        21    4    0HY   
 -2        53       121       246       208        51       125       252       212       120       244
 -2       245       209        52       123       249       210       124       250       251       213
 -1        22    4    0HY   
 -2       121        42       150       246       125        44       154       252       122       149
 -2       247       244       123        43       152       249       126       153       253       250
 -1        23    4    0HY   
 -2       208       246       179        87       212       252       183        89       245       248
 -2       180       207       210       249       181        88       251       254       184       211
 -1        24    4    0HY   
 -2       246       150        72       179       252       154        74       183       247       151
 -2       178       248       249       152        73       181       253       155       182       254
 -1        25    4    0HY   
 -2        51       125       252       212        49       129       258       216       124       250
 -2       251       213        50       127       255       214       128       256       257       217
 -1        26    4    0HY   
 -2       125        44       154       252       129        46       158       258       126       153
 -2       253       250       127        45       156       255       130       157       259       256
 -1        27    4    0HY   
 -2       212       252       183        89       216       258       187        91       251       254
 -2       184       211       214       255       185        90       257       260       188       215
 -1        28    4    0HY   
 -2       252       154        74       183       258       158        76       187       253       155
 -2       182       254       255       156        75       185       259       159       186       260
 -1        29    4    0HY   
 -2        49       129       258       216         5        22       100        31       128       256
 -2       257       217        48       131       261       218        21        98        99        32
 -1        30    4    0HY   
 -2       129        46       158       258        22         6        25       100       130       157
 -2       259       256       131        47       160       261        23        24       101        98
 -1        31    4    0HY   
 -2       216       258       187        91        31       100        28         8       257       260
 -2       188       215       218       261       189        92        99       102        29        30
 -1        32    4    0HY   
 -2       258       158        76       187       100        25         7        28       259       159
 -2       186       260       261       160        77       189       101        26        27       102
 -3
    1PSTEP                         1                                                                                                
  100CL  101 1.000000000         261                     3    1           1                                                         
 -4  DISP        4    1                                                                                                             
 -5  D1          1    2    1    0                                                                                                   
 -5  D2          1    2    2    0                                                                                                   
 -5  D3          1    2    3    0                                                                                                   
 -5  ALL         1    2    0    0    1ALL                                                                                           
 -1         1 0.00000E+00 0.00000E+00 0.00000E+00
 -1         2-4.41139E-03 0.00000E+00 0.00000E+00
 -1         3-4.41139E-03-4.41139E-03 0.00000E+00
 -1         4-1.32099E-17-4.41139E-03 0.00000E+00
 -1         5 5.08357E-10 5.08429E-10 8.54987E-02
 -1         6-4.41139E-03 5.08429E-10 8.54987E-02
 -1         7-4.41139E-03-4.41139E-03 8.54987E-02
 -1         8 5.08357E-10-4.41139E-03 8.54987E-02
 -1         9-1.10285E-03 9.24007E-15 0.00000E+00
 -1        10-2.20569E-03 3.58275E-14 0.00000E+00
 -1        11-3.30854E-03 9.24022E-15 0.00000E+00
 -1        12-4.41139E-03-1.10285E-03 0.00000E+00
 -1        13-4.41139E-03-2.20569E-03 0.00000E+00
 -1        14-4.41139E-03-3.30854E-03 0.00000E+00
 -1        15-3.30854E-03-4.41139E-03 0.00000E+00
 -1        16-2.20569E-03-4.41139E-03 0.00000E+00
 -1        17-1.10285E-03-4.41139E-03 0.00000E+00
 -1        18 9.21927E-15-3.30854E-03 0.00000E+00
 -1        19 3.58042E-14-2.20569E-03 0.00000E+00
 -1        20 9.22695E-15-1.10285E-03 0.00000E+00
 -1        21-1.10285E-03 5.13390E-10 8.54987E-02
 -1        22-2.20569E-03 4.85040E-10 8.54987E-02
 -1        23-3.30854E-03 5.13390E-10 8.54987E-02
 -1        24-4.41139E-03-1.10285E-03 8.54987E-02
 -1        25-4.41139E-03-2.20569E-03 8.54987E-02
 -1        26-4.41139E-03-3.30854E-03 8.54987E-02
 -1        27-3.30854E-03-4.41139E-03 8.54987E-02
 -1        28-2.20569E-03-4.41139E-03 8.54987E-02
 -1        29-1.10285E-03-4.41139E-03 8.54987E-02
 -1        30 5.13375E-10-3.30854E-03 8.54987E-02
 -1        31 4.85070E-10-2.20569E-03 8.54987E-02
 -1        32 5.13375E-10-1.10285E-03 8.54987E-02
 -1        33-4.41139E-03-5.07924E-14 5.34367E-03
 -1        34-4.41139E-03-1.56384E-13 1.06873E-02
 -1        35-4.41139E-03-3.13293E-14 1.60310E-02
 -1        36-4.41139E-03 8.87554E-14 2.13747E-02
 -1        37-4.41139E-03 9.19316E-14 2.67184E-02
 -1        38-4.41139E-03-7.77575E-13 3.20620E-02
 -1        39-4.41139E-03-4.75681E-13 3.74057E-02
 -1        40-4.41139E-03 4.88887E-13 4.27494E-02
 -1        41-4.41139E-03 3.12048E-12 4.80930E-02
 -1        42-4.41139E-03-6.08484E-12 5.34367E-02
 -1        43-4.41139E-03-8.13213E-12 5.87804E-02
 -1        44-4.41139E-03-9.01820E-13 6.41241E-02
 -1        45-4.41139E-03 4.92421E-11 6.94677E-02
 -1        46-4.41139E-03-4.38404E-11 7.48114E-02
 -1        47-4.41139E-03-1.19417E-10 8.01551E-02
 -1        48-1.19391E-10-1.19417E-10 8.01551E-02
 -1        49-4.38564E-11-4.38404E-11 7.48114E-02
 -1        50 4.92432E-11 4.92420E-11 6.94677E-02
 -1        51-8.98309E-13-9.01803E-13 6.41241E-02
 -1        52-8.13587E-12-8.13213E-12 5.87804E-02
 -1        53-6.08265E-12-6.08484E-12 5.34367E-02
 -1        54 3.12072E-12 3.12049E-12 4.80930E-02
 -1        55 4.89521E-13 4.88877E-13 4.27494E-02
 -1        56-4.75931E-13-4.75677E-13 3.74057E-02
 -1        57-7.77412E-13-7.77580E-13 3.20620E-02
 -1        58 9.19948E-14 9.19307E-14 2.67184E-02
 -1        59 8.87841E-14 8.87441E-14 2.13747E-02
 -1        60-3.13706E-14-3.13341E-14 1.60310E-02
 -1        61-1.56383E-13-1.56385E-13 1.06873E-02
 -1        62-5.08010E-14-5.07912E-14 5.34367E-03
 -1        63-4.41139E-03-4.41139E-03 5.34367E-03
 -1        64-4.41139E-03-4.41139E-03 1.06873E-02
 -1        65-4.41139E-03-4.41139E-03 1.60310E-02
 -1        66-4.41139E-03-4.41139E-03 2.13747E-02
 -1        67-4.41139E-03-4.41139E-03 2.67184E-02
 -1        68-4.41139E-03-4.41139E-03 3.20620E-02
 -1        69-4.41139E-03-4.41139E-03 3.74057E-02
 -1        70-4.41139E-03-4.41139E-03 4.27494E-02
 -1        71-4.41139E-03-4.41139E-03 4.80930E-02
 -1        72-4.41139E-03-4.41139E-03 5.34367E-02
 -1        73-4.41139E-03-4.41139E-03 5.87804E-02
 -1        74-4.41139E-03-4.41139E-03 6.41241E-02
 -1        75-4.41139E-03-4.41139E-03 6.94677E-02
 -1        76-4.41139E-03-4.41139E-03 7.48114E-02
 -1        77-4.41139E-03-4.41139E-03 8.01551E-02
 -1        78-5.08111E-14-4.41139E-03 5.34367E-03
 -1        79-1.56393E-13-4.41139E-03 1.06873E-02
 -1        80-3.13771E-14-4.41139E-03 1.60310E-02
 -1        81 8.87837E-14-4.41139E-03 2.13747E-02
 -1        82 9.19890E-14-4.41139E-03 2.67184E-02
 -1        83-7.77423E-13-4.41139E-03 3.20620E-02
 -1        84-4.75948E-13-4.41139E-03 3.74057E-02
 -1        85 4.89513E-13-4.41139E-03 4.27494E-02
 -1        86 3.12071E-12-4.41139E-03 4.80930E-02
 -1        87-6.08264E-12-4.41139E-03 5.34367E-02
 -1        88-8.13585E-12-4.41139E-03 5.87804E-02
 -1        89-8.98316E-13-4.41139E-03 6.41241E-02
 -1        90 4.92432E-11-4.41139E-03 6.94677E-02
 -1        91-4.38564E-11-4.41139E-03 7.48114E-02
 -1        92-1.19391E-10-4.41139E-03 8.01551E-02
 -1        93-2.20569E-03-1.10285E-03 0.00000E+00
 -1        94-1.10285E-03-2.20569E-03 0.00000E+00
 -1        95-2.20569E-03-2.20569E-03 0.00000E+00
 -1        96-3.30854E-03-2.20569E-03 0.00000E+00
 -1        97-2.20569E-03-3.30854E-03 0.00000E+00
 -1        98-2.20569E-03-1.10285E-03 8.54987E-02
 -1        99-1.10285E-03-2.20569E-03 8.54987E-02
 -1       100-2.20569E-03-2.20569E-03 8.54987E-02
 -1       101-3.30854E-03-2.20569E-03 8.54987E-02
 -1       102-2.20569E-03-3.30854E-03 8.54987E-02
 -1       103-2.20569E-03-4.78033E-14 5.34367E-03
 -1       104-1.10285E-03-1.40578E-13 1.06873E-02
 -1       105-2.20569E-03-1.46931E-13 1.06873E-02
 -1       106-3.30854E-03-1.40575E-13 1.06873E-02
 -1       107-2.20569E-03-9.87907E-14 1.60310E-02
 -1       108-1.10285E-03 1.48011E-13 2.13747E-02
 -1       109-2.20569E-03 2.45569E-13 2.13747E-02
 -1       110-3.30854E-03 1.48014E-13 2.13747E-02
 -1       111-2.20569E-03 1.21912E-13 2.67184E-02
 -1       112-1.10285E-03-6.05453E-13 3.20620E-02
 -1       113-2.20569E-03-4.92745E-13 3.20620E-02
 -1       114-3.30854E-03-6.05447E-13 3.20620E-02
 -1       115-2.20569E-03-1.01300E-12 3.74057E-02
 -1       116-1.10285E-03 1.21864E-12 4.27494E-02
 -1       117-2.20569E-03 2.01430E-12 4.27494E-02
 -1       118-3.30854E-03 1.21865E-12 4.27494E-02
 -1       119-2.20569E-03 2.67742E-12 4.80930E-02
 -1       120-1.10285E-03-3.99480E-12 5.34367E-02
 -1       121-2.20569E-03-1.78206E-12 5.34367E-02
 -1       122-3.30854E-03-3.99481E-12 5.34367E-02
 -1       123-2.20569E-03-1.25347E-11 5.87804E-02
 -1       124-1.10285E-03 7.63162E-12 6.41241E-02
 -1       125-2.20569E-03 1.52830E-11 6.41241E-02
 -1       126-3.30854E-03 7.63162E-12 6.41241E-02
 -1       127-2.20569E-03 3.87125E-11 6.94677E-02
 -1       128-1.10285E-03-9.05875E-12 7.48114E-02
 -1       129-2.20569E-03 2.98813E-11 7.48114E-02
 -1       130-3.30854E-03-9.05874E-12 7.48114E-02
 -1       131-2.20569E-03-2.11850E-10 8.01551E-02
 -1       132-4.41139E-03-2.20569E-03 5.34367E-03
 -1       133-4.41139E-03-1.10285E-03 1.06873E-02
 -1       134-4.41139E-03-2.20569E-03 1.06873E-02
 -1       135-4.41139E-03-3.30854E-03 1.06873E-02
 -1       136-4.41139E-03-2.20569E-03 1.60310E-02
 -1       137-4.41139E-03-1.10285E-03 2.13747E-02
 -1       138-4.41139E-03-2.20569E-03 2.13747E-02
 -1       139-4.41139E-03-3.30854E-03 2.13747E-02
 -1       140-4.41139E-03-2.20569E-03 2.67184E-02
 -1       141-4.41139E-03-1.10285E-03 3.20620E-02
 -1       142-4.41139E-03-2.20569E-03 3.20620E-02
 -1       143-4.41139E-03-3.30854E-03 3.20620E-02
 -1       144-4.41139E-03-2.20569E-03 3.74057E-02
 -1       145-4.41139E-03-1.10285E-03 4.27494E-02
 -1       146-4.41139E-03-2.20569E-03 4.27494E-02
 -1       147-4.41139E-03-3.30854E-03 4.27494E-02
 -1       148-4.41139E-03-2.20569E-03 4.80930E-02
 -1       149-4.41139E-03-1.10285E-03 5.34367E-02
 -1       150-4.41139E-03-2.20569E-03 5.34367E-02
 -1       151-4.41139E-03-3.30854E-03 5.34367E-02
 -1       152-4.41139E-03-2.20569E-03 5.87804E-02
 -1       153-4.41139E-03-1.10285E-03 6.41241E-02
 -1       154-4.41139E-03-2.20569E-03 6.41241E-02
 -1       155-4.41139E-03-3.30854E-03 6.41241E-02
 -1       156-4.41139E-03-2.20569E-03 6.94677E-02
 -1       157-4.41139E-03-1.10285E-03 7.48114E-02
 -1       158-4.41139E-03-2.20569E-03 7.48114E-02
 -1       159-4.41139E-03-3.30854E-03 7.48114E-02
 -1       160-4.41139E-03-2.20569E-03 8.01551E-02
 -1       161-2.20569E-03-4.41139E-03 5.34367E-03
 -1       162-3.30854E-03-4.41139E-03 1.06873E-02
 -1       163-2.20569E-03-4.41139E-03 1.06873E-02
 -1       164-1.10285E-03-4.41139E-03 1.06873E-02
 -1       165-2.20569E-03-4.41139E-03 1.60310E-02
 -1       166-3.30854E-03-4.41139E-03 2.13747E-02
 -1       167-2.20569E-03-4.41139E-03 2.13747E-02
 -1       168-1.10285E-03-4.41139E-03 2.13747E-02
 -1       169-2.20569E-03-4.41139E-03 2.67184E-02
 -1       170-3.30854E-03-4.41139E-03 3.20620E-02
 -1       171-2.20569E-03-4.41139E-03 3.20620E-02
 -1       172-1.10285E-03-4.41139E-03 3.20620E-02
 -1       173-2.20569E-03-4.41139E-03 3.74057E-02
 -1       174-3.30854E-03-4.41139E-03 4.27494E-02
 -1       175-2.20569E-03-4.41139E-03 4.27494E-02
 -1       176-1.10285E-03-4.41139E-03 4.27494E-02
 -1       177-2.20569E-03-4.41139E-03 4.80930E-02
 -1       178-3.30854E-03-4.41139E-03 5.34367E-02
 -1       179-2.20569E-03-4.41139E-03 5.34367E-02
 -1       180-1.10285E-03-4.41139E-03 5.34367E-02
 -1       181-2.20569E-03-4.41139E-03 5.87804E-02
 -1       182-3.30854E-03-4.41139E-03 6.41241E-02
 -1       183-2.20569E-03-4.41139E-03 6.41241E-02
 -1       184-1.10285E-03-4.41139E-03 6.41241E-02
 -1       185-2.20569E-03-4.41139E-03 6.94677E-02
 -1       186-3.30854E-03-4.41139E-03 7.48114E-02
 -1       187-2.20569E-03-4.41139E-03 7.48114E-02
 -1       188-1.10285E-03-4.41139E-03 7.48114E-02
 -1       189-2.20569E-03-4.41139E-03 8.01551E-02
 -1       190-4.78138E-14-2.20569E-03 5.34367E-03
 -1       191-1.40604E-13-3.30854E-03 1.06873E-02
 -1       192-1.46979E-13-2.20569E-03 1.06873E-02
 -1       193-1.40599E-13-1.10285E-03 1.06873E-02
 -1       194-9.87811E-14-2.20569E-03 1.60310E-02
 -1       195 1.48001E-13-3.30854E-03 2.13747E-02
 -1       196 2.45514E-13-2.20569E-03 2.13747E-02
 -1       197 1.48002E-13-1.10285E-03 2.13747E-02
 -1       198 1.21988E-13-2.20569E-03 2.67184E-02
 -1       199-6.05522E-13-3.30854E-03 3.20620E-02
 -1       200-4.93021E-13-2.20569E-03 3.20620E-02
 -1       201-6.05516E-13-1.10285E-03 3.20620E-02
 -1       202-1.01282E-12-2.20569E-03 3.74057E-02
 -1       203 1.21869E-12-3.30854E-03 4.27494E-02
 -1       204 2.01365E-12-2.20569E-03 4.27494E-02
 -1       205 1.21869E-12-1.10285E-03 4.27494E-02
 -1       206 2.67834E-12-2.20569E-03 4.80930E-02
 -1       207-3.99528E-12-3.30854E-03 5.34367E-02
 -1       208-1.78465E-12-2.20569E-03 5.34367E-02
 -1       209-3.99529E-12-1.10285E-03 5.34367E-02
 -1       210-1.25338E-11-2.20569E-03 5.87804E-02
 -1       211 7.63231E-12-3.30854E-03 6.41241E-02
 -1       212 1.52783E-11-2.20569E-03 6.41241E-02
 -1       213 7.63233E-12-1.10285E-03 6.41241E-02
 -1       214 3.87190E-11-2.20569E-03 6.94677E-02
 -1       215-9.07368E-12-3.30854E-03 7.48114E-02
 -1       216 2.98759E-11-2.20569E-03 7.48114E-02
 -1       217-9.07368E-12-1.10285E-03 7.48114E-02
 -1       218-2.11859E-10-2.20569E-03 8.01551E-02
 -1       219-2.20569E-03-2.20569E-03 5.34367E-03
 -1       220-2.20569E-03-1.10285E-03 1.06873E-02
 -1       221-1.10285E-03-2.20569E-03 1.06873E-02
 -1       222-2.20569E-03-2.20569E-03 1.06873E-02
 -1       223-3.30854E-03-2.20569E-03 1.06873E-02
 -1       224-2.20569E-03-3.30854E-03 1.06873E-02
 -1       225-2.20569E-03-2.20569E-03 1.60310E-02
 -1       226-2.20569E-03-1.10285E-03 2.13747E-02
 -1       227-1.10285E-03-2.20569E-03 2.13747E-02
 -1       228-2.20569E-03-2.20569E-03 2.13747E-02
 -1       229-3.30854E-03-2.20569E-03 2.13747E-02
 -1       230-2.20569E-03-3.30854E-03 2.13747E-02
 -1       231-2.20569E-03-2.20569E-03 2.67184E-02
 -1       232-2.20569E-03-1.10285E-03 3.20620E-02
 -1       233-1.10285E-03-2.20569E-03 3.20620E-02
 -1       234-2.20569E-03-2.20569E-03 3.20620E-02
 -1       235-3.30854E-03-2.20569E-03 3.20620E-02
 -1       236-2.20569E-03-3.30854E-03 3.20620E-02
 -1       237-2.20569E-03-2.20569E-03 3.74057E-02
 -1       238-2.20569E-03-1.10285E-03 4.27494E-02
 -1       239-1.10285E-03-2.20569E-03 4.27494E-02
 -1       240-2.20569E-03-2.20569E-03 4.27494E-02
 -1       241-3.30854E-03-2.20569E-03 4.27494E-02
 -1       242-2.20569E-03-3.30854E-03 4.27494E-02
 -1       243-2.20569E-03-2.20569E-03 4.80930E-02
 -1       244-2.20569E-03-1.10285E-03 5.34367E-02
 -1       245-1.10285E-03-2.20569E-03 5.34367E-02
 -1       246-2.20569E-03-2.20569E-03 5.34367E-02
 -1       247-3.30854E-03-2.20569E-03 5.34367E-02
 -1       248-2.20569E-03-3.30854E-03 5.34367E-02
 -1       249-2.20569E-03-2.20569E-03 5.87804E-02
 -1       250-2.20569E-03-1.10285E-03 6.41241E-02
 -1       251-1.10285E-03-2.20569E-03 6.41241E-02
 -1       252-2.20569E-03-2.20569E-03 6.41241E-02
 -1       253-3.30854E-03-2.20569E-03 6.41241E-02
 -1       254-2.20569E-03-3.30854E-03 6.41241E-02
 -1       255-2.20569E-03-2.20569E-03 6.94677E-02
 -1       256-2.20569E-03-1.10285E-03 7.48114E-02
 -1       257-1.10285E-03-2.20569E-03 7.48114E-02
 -1       258-2.20569E-03-2.20569E-03 7.48114E-02
 -1       259-3.30854E-03-2.20569E-03 7.48114E-02
 -1       260-2.20569E-03-3.30854E-03 7.48114E-02
 -1       261-2.20569E-03-2.20569E-03 8.01551E-02
 -3
    1PSTEP                         2                                                                                                
  100CL  101 1.000000000         261                     3    1           1                                                         
 -4  STRESS      6    1                                                                                                             
 -5  SXX         1    4    1    1                                                                                                   
 -5  SYY         1    4    2    2                                                                                                   
 -5  SZZ         1    4    3    3                                                                                                   
 -5  SXY         1    4    1    2                                                                                                   
 -5  SYZ         1    4    2    3                                                                                                   
 -5  SZX         1    4    3    1                                                                                                   
 -1         1-1.91168E-01-1.91168E-01 9.72264E+02-5.01077E-09 7.41220E-09 7.40988E-09
 -1         2-1.91168E-01-1.91168E-01 9.72264E+02 5.01109E-09 7.41218E-09-7.40914E-09
 -1         3-1.91168E-01-1.91168E-01 9.72264E+02-5.01099E-09-7.41202E-09-7.40921E-09
 -1         4-1.91168E-01-1.91168E-01 9.72264E+02 5.01137E-09-7.41168E-09 7.40997E-09
 -1         5-1.91189E-01-1.91189E-01 9.72264E+02-8.46816E-06-3.82251E-05-3.82119E-05
 -1         6-1.91189E-01-1.91189E-01 9.72264E+02 8.46816E-06-3.82251E-05 3.82119E-05
 -1         7-1.91189E-01-1.91189E-01 9.72264E+02-8.46816E-06 3.82251E-05 3.82119E-05
 -1         8-1.91189E-01-1.91189E-01 9.72264E+02 8.46816E-06 3.82251E-05-3.82119E-05
 -1         9-1.91168E-01-1.91168E-01 9.72264E+02-2.33086E-09 1.83426E-09 7.93951E-09
 -1        10-1.91168E-01-1.91168E-01 9.72264E+02-2.02087E-13-3.74371E-09 2.34389E-14
 -1        11-1.91168E-01-1.91168E-01 9.72264E+02 2.33082E-09 1.83423E-09-7.93912E-09
 -1        12-1.91168E-01-1.91168E-01 9.72264E+02 2.33042E-09 7.94130E-09-1.83367E-09
 -1        13-1.91168E-01-1.91168E-01 9.72264E+02 2.84150E-14 1.58571E-13 3.74162E-09
 -1        14-1.91168E-01-1.91168E-01 9.72264E+02-2.33034E-09-7.94106E-09-1.83388E-09
 -1        15-1.91168E-01-1.91168E-01 9.72264E+02-2.33081E-09-1.83420E-09-7.93920E-09
 -1        16-1.91168E-01-1.91168E-01 9.72264E+02-1.50376E-13 3.74341E-09-4.16484E-13
 -1        17-1.91168E-01-1.91168E-01 9.72264E+02 2.33085E-09-1.83424E-09 7.93916E-09
 -1        18-1.91168E-01-1.91168E-01 9.72264E+02 2.33041E-09-7.94105E-09 1.83387E-09
 -1        19-1.91168E-01-1.91168E-01 9.72264E+02-3.15540E-13-1.08648E-13-3.74216E-09
 -1        20-1.91168E-01-1.91168E-01 9.72264E+02-2.33042E-09 7.94120E-09 1.83390E-09
 -1        21-1.91144E-01-1.91177E-01 9.72264E+02-1.17008E-05-2.29399E-05 1.01693E-05
 -1        22-1.91098E-01-1.91164E-01 9.72264E+02-4.09163E-13-7.65477E-06-2.54684E-12
 -1        23-1.91144E-01-1.91177E-01 9.72264E+02 1.17008E-05-2.29399E-05-1.01693E-05
 -1        24-1.91177E-01-1.91144E-01 9.72264E+02 1.17003E-05 1.01729E-05 2.29313E-05
 -1        25-1.91164E-01-1.91098E-01 9.72264E+02-5.31881E-13-4.64384E-12 7.65063E-06
 -1        26-1.91177E-01-1.91144E-01 9.72264E+02-1.17003E-05-1.01729E-05 2.29313E-05
 -1        27-1.91144E-01-1.91177E-01 9.72264E+02-1.17008E-05 2.29399E-05-1.01693E-05
 -1        28-1.91098E-01-1.91164E-01 9.72264E+02 3.20865E-13 7.65476E-06 2.83102E-12
 -1        29-1.91144E-01-1.91177E-01 9.72264E+02 1.17008E-05 2.29399E-05 1.01693E-05
 -1        30-1.91177E-01-1.91144E-01 9.72264E+02 1.17003E-05-1.01729E-05-2.29313E-05
 -1        31-1.91164E-01-1.91098E-01 9.72264E+02-4.21234E-13 1.21309E-12-7.65063E-06
 -1        32-1.91177E-01-1.91144E-01 9.72264E+02-1.17003E-05 1.01729E-05-2.29313E-05
 -1        33-1.91168E-01-1.91168E-01 9.72264E+02-2.65325E-09 6.79658E-09-6.79575E-09
 -1        34-1.91168E-01-1.91168E-01 9.72264E+02-4.56866E-09 2.40139E-09-2.40018E-09
 -1        35-1.91168E-01-1.91168E-01 9.72264E+02 7.34418E-09-2.10211E-08 2.10181E-08
 -1        36-1.91168E-01-1.91168E-01 9.72264E+02 1.52721E-08-7.26798E-09 7.26653E-09
 -1        37-1.91168E-01-1.91168E-01 9.72264E+02-2.29880E-08 6.12393E-08-6.12313E-08
 -1        38-1.91168E-01-1.91168E-01 9.72264E+02-8.06680E-09 8.98140E-08-8.97706E-08
 -1        39-1.91167E-01-1.91167E-01 9.72264E+02 2.81221E-08-2.36941E-07 2.36889E-07
 -1        40-1.91167E-01-1.91167E-01 9.72264E+02 9.34058E-08-2.38417E-07 2.38364E-07
 -1        41-1.91169E-01-1.91169E-01 9.72264E+02-1.15587E-07 6.76469E-07-6.76363E-07
 -1        42-1.91169E-01-1.91169E-01 9.72264E+02 8.70128E-08 1.40233E-06-1.40175E-06
 -1        43-1.91164E-01-1.91164E-01 9.72264E+02-3.14706E-08-2.60984E-06 2.60920E-06
 -1        44-1.91164E-01-1.91164E-01 9.72264E+02 1.14805E-06-3.67033E-06 3.66826E-06
 -1        45-1.91177E-01-1.91177E-01 9.72264E+02-9.03911E-07 7.79891E-06-7.79590E-06
 -1        46-1.91159E-01-1.91159E-01 9.72264E+02-2.01947E-06 8.31867E-06-8.31576E-06
 -1        47-1.91161E-01-1.91161E-01 9.72264E+02 4.58936E-06-1.88873E-05 1.88797E-05
 -1        48-1.91161E-01-1.91161E-01 9.72264E+02-4.58936E-06-1.88873E-05-1.88797E-05
 -1        49-1.91159E-01-1.91159E-01 9.72264E+02 2.01947E-06 8.31867E-06 8.31575E-06
 -1        50-1.91177E-01-1.91177E-01 9.72264E+02 9.03911E-07 7.79890E-06 7.79589E-06
 -1        51-1.91164E-01-1.91164E-01 9.72264E+02-1.14805E-06-3.67034E-06-3.66825E-06
 -1        52-1.91164E-01-1.91164E-01 9.72264E+02 3.14707E-08-2.60985E-06-2.60920E-06
 -1        53-1.91169E-01-1.91169E-01 9.72264E+02-8.70121E-08 1.40232E-06 1.40175E-06
 -1        54-1.91169E-01-1.91169E-01 9.72264E+02 1.15588E-07 6.76471E-07 6.76362E-07
 -1        55-1.91167E-01-1.91167E-01 9.72264E+02-9.34060E-08-2.38419E-07-2.38370E-07
 -1        56-1.91167E-01-1.91167E-01 9.72264E+02-2.81224E-08-2.36944E-07-2.36890E-07
 -1        57-1.91168E-01-1.91168E-01 9.72264E+02 8.06695E-09 8.98149E-08 8.97729E-08
 -1        58-1.91168E-01-1.91168E-01 9.72264E+02 2.29876E-08 6.12403E-08 6.12327E-08
 -1        59-1.91168E-01-1.91168E-01 9.72264E+02-1.52725E-08-7.26549E-09-7.26525E-09
 -1        60-1.91168E-01-1.91168E-01 9.72264E+02-7.34418E-09-2.10212E-08-2.10178E-08
 -1        61-1.91168E-01-1.91168E-01 9.72264E+02 4.56850E-09 2.40095E-09 2.39943E-09
 -1        62-1.91168E-01-1.91168E-01 9.72264E+02 2.65330E-09 6.79632E-09 6.79571E-09
 -1        63-1.91168E-01-1.91168E-01 9.72264E+02 2.65329E-09-6.79662E-09-6.79582E-09
 -1        64-1.91168E-01-1.91168E-01 9.72264E+02 4.56862E-09-2.40123E-09-2.39928E-09
 -1        65-1.91168E-01-1.91168E-01 9.72264E+02-7.34404E-09 2.10224E-08 2.10179E-08
 -1        66-1.91168E-01-1.91168E-01 9.72264E+02-1.52724E-08 7.26977E-09 7.26605E-09
 -1        67-1.91168E-01-1.91168E-01 9.72264E+02 2.29875E-08-6.12388E-08-6.12328E-08
 -1        68-1.91168E-01-1.91168E-01 9.72264E+02 8.06683E-09-8.98172E-08-8.97745E-08
 -1        69-1.91167E-01-1.91167E-01 9.72264E+02-2.81217E-08 2.36943E-07 2.36889E-07
 -1        70-1.91167E-01-1.91167E-01 9.72264E+02-9.34063E-08 2.38422E-07 2.38368E-07
 -1        71-1.91169E-01-1.91169E-01 9.72264E+02 1.15587E-07-6.76467E-07-6.76359E-07
 -1        72-1.91169E-01-1.91169E-01 9.72264E+02-8.70116E-08-1.40232E-06-1.40175E-06
 -1        73-1.91164E-01-1.91164E-01 9.72264E+02 3.14703E-08 2.60985E-06 2.60920E-06
 -1        74-1.91164E-01-1.91164E-01 9.72264E+02-1.14805E-06 3.67033E-06 3.66826E-06
 -1        75-1.91177E-01-1.91177E-01 9.72264E+02 9.03911E-07-7.79891E-06-7.79589E-06
 -1        76-1.91159E-01-1.91159E-01 9.72264E+02 2.01947E-06-8.31867E-06-8.31575E-06
 -1        77-1.91161E-01-1.91161E-01 9.72264E+02-4.58936E-06 1.88873E-05 1.88797E-05
 -1        78-1.91168E-01-1.91168E-01 9.72264E+02-2.65340E-09-6.79607E-09 6.79552E-09
 -1        79-1.91168E-01-1.91168E-01 9.72264E+02-4.56922E-09-2.40145E-09 2.39945E-09
 -1        80-1.91168E-01-1.91168E-01 9.72264E+02 7.34405E-09 2.10221E-08-2.10180E-08
 -1        81-1.91168E-01-1.91168E-01 9.72264E+02 1.52727E-08 7.26831E-09-7.26562E-09
 -1        82-1.91168E-01-1.91168E-01 9.72264E+02-2.29874E-08-6.12411E-08 6.12338E-08
 -1        83-1.91168E-01-1.91168E-01 9.72264E+02-8.06679E-09-8.98159E-08 8.97732E-08
 -1        84-1.91167E-01-1.91167E-01 9.72264E+02 2.81223E-08 2.36944E-07-2.36889E-07
 -1        85-1.91167E-01-1.91167E-01 9.72264E+02 9.34065E-08 2.38421E-07-2.38368E-07
 -1        86-1.91169E-01-1.91169E-01 9.72264E+02-1.15588E-07-6.76470E-07 6.76362E-07
 -1        87-1.91169E-01-1.91169E-01 9.72264E+02 8.70118E-08-1.40232E-06 1.40175E-06
 -1        88-1.91164E-01-1.91164E-01 9.72264E+02-3.14704E-08 2.60985E-06-2.60920E-06
 -1        89-1.91164E-01-1.91164E-01 9.72264E+02 1.14805E-06 3.67033E-06-3.66825E-06
 -1        90-1.91177E-01-1.91177E-01 9.72264E+02-9.03911E-07-7.79891E-06 7.79590E-06
 -1        91-1.91159E-01-1.91159E-01 9.72264E+02-2.01947E-06-8.31867E-06 8.31575E-06
 -1        92-1.91161E-01-1.91161E-01 9.72264E+02 4.58936E-06 1.88873E-05-1.88797E-05
 -1        93-1.91168E-01-1.91168E-01 9.72264E+02-5.03597E-14-1.56267E-09 6.05776E-14
 -1        94-1.91168E-01-1.91168E-01 9.72264E+02-1.42367E-13-7.39950E-14-1.56222E-09
 -1        95-1.91168E-01-1.91168E-01 9.72264E+02-1.30657E-13-3.22611E-14 1.37097E-13
 -1        96-1.91168E-01-1.91168E-01 9.72264E+02-1.31852E-13 6.66955E-14 1.56209E-09
 -1        97-1.91168E-01-1.91168E-01 9.72264E+02-2.56528E-13 1.56249E-09-1.20003E-13
 -1        98-1.91183E-01-1.91216E-01 9.72264E+02-3.20735E-13-1.43026E-05-2.44733E-12
 -1        99-1.91216E-01-1.91183E-01 9.72264E+02-9.32505E-14 4.07383E-12-1.42989E-05
 -1       100-1.91268E-01-1.91268E-01 9.72264E+02 2.83847E-13 6.50110E-12-4.24275E-12
 -1       101-1.91216E-01-1.91183E-01 9.72264E+02-9.94600E-14 7.11901E-13 1.42989E-05
 -1       102-1.91183E-01-1.91216E-01 9.72264E+02 5.60433E-13 1.43026E-05-1.65333E-12
 -1       103-1.91168E-01-1.91168E-01 9.72264E+02-1.05232E-13 4.02573E-10 1.34824E-13
 -1       104-1.91168E-01-1.91168E-01 9.72264E+02 1.74617E-09 2.61160E-09-7.52526E-09
 -1       105-1.91168E-01-1.91168E-01 9.72264E+02-6.88405E-14 2.82174E-09 7.28937E-14
 -1       106-1.91168E-01-1.91168E-01 9.72264E+02-1.74632E-09 2.61131E-09 7.52495E-09
 -1       107-1.91168E-01-1.91168E-01 9.72264E+02-7.16738E-14-3.29579E-09 6.34672E-13
 -1       108-1.91168E-01-1.91168E-01 9.72264E+02-9.12268E-09-1.48187E-08 2.63660E-08
 -1       109-1.91168E-01-1.91168E-01 9.72264E+02 1.08359E-13-2.23712E-08 4.32610E-13
 -1       110-1.91168E-01-1.91168E-01 9.72264E+02 9.12262E-09-1.48192E-08-2.63649E-08
 -1       111-1.91168E-01-1.91168E-01 9.72264E+02 6.10152E-14 2.61782E-08 4.13548E-13
 -1       112-1.91168E-01-1.91168E-01 9.72264E+02 4.87278E-09 6.88286E-08-5.04610E-08
 -1       113-1.91167E-01-1.91167E-01 9.72264E+02-1.42264E-13 4.78429E-08-6.82286E-14
 -1       114-1.91168E-01-1.91168E-01 9.72264E+02-4.87285E-09 6.88287E-08 5.04620E-08
 -1       115-1.91168E-01-1.91168E-01 9.72264E+02 7.35192E-14-6.94675E-08-9.35839E-14
 -1       116-1.91168E-01-1.91168E-01 9.72264E+02-7.79497E-08-2.59822E-07 1.81070E-07
 -1       117-1.91168E-01-1.91168E-01 9.72264E+02 1.07450E-14-2.81226E-07 1.83798E-12
 -1       118-1.91168E-01-1.91168E-01 9.72264E+02 7.79496E-08-2.59822E-07-1.81071E-07
 -1       119-1.91167E-01-1.91167E-01 9.72264E+02-4.06215E-13 3.39488E-07 6.23322E-13
 -1       120-1.91167E-01-1.91167E-01 9.72264E+02-6.78725E-09 9.64549E-07-2.55854E-07
 -1       121-1.91166E-01-1.91166E-01 9.72264E+02-1.83512E-13 5.26774E-07 8.03694E-13
 -1       122-1.91167E-01-1.91167E-01 9.72264E+02 6.78746E-09 9.64550E-07 2.55854E-07
 -1       123-1.91169E-01-1.91170E-01 9.72264E+02 7.80401E-14-7.71111E-07-4.63949E-13
 -1       124-1.91168E-01-1.91168E-01 9.72264E+02-1.08555E-06-3.36160E-06 9.65145E-07
 -1       125-1.91171E-01-1.91172E-01 9.72264E+02 3.96433E-13-3.05286E-06-3.17914E-12
 -1       126-1.91168E-01-1.91168E-01 9.72264E+02 1.08555E-06-3.36160E-06-9.65145E-07
 -1       127-1.91166E-01-1.91163E-01 9.72264E+02 4.78773E-14 3.68944E-06 8.65172E-13
 -1       128-1.91167E-01-1.91163E-01 9.72264E+02 2.31452E-06 4.55881E-06-4.49412E-06
 -1       129-1.91175E-01-1.91168E-01 9.72264E+02-3.42683E-13 7.98944E-07 1.98891E-12
 -1       130-1.91167E-01-1.91163E-01 9.72264E+02-2.31452E-06 4.55881E-06 4.49412E-06
 -1       131-1.91143E-01-1.91171E-01 9.72264E+02-2.04719E-13-9.02097E-06-1.48698E-12
 -1       132-1.91168E-01-1.91168E-01 9.72264E+02 4.07610E-14 5.82133E-14-4.01834E-10
 -1       133-1.91168E-01-1.91168E-01 9.72264E+02-1.74630E-09-7.52530E-09-2.61207E-09
 -1       134-1.91168E-01-1.91168E-01 9.72264E+02 4.57789E-14-1.12701E-14-2.82396E-09
 -1       135-1.91168E-01-1.91168E-01 9.72264E+02 1.74633E-09 7.52537E-09-2.61162E-09
 -1       136-1.91168E-01-1.91168E-01 9.72264E+02-6.61912E-14 5.73070E-14 3.29588E-09
 -1       137-1.91168E-01-1.91168E-01 9.72264E+02 9.12106E-09 2.63707E-08 1.48175E-08
 -1       138-1.91168E-01-1.91168E-01 9.72264E+02-5.38748E-14 1.85371E-13 2.23683E-08
 -1       139-1.91168E-01-1.91168E-01 9.72264E+02-9.12123E-09-2.63696E-08 1.48170E-08
 -1       140-1.91168E-01-1.91168E-01 9.72264E+02 8.97225E-14 1.06715E-12-2.61741E-08
 -1       141-1.91168E-01-1.91168E-01 9.72264E+02-4.87687E-09-5.04584E-08-6.88223E-08
 -1       142-1.91167E-01-1.91167E-01 9.72264E+02 2.09232E-13 1.73079E-12-4.78744E-08
 -1       143-1.91168E-01-1.91168E-01 9.72264E+02 4.87709E-09 5.04585E-08-6.88246E-08
 -1       144-1.91168E-01-1.91168E-01 9.72264E+02 1.42726E-14 1.13475E-13 6.94840E-08
 -1       145-1.91168E-01-1.91168E-01 9.72264E+02 7.79435E-08 1.81113E-07 2.59782E-07
 -1       146-1.91168E-01-1.91168E-01 9.72264E+02-4.62018E-13-7.88638E-13 2.81199E-07
 -1       147-1.91168E-01-1.91168E-01 9.72264E+02-7.79441E-08-1.81111E-07 2.59783E-07
 -1       148-1.91167E-01-1.91167E-01 9.72264E+02-6.49111E-13-1.46309E-12-3.39442E-07
 -1       149-1.91167E-01-1.91167E-01 9.72264E+02 6.74445E-09-2.55818E-07-9.64383E-07
 -1       150-1.91166E-01-1.91166E-01 9.72264E+02-2.19476E-13-3.52277E-12-5.27013E-07
 -1       151-1.91167E-01-1.91167E-01 9.72264E+02-6.74403E-09 2.55817E-07-9.64381E-07
 -1       152-1.91170E-01-1.91169E-01 9.72264E+02 2.75673E-13-4.34005E-13 7.71226E-07
 -1       153-1.91168E-01-1.91168E-01 9.72264E+02 1.08583E-06 9.64936E-07 3.36051E-06
 -1       154-1.91172E-01-1.91171E-01 9.72264E+02 4.56799E-13-1.00191E-13 3.05277E-06
 -1       155-1.91168E-01-1.91168E-01 9.72264E+02-1.08583E-06-9.64936E-07 3.36052E-06
 -1       156-1.91163E-01-1.91166E-01 9.72264E+02 2.72007E-14-5.10491E-13-3.68930E-06
 -1       157-1.91163E-01-1.91167E-01 9.72264E+02-2.31447E-06-4.49575E-06-4.55698E-06
 -1       158-1.91168E-01-1.91175E-01 9.72264E+02-2.58114E-13 1.85126E-12-7.98214E-07
 -1       159-1.91163E-01-1.91167E-01 9.72264E+02 2.31447E-06 4.49575E-06-4.55698E-06
 -1       160-1.91171E-01-1.91143E-01 9.72264E+02-2.65732E-13-1.78663E-12 9.01892E-06
 -1       161-1.91168E-01-1.91168E-01 9.72264E+02 4.69793E-14-4.02156E-10 1.22533E-13
 -1       162-1.91168E-01-1.91168E-01 9.72264E+02 1.74639E-09-2.61099E-09 7.52502E-09
 -1       163-1.91168E-01-1.91168E-01 9.72264E+02 1.91905E-13-2.82047E-09 4.13058E-13
 -1       164-1.91168E-01-1.91168E-01 9.72264E+02-1.74649E-09-2.61082E-09-7.52452E-09
 -1       165-1.91168E-01-1.91168E-01 9.72264E+02-8.36832E-16 3.29563E-09 4.58636E-14
 -1       166-1.91168E-01-1.91168E-01 9.72264E+02-9.12299E-09 1.48194E-08-2.63656E-08
 -1       167-1.91168E-01-1.91168E-01 9.72264E+02-2.82121E-13 2.23693E-08-6.42708E-13
 -1       168-1.91168E-01-1.91168E-01 9.72264E+02 9.12285E-09 1.48189E-08 2.63652E-08
 -1       169-1.91168E-01-1.91168E-01 9.72264E+02 3.09800E-14-2.61775E-08-4.39896E-13
 -1       170-1.91168E-01-1.91168E-01 9.72264E+02 4.87290E-09-6.88282E-08 5.04610E-08
 -1       171-1.91167E-01-1.91167E-01 9.72264E+02 1.32043E-13-4.78409E-08 1.85751E-12
 -1       172-1.91168E-01-1.91168E-01 9.72264E+02-4.87275E-09-6.88293E-08-5.04598E-08
 -1       173-1.91168E-01-1.91168E-01 9.72264E+02-3.47024E-13 6.94674E-08 1.60857E-13
 -1       174-1.91168E-01-1.91168E-01 9.72264E+02-7.79499E-08 2.59824E-07-1.81070E-07
 -1       175-1.91168E-01-1.91168E-01 9.72264E+02-2.51525E-13 2.81225E-07-5.50001E-13
 -1       176-1.91168E-01-1.91168E-01 9.72264E+02 7.79497E-08 2.59823E-07 1.81069E-07
 -1       177-1.91167E-01-1.91167E-01 9.72264E+02 1.17374E-13-3.39487E-07-8.66967E-13
 -1       178-1.91167E-01-1.91167E-01 9.72264E+02-6.78673E-09-9.64550E-07 2.55853E-07
 -1       179-1.91166E-01-1.91166E-01 9.72264E+02 1.31549E-13-5.26776E-07-1.36528E-12
 -1       180-1.91167E-01-1.91167E-01 9.72264E+02 6.78697E-09-9.64549E-07-2.55852E-07
 -1       181-1.91169E-01-1.91170E-01 9.72264E+02-2.74868E-13 7.71108E-07-1.82983E-13
 -1       182-1.91168E-01-1.91168E-01 9.72264E+02-1.08555E-06 3.36160E-06-9.65148E-07
 -1       183-1.91171E-01-1.91172E-01 9.72264E+02-1.04106E-13 3.05287E-06-2.26866E-12
 -1       184-1.91168E-01-1.91168E-01 9.72264E+02 1.08555E-06 3.36160E-06 9.65149E-07
 -1       185-1.91166E-01-1.91163E-01 9.72264E+02 5.28742E-14-3.68944E-06 1.83186E-13
 -1       186-1.91167E-01-1.91163E-01 9.72264E+02 2.31452E-06-4.55881E-06 4.49412E-06
 -1       187-1.91175E-01-1.91168E-01 9.72264E+02-5.91330E-13-7.98947E-07 1.25351E-13
 -1       188-1.91167E-01-1.91163E-01 9.72264E+02-2.31452E-06-4.55881E-06-4.49412E-06
 -1       189-1.91143E-01-1.91171E-01 9.72264E+02-3.13820E-13 9.02097E-06-2.46051E-13
 -1       190-1.91168E-01-1.91168E-01 9.72264E+02-6.84951E-14 2.76122E-13 4.02062E-10
 -1       191-1.91168E-01-1.91168E-01 9.72264E+02-1.74660E-09 7.52565E-09 2.61214E-09
 -1       192-1.91168E-01-1.91168E-01 9.72264E+02-2.25628E-14 4.65390E-13 2.82471E-09
 -1       193-1.91168E-01-1.91168E-01 9.72264E+02 1.74622E-09-7.52544E-09 2.61201E-09
 -1       194-1.91168E-01-1.91168E-01 9.72264E+02-1.32424E-13 4.66686E-13-3.29750E-09
 -1       195-1.91168E-01-1.91168E-01 9.72264E+02 9.12129E-09-2.63698E-08-1.48181E-08
 -1       196-1.91168E-01-1.91168E-01 9.72264E+02-8.61442E-14 2.39841E-13-2.23702E-08
 -1       197-1.91168E-01-1.91168E-01 9.72264E+02-9.12129E-09 2.63715E-08-1.48176E-08
 -1       198-1.91168E-01-1.91168E-01 9.72264E+02 7.26560E-14 6.56042E-13 2.61724E-08
 -1       199-1.91168E-01-1.91168E-01 9.72264E+02-4.87702E-09 5.04578E-08 6.88233E-08
 -1       200-1.91167E-01-1.91167E-01 9.72264E+02 2.82600E-13 6.94931E-13 4.78725E-08
 -1       201-1.91168E-01-1.91168E-01 9.72264E+02 4.87738E-09-5.04576E-08 6.88222E-08
 -1       202-1.91168E-01-1.91168E-01 9.72264E+02 1.12946E-13 1.09970E-12-6.94859E-08
 -1       203-1.91168E-01-1.91168E-01 9.72264E+02 7.79443E-08-1.81113E-07-2.59785E-07
 -1       204-1.91168E-01-1.91168E-01 9.72264E+02-8.53935E-14 8.57960E-14-2.81201E-07
 -1       205-1.91168E-01-1.91168E-01 9.72264E+02-7.79441E-08 1.81114E-07-2.59785E-07
 -1       206-1.91167E-01-1.91167E-01 9.72264E+02-5.84172E-14 1.27597E-12 3.39440E-07
 -1       207-1.91167E-01-1.91167E-01 9.72264E+02 6.74389E-09 2.55818E-07 9.64383E-07
 -1       208-1.91166E-01-1.91166E-01 9.72264E+02-6.45962E-14-2.50043E-13 5.27013E-07
 -1       209-1.91167E-01-1.91167E-01 9.72264E+02-6.74410E-09-2.55818E-07 9.64382E-07
 -1       210-1.91170E-01-1.91169E-01 9.72264E+02 1.06725E-13-1.69184E-12-7.71226E-07
 -1       211-1.91168E-01-1.91168E-01 9.72264E+02 1.08583E-06-9.64938E-07-3.36051E-06
 -1       212-1.91172E-01-1.91171E-01 9.72264E+02 6.63971E-14-2.30140E-12-3.05278E-06
 -1       213-1.91168E-01-1.91168E-01 9.72264E+02-1.08583E-06 9.64933E-07-3.36052E-06
 -1       214-1.91163E-01-1.91166E-01 9.72264E+02 1.04076E-13-4.36732E-12 3.68930E-06
 -1       215-1.91163E-01-1.91167E-01 9.72264E+02-2.31447E-06 4.49575E-06 4.55698E-06
 -1       216-1.91168E-01-1.91175E-01 9.72264E+02 1.78987E-13-8.78065E-13 7.98216E-07
 -1       217-1.91163E-01-1.91167E-01 9.72264E+02 2.31447E-06-4.49575E-06 4.55698E-06
 -1       218-1.91171E-01-1.91143E-01 9.72264E+02-2.36166E-13 8.93316E-13-9.01892E-06
 -1       219-1.91168E-01-1.91168E-01 9.72264E+02-7.39570E-15-6.52652E-14 2.34882E-14
 -1       220-1.91168E-01-1.91168E-01 9.72264E+02-6.41792E-14-2.20102E-09-1.19266E-13
 -1       221-1.91168E-01-1.91168E-01 9.72264E+02 3.80710E-14 9.58967E-14-2.19919E-09
 -1       222-1.91168E-01-1.91168E-01 9.72264E+02 8.57874E-14-8.72936E-15-1.63461E-13
 -1       223-1.91168E-01-1.91168E-01 9.72264E+02 5.93245E-14 1.22434E-13 2.19940E-09
 -1       224-1.91168E-01-1.91168E-01 9.72264E+02 2.11499E-13 2.20165E-09 1.98781E-13
 -1       225-1.91168E-01-1.91168E-01 9.72264E+02 5.57091E-14 6.97763E-13 1.88814E-13
 -1       226-1.91168E-01-1.91168E-01 9.72264E+02 2.37264E-13 9.74082E-10 2.05455E-13
 -1       227-1.91168E-01-1.91168E-01 9.72264E+02 5.06919E-14 8.37631E-13 9.71078E-10
 -1       228-1.91168E-01-1.91168E-01 9.72264E+02 3.09925E-13 1.06060E-12 4.43455E-14
 -1       229-1.91168E-01-1.91168E-01 9.72264E+02 1.89223E-13 4.35576E-13-9.72000E-10
 -1       230-1.91168E-01-1.91168E-01 9.72264E+02-1.42202E-14-9.73991E-10-2.66158E-13
 -1       231-1.91168E-01-1.91168E-01 9.72264E+02 9.85764E-14 1.73175E-13 6.07878E-13
 -1       232-1.91168E-01-1.91168E-01 9.72264E+02-2.62374E-13-1.78044E-08 2.63268E-13
 -1       233-1.91168E-01-1.91168E-01 9.72264E+02-1.18804E-14 4.63947E-13-1.77864E-08
 -1       234-1.91168E-01-1.91168E-01 9.72264E+02-2.62195E-13-5.78034E-14 8.17442E-13
 -1       235-1.91168E-01-1.91168E-01 9.72264E+02-4.39806E-15 6.91112E-13 1.77863E-08
 -1       236-1.91168E-01-1.91168E-01 9.72264E+02-4.93141E-15 1.78053E-08 1.44881E-12
 -1       237-1.91168E-01-1.91168E-01 9.72264E+02 5.49107E-14 6.60706E-13 5.07127E-13
 -1       238-1.91168E-01-1.91168E-01 9.72264E+02 1.45875E-13-2.14198E-08 1.26517E-12
 -1       239-1.91168E-01-1.91168E-01 9.72264E+02 1.64170E-13 8.29606E-13-2.14197E-08
 -1       240-1.91167E-01-1.91167E-01 9.72264E+02 3.15360E-13 8.38031E-13 1.14610E-13
 -1       241-1.91168E-01-1.91168E-01 9.72264E+02-1.22515E-13-3.42996E-13 2.14187E-08
 -1       242-1.91168E-01-1.91168E-01 9.72264E+02 4.90952E-14 2.14201E-08-5.06571E-13
 -1       243-1.91168E-01-1.91168E-01 9.72264E+02 2.22351E-13 8.72864E-14 4.13943E-13
 -1       244-1.91167E-01-1.91167E-01 9.72264E+02-8.56852E-14-1.16788E-07 1.18689E-13
 -1       245-1.91167E-01-1.91167E-01 9.72264E+02-6.10103E-15 3.21444E-13-1.16641E-07
 -1       246-1.91169E-01-1.91169E-01 9.72264E+02-4.14708E-14 1.08314E-12-5.71658E-13
 -1       247-1.91167E-01-1.91167E-01 9.72264E+02-1.77406E-13-1.12471E-12 1.16640E-07
 -1       248-1.91167E-01-1.91167E-01 9.72264E+02 1.82327E-14 1.16788E-07-9.71140E-13
 -1       249-1.91166E-01-1.91166E-01 9.72264E+02-1.09691E-13 1.24814E-12 8.25351E-13
 -1       250-1.91169E-01-1.91169E-01 9.72264E+02 1.20330E-13-6.06685E-07 3.57083E-13
 -1       251-1.91169E-01-1.91169E-01 9.72264E+02-2.39462E-13-1.57799E-13-6.06597E-07
 -1       252-1.91167E-01-1.91167E-01 9.72264E+02-2.05172E-13 2.22522E-12 3.92714E-12
 -1       253-1.91169E-01-1.91169E-01 9.72264E+02 2.95888E-13 1.18223E-12 6.06599E-07
 -1       254-1.91169E-01-1.91169E-01 9.72264E+02-1.79339E-13 6.06688E-07 8.46161E-13
 -1       255-1.91172E-01-1.91172E-01 9.72264E+02-8.80363E-14 1.46549E-12 6.52806E-13
 -1       256-1.91159E-01-1.91155E-01 9.72264E+02 1.24990E-13 1.87450E-06 9.68807E-13
 -1       257-1.91155E-01-1.91159E-01 9.72264E+02 3.37850E-13-1.86465E-12 1.87403E-06
 -1       258-1.91142E-01-1.91142E-01 9.72264E+02 3.17684E-13-1.97038E-12 4.17919E-13
 -1       259-1.91155E-01-1.91159E-01 9.72264E+02-5.97289E-14 3.80874E-13-1.87403E-06
 -1       260-1.91159E-01-1.91155E-01 9.72264E+02-2.74313E-13-1.87451E-06 5.06243E-13
 -1       261-1.91190E-01-1.91190E-01 9.72264E+02 3.70089E-13 2.13721E-12-6.85898E-13
 -3
    1PSTEP                         3                                                                                                
  100CL  101 1.000000000         261                     3    1           1                                                         
 -4  STRAIN      6    1                                                                                                             
 -5  EXX         1    4    1    1                                                                                                   
 -5  EYY         1    4    2    2                                                                                                   
 -5  EZZ         1    4    3    3                                                                                                   
 -5  EXY         1    4    1    2                                                                                                   
 -5  EYZ         1    4    2    3                                                                                                   
 -5  EZX         1    4    3    1                                                                                                   
 -1         1-4.44057E-03-4.44057E-03 1.05180E-02-7.70770E-14 1.14016E-13 1.13981E-13
 -1         2-4.44057E-03-4.44057E-03 1.05180E-02 7.70819E-14 1.14016E-13-1.13969E-13
 -1         3-4.44057E-03-4.44057E-03 1.05180E-02-7.70805E-14-1.14014E-13-1.13971E-13
 -1         4-4.44057E-03-4.44057E-03 1.05180E-02 7.70863E-14-1.14008E-13 1.13982E-13
 -1         5-4.44057E-03-4.44057E-03 1.05180E-02-1.30260E-10-5.87989E-10-5.87787E-10
 -1         6-4.44057E-03-4.44057E-03 1.05180E-02 1.30260E-10-5.87989E-10 5.87787E-10
 -1         7-4.44057E-03-4.44057E-03 1.05180E-02-1.30260E-10 5.87989E-10 5.87787E-10
 -1         8-4.44057E-03-4.44057E-03 1.05180E-02 1.30260E-10 5.87989E-10-5.87787E-10
 -1         9-4.44057E-03-4.44057E-03 1.05180E-02-3.58540E-14 2.82151E-14 1.22128E-13
 -1        10-4.44057E-03-4.44057E-03 1.05180E-02-3.10856E-18-5.75867E-14 3.60543E-19
 -1        11-4.44057E-03-4.44057E-03 1.05180E-02 3.58533E-14 2.82146E-14-1.22122E-13
 -1        12-4.44057E-03-4.44057E-03 1.05180E-02 3.58471E-14 1.22155E-13-2.82060E-14
 -1        13-4.44057E-03-4.44057E-03 1.05180E-02 4.37088E-19 2.43919E-18 5.75547E-14
 -1        14-4.44057E-03-4.44057E-03 1.05180E-02-3.58459E-14-1.22152E-13-2.82093E-14
 -1        15-4.44057E-03-4.44057E-03 1.05180E-02-3.58531E-14-2.82142E-14-1.22123E-13
 -1        16-4.44057E-03-4.44057E-03 1.05180E-02-2.31312E-18 5.75822E-14-6.40647E-18
 -1        17-4.44057E-03-4.44057E-03 1.05180E-02 3.58537E-14-2.82148E-14 1.22122E-13
 -1        18-4.44057E-03-4.44057E-03 1.05180E-02 3.58469E-14-1.22151E-13 2.82091E-14
 -1        19-4.44057E-03-4.44057E-03 1.05180E-02-4.85372E-18-1.67126E-18-5.75629E-14
 -1        20-4.44057E-03-4.44057E-03 1.05180E-02-3.58471E-14 1.22154E-13 2.82096E-14
 -1        21-4.44057E-03-4.44057E-03 1.05180E-02-1.79985E-10-3.52868E-10 1.56426E-10
 -1        22-4.44057E-03-4.44057E-03 1.05180E-02-6.29386E-18-1.17748E-10-3.91761E-17
 -1        23-4.44057E-03-4.44057E-03 1.05180E-02 1.79985E-10-3.52868E-10-1.56426E-10
 -1        24-4.44057E-03-4.44057E-03 1.05180E-02 1.79977E-10 1.56482E-10 3.52735E-10
 -1        25-4.44057E-03-4.44057E-03 1.05180E-02-8.18154E-18-7.14329E-17 1.17684E-10
 -1        26-4.44057E-03-4.44057E-03 1.05180E-02-1.79977E-10-1.56482E-10 3.52735E-10
 -1        27-4.44057E-03-4.44057E-03 1.05180E-02-1.79985E-10 3.52869E-10-1.56426E-10
 -1        28-4.44057E-03-4.44057E-03 1.05180E-02 4.93563E-18 1.17748E-10 4.35476E-17
 -1        29-4.44057E-03-4.44057E-03 1.05180E-02 1.79985E-10 3.52868E-10 1.56426E-10
 -1        30-4.44057E-03-4.44057E-03 1.05180E-02 1.79977E-10-1.56482E-10-3.52735E-10
 -1        31-4.44057E-03-4.44057E-03 1.05180E-02-6.47953E-18 1.86601E-17-1.17684E-10
 -1        32-4.44057E-03-4.44057E-03 1.05180E-02-1.79977E-10 1.56482E-10-3.52735E-10
 -1        33-4.44057E-03-4.44057E-03 1.05180E-02-4.08130E-14 1.04547E-13-1.04534E-13
 -1        34-4.44057E-03-4.44057E-03 1.05180E-02-7.02764E-14 3.69388E-14-3.69203E-14
 -1        35-4.44057E-03-4.44057E-03 1.05180E-02 1.12970E-13-3.23353E-13 3.23306E-13
 -1        36-4.44057E-03-4.44057E-03 1.05180E-02 2.34920E-13-1.11798E-13 1.11776E-13
 -1        37-4.44057E-03-4.44057E-03 1.05180E-02-3.53608E-13 9.42000E-13-9.41877E-13
 -1        38-4.44057E-03-4.44057E-03 1.05180E-02-1.24086E-13 1.38154E-12-1.38088E-12
 -1        39-4.44057E-03-4.44057E-03 1.05180E-02 4.32582E-13-3.64470E-12 3.64390E-12
 -1        40-4.44057E-03-4.44057E-03 1.05180E-02 1.43679E-12-3.66739E-12 3.66658E-12
 -1        41-4.44057E-03-4.44057E-03 1.05180E-02-1.77799E-12 1.04056E-11-1.04040E-11
 -1        42-4.44057E-03-4.44057E-03 1.05180E-02 1.33846E-12 2.15710E-11-2.15621E-11
 -1        43-4.44057E-03-4.44057E-03 1.05180E-02-4.84089E-13-4.01454E-11 4.01354E-11
 -1        44-4.44057E-03-4.44057E-03 1.05180E-02 1.76595E-11-5.64581E-11 5.64262E-11
 -1        45-4.44057E-03-4.44057E-03 1.05180E-02-1.39042E-11 1.19965E-10-1.19919E-10
 -1        46-4.44057E-03-4.44057E-03 1.05180E-02-3.10641E-11 1.27960E-10-1.27915E-10
 -1        47-4.44057E-03-4.44057E-03 1.05180E-02 7.05948E-11-2.90529E-10 2.90412E-10
 -1        48-4.44057E-03-4.44057E-03 1.05180E-02-7.05948E-11-2.90529E-10-2.90412E-10
 -1        49-4.44057E-03-4.44057E-03 1.05180E-02 3.10641E-11 1.27960E-10 1.27915E-10
 -1        50-4.44057E-03-4.44057E-03 1.05180E-02 1.39042E-11 1.19965E-10 1.19919E-10
 -1        51-4.44057E-03-4.44057E-03 1.05180E-02-1.76596E-11-5.64582E-11-5.64261E-11
 -1        52-4.44057E-03-4.44057E-03 1.05180E-02 4.84091E-13-4.01454E-11-4.01354E-11
 -1        53-4.44057E-03-4.44057E-03 1.05180E-02-1.33844E-12 2.15709E-11 2.15621E-11
 -1        54-4.44057E-03-4.44057E-03 1.05180E-02 1.77800E-12 1.04057E-11 1.04040E-11
 -1        55-4.44057E-03-4.44057E-03 1.05180E-02-1.43680E-12-3.66743E-12-3.66667E-12
 -1        56-4.44057E-03-4.44057E-03 1.05180E-02-4.32586E-13-3.64473E-12-3.64391E-12
 -1        57-4.44057E-03-4.44057E-03 1.05180E-02 1.24088E-13 1.38156E-12 1.38091E-12
 -1        58-4.44057E-03-4.44057E-03 1.05180E-02 3.53602E-13 9.42014E-13 9.41898E-13
 -1        59-4.44057E-03-4.44057E-03 1.05180E-02-2.34926E-13-1.11760E-13-1.11756E-13
 -1        60-4.44057E-03-4.44057E-03 1.05180E-02-1.12970E-13-3.23353E-13-3.23302E-13
 -1        61-4.44057E-03-4.44057E-03 1.05180E-02 7.02739E-14 3.69321E-14 3.69086E-14
 -1        62-4.44057E-03-4.44057E-03 1.05180E-02 4.08138E-14 1.04543E-13 1.04534E-13
 -1        63-4.44057E-03-4.44057E-03 1.05180E-02 4.08137E-14-1.04547E-13-1.04535E-13
 -1        64-4.44057E-03-4.44057E-03 1.05180E-02 7.02758E-14-3.69364E-14-3.69065E-14
 -1        65-4.44057E-03-4.44057E-03 1.05180E-02-1.12968E-13 3.23372E-13 3.23303E-13
 -1        66-4.44057E-03-4.44057E-03 1.05180E-02-2.34924E-13 1.11826E-13 1.11768E-13
 -1        67-4.44057E-03-4.44057E-03 1.05180E-02 3.53600E-13-9.41992E-13-9.41900E-13
 -1        68-4.44057E-03-4.44057E-03 1.05180E-02 1.24086E-13-1.38159E-12-1.38094E-12
 -1        69-4.44057E-03-4.44057E-03 1.05180E-02-4.32576E-13 3.64473E-12 3.64389E-12
 -1        70-4.44057E-03-4.44057E-03 1.05180E-02-1.43680E-12 3.66748E-12 3.66665E-12
 -1        71-4.44057E-03-4.44057E-03 1.05180E-02 1.77800E-12-1.04056E-11-1.04039E-11
 -1        72-4.44057E-03-4.44057E-03 1.05180E-02-1.33844E-12-2.15709E-11-2.15621E-11
 -1        73-4.44057E-03-4.44057E-03 1.05180E-02 4.84085E-13 4.01454E-11 4.01354E-11
 -1        74-4.44057E-03-4.44057E-03 1.05180E-02-1.76596E-11 5.64581E-11 5.64262E-11
 -1        75-4.44057E-03-4.44057E-03 1.05180E-02 1.39042E-11-1.19965E-10-1.19919E-10
 -1        76-4.44057E-03-4.44057E-03 1.05180E-02 3.10641E-11-1.27960E-10-1.27915E-10
 -1        77-4.44057E-03-4.44057E-03 1.05180E-02-7.05948E-11 2.90529E-10 2.90412E-10
 -1        78-4.44057E-03-4.44057E-03 1.05180E-02-4.08153E-14-1.04539E-13 1.04530E-13
 -1        79-4.44057E-03-4.44057E-03 1.05180E-02-7.02850E-14-3.69397E-14 3.69091E-14
 -1        80-4.44057E-03-4.44057E-03 1.05180E-02 1.12968E-13 3.23368E-13-3.23304E-13
 -1        81-4.44057E-03-4.44057E-03 1.05180E-02 2.34928E-13 1.11803E-13-1.11762E-13
 -1        82-4.44057E-03-4.44057E-03 1.05180E-02-3.53599E-13-9.42028E-13 9.41915E-13
 -1        83-4.44057E-03-4.44057E-03 1.05180E-02-1.24086E-13-1.38157E-12 1.38092E-12
 -1        84-4.44057E-03-4.44057E-03 1.05180E-02 4.32585E-13 3.64473E-12-3.64390E-12
 -1        85-4.44057E-03-4.44057E-03 1.05180E-02 1.43680E-12 3.66746E-12-3.66665E-12
 -1        86-4.44057E-03-4.44057E-03 1.05180E-02-1.77800E-12-1.04056E-11 1.04040E-11
 -1        87-4.44057E-03-4.44057E-03 1.05180E-02 1.33844E-12-2.15709E-11 2.15622E-11
 -1        88-4.44057E-03-4.44057E-03 1.05180E-02-4.84087E-13 4.01454E-11-4.01354E-11
 -1        89-4.44057E-03-4.44057E-03 1.05180E-02 1.76596E-11 5.64581E-11-5.64261E-11
 -1        90-4.44057E-03-4.44057E-03 1.05180E-02-1.39042E-11-1.19965E-10 1.19919E-10
 -1        91-4.44057E-03-4.44057E-03 1.05180E-02-3.10641E-11-1.27960E-10 1.27915E-10
 -1        92-4.44057E-03-4.44057E-03 1.05180E-02 7.05948E-11 2.90529E-10-2.90412E-10
 -1        93-4.44057E-03-4.44057E-03 1.05180E-02-7.74647E-19-2.40375E-14 9.31821E-19
 -1        94-4.44057E-03-4.44057E-03 1.05180E-02-2.18993E-18-1.13821E-18-2.40305E-14
 -1        95-4.44057E-03-4.44057E-03 1.05180E-02-2.00980E-18-4.96249E-19 2.10886E-18
 -1        96-4.44057E-03-4.44057E-03 1.05180E-02-2.02819E-18 1.02593E-18 2.40285E-14
 -1        97-4.44057E-03-4.44057E-03 1.05180E-02-3.94599E-18 2.40347E-14-1.84592E-18
 -1        98-4.44057E-03-4.44057E-03 1.05180E-02-4.93364E-18-2.20007E-10-3.76455E-17
 -1        99-4.44057E-03-4.44057E-03 1.05180E-02-1.43440E-18 6.26647E-17-2.19950E-10
 -1       100-4.44057E-03-4.44057E-03 1.05180E-02 4.36621E-18 1.00002E-16-6.52632E-17
 -1       101-4.44057E-03-4.44057E-03 1.05180E-02-1.52992E-18 1.09507E-17 2.19950E-10
 -1       102-4.44057E-03-4.44057E-03 1.05180E-02 8.62074E-18 2.20007E-10-2.54319E-17
 -1       103-4.44057E-03-4.44057E-03 1.05180E-02-1.61871E-18 6.19249E-15 2.07390E-18
 -1       104-4.44057E-03-4.44057E-03 1.05180E-02 2.68601E-14 4.01724E-14-1.15756E-13
 -1       105-4.44057E-03-4.44057E-03 1.05180E-02-1.05892E-18 4.34049E-14 1.12127E-18
 -1       106-4.44057E-03-4.44057E-03 1.05180E-02-2.68624E-14 4.01679E-14 1.15751E-13
 -1       107-4.44057E-03-4.44057E-03 1.05180E-02-1.10251E-18-5.06967E-14 9.76270E-18
 -1       108-4.44057E-03-4.44057E-03 1.05180E-02-1.40328E-13-2.27946E-13 4.05569E-13
 -1       109-4.44057E-03-4.44057E-03 1.05180E-02 1.66681E-18-3.44121E-13 6.65452E-18
 -1       110-4.44057E-03-4.44057E-03 1.05180E-02 1.40327E-13-2.27954E-13-4.05552E-13
 -1       111-4.44057E-03-4.44057E-03 1.05180E-02 9.38552E-19 4.02680E-13 6.36131E-18
 -1       112-4.44057E-03-4.44057E-03 1.05180E-02 7.49545E-14 1.05874E-12-7.76204E-13
 -1       113-4.44057E-03-4.44057E-03 1.05180E-02-2.18835E-18 7.35932E-13-1.04951E-18
 -1       114-4.44057E-03-4.44057E-03 1.05180E-02-7.49556E-14 1.05874E-12 7.76221E-13
 -1       115-4.44057E-03-4.44057E-03 1.05180E-02 1.13089E-18-1.06857E-12-1.43953E-18
 -1       116-4.44057E-03-4.44057E-03 1.05180E-02-1.19904E-12-3.99666E-12 2.78527E-12
 -1       117-4.44057E-03-4.44057E-03 1.05180E-02 1.65283E-19-4.32590E-12 2.82723E-17
 -1       118-4.44057E-03-4.44057E-03 1.05180E-02 1.19904E-12-3.99665E-12-2.78529E-12
 -1       119-4.44057E-03-4.44057E-03 1.05180E-02-6.24850E-18 5.22209E-12 9.58811E-18
 -1       120-4.44057E-03-4.44057E-03 1.05180E-02-1.04403E-13 1.48370E-11-3.93562E-12
 -1       121-4.44057E-03-4.44057E-03 1.05180E-02-2.82283E-18 8.10298E-12 1.23626E-17
 -1       122-4.44057E-03-4.44057E-03 1.05180E-02 1.04407E-13 1.48370E-11 3.93562E-12
 -1       123-4.44057E-03-4.44057E-03 1.05180E-02 1.20043E-18-1.18614E-11-7.13658E-18
 -1       124-4.44057E-03-4.44057E-03 1.05180E-02-1.66983E-11-5.17091E-11 1.48461E-11
 -1       125-4.44057E-03-4.44057E-03 1.05180E-02 6.09804E-18-4.69600E-11-4.89024E-17
 -1       126-4.44057E-03-4.44057E-03 1.05180E-02 1.66983E-11-5.17091E-11-1.48461E-11
 -1       127-4.44057E-03-4.44057E-03 1.05180E-02 7.36462E-19 5.67520E-11 1.33083E-17
 -1       128-4.44057E-03-4.44057E-03 1.05180E-02 3.56025E-11 7.01248E-11-6.91298E-11
 -1       129-4.44057E-03-4.44057E-03 1.05180E-02-5.27124E-18 1.22896E-11 3.05940E-17
 -1       130-4.44057E-03-4.44057E-03 1.05180E-02-3.56025E-11 7.01248E-11 6.91298E-11
 -1       131-4.44057E-03-4.44057E-03 1.05180E-02-3.14904E-18-1.38763E-10-2.28732E-17
 -1       132-4.44057E-03-4.44057E-03 1.05180E-02 6.26996E-19 8.95453E-19-6.18112E-15
 -1       133-4.44057E-03-4.44057E-03 1.05180E-02-2.68620E-14-1.15756E-13-4.01796E-14
 -1       134-4.44057E-03-4.44057E-03 1.05180E-02 7.04184E-19-1.73359E-19-4.34389E-14
 -1       135-4.44057E-03-4.44057E-03 1.05180E-02 2.68625E-14 1.15757E-13-4.01727E-14
 -1       136-4.44057E-03-4.44057E-03 1.05180E-02-1.01817E-18 8.81512E-19 5.06982E-14
 -1       137-4.44057E-03-4.44057E-03 1.05180E-02 1.40303E-13 4.05641E-13 2.27927E-13
 -1       138-4.44057E-03-4.44057E-03 1.05180E-02-8.28717E-19 2.85143E-18 3.44075E-13
 -1       139-4.44057E-03-4.44057E-03 1.05180E-02-1.40305E-13-4.05625E-13 2.27920E-13
 -1       140-4.44057E-03-4.44057E-03 1.05180E-02 1.38014E-18 1.64152E-17-4.02617E-13
 -1       141-4.44057E-03-4.44057E-03 1.05180E-02-7.50173E-14-7.76164E-13-1.05864E-12
 -1       142-4.44057E-03-4.44057E-03 1.05180E-02 3.21847E-18 2.66235E-17-7.36417E-13
 -1       143-4.44057E-03-4.44057E-03 1.05180E-02 7.50207E-14 7.76166E-13-1.05868E-12
 -1       144-4.44057E-03-4.44057E-03 1.05180E-02 2.19544E-19 1.74550E-18 1.06882E-12
 -1       145-4.44057E-03-4.44057E-03 1.05180E-02 1.19895E-12 2.78594E-12 3.99603E-12
 -1       146-4.44057E-03-4.44057E-03 1.05180E-02-7.10689E-18-1.21310E-17 4.32548E-12
 -1       147-4.44057E-03-4.44057E-03 1.05180E-02-1.19896E-12-2.78590E-12 3.99606E-12
 -1       148-4.44057E-03-4.44057E-03 1.05180E-02-9.98481E-18-2.25057E-17-5.22140E-12
 -1       149-4.44057E-03-4.44057E-03 1.05180E-02 1.03745E-13-3.93506E-12-1.48344E-11
 -1       150-4.44057E-03-4.44057E-03 1.05180E-02-3.37603E-18-5.41882E-17-8.10665E-12
 -1       151-4.44057E-03-4.44057E-03 1.05180E-02-1.03739E-13 3.93504E-12-1.48344E-11
 -1       152-4.44057E-03-4.44057E-03 1.05180E-02 4.24047E-18-6.67598E-18 1.18632E-11
 -1       153-4.44057E-03-4.44057E-03 1.05180E-02 1.67026E-11 1.48429E-11 5.16924E-11
 -1       154-4.44057E-03-4.44057E-03 1.05180E-02 7.02661E-18-1.54117E-18 4.69586E-11
 -1       155-4.44057E-03-4.44057E-03 1.05180E-02-1.67026E-11-1.48429E-11 5.16924E-11
 -1       156-4.44057E-03-4.44057E-03 1.05180E-02 4.18409E-19-7.85252E-18-5.67499E-11
 -1       157-4.44057E-03-4.44057E-03 1.05180E-02-3.56018E-11-6.91548E-11-7.00968E-11
 -1       158-4.44057E-03-4.44057E-03 1.05180E-02-3.97038E-18 2.84767E-17-1.22784E-11
 -1       159-4.44057E-03-4.44057E-03 1.05180E-02 3.56018E-11 6.91549E-11-7.00968E-11
 -1       160-4.44057E-03-4.44057E-03 1.05180E-02-4.08757E-18-2.74824E-17 1.38731E-10
 -1       161-4.44057E-03-4.44057E-03 1.05180E-02 7.22649E-19-6.18608E-15 1.88484E-18
 -1       162-4.44057E-03-4.44057E-03 1.05180E-02 2.68634E-14-4.01630E-14 1.15752E-13
 -1       163-4.44057E-03-4.44057E-03 1.05180E-02 2.95193E-18-4.33853E-14 6.35377E-18
 -1       164-4.44057E-03-4.44057E-03 1.05180E-02-2.68651E-14-4.01603E-14-1.15744E-13
 -1       165-4.44057E-03-4.44057E-03 1.05180E-02-1.28724E-20 5.06943E-14 7.05487E-19
 -1       166-4.44057E-03-4.44057E-03 1.05180E-02-1.40332E-13 2.27957E-13-4.05563E-13
 -1       167-4.44057E-03-4.44057E-03 1.05180E-02-4.33966E-18 3.44091E-13-9.88631E-18
 -1       168-4.44057E-03-4.44057E-03 1.05180E-02 1.40330E-13 2.27949E-13 4.05556E-13
 -1       169-4.44057E-03-4.44057E-03 1.05180E-02 4.76543E-19-4.02670E-13-6.76661E-18
 -1       170-4.44057E-03-4.44057E-03 1.05180E-02 7.49563E-14-1.05873E-12 7.76205E-13
 -1       171-4.44057E-03-4.44057E-03 1.05180E-02 2.03112E-18-7.35902E-13 2.85727E-17
 -1       172-4.44057E-03-4.44057E-03 1.05180E-02-7.49540E-14-1.05875E-12-7.76186E-13
 -1       173-4.44057E-03-4.44057E-03 1.05180E-02-5.33802E-18 1.06857E-12 2.47435E-18
 -1       174-4.44057E-03-4.44057E-03 1.05180E-02-1.19905E-12 3.99668E-12-2.78526E-12
 -1       175-4.44057E-03-4.44057E-03 1.05180E-02-3.86903E-18 4.32588E-12-8.46026E-18
 -1       176-4.44057E-03-4.44057E-03 1.05180E-02 1.19904E-12 3.99667E-12 2.78525E-12
 -1       177-4.44057E-03-4.44057E-03 1.05180E-02 1.80548E-18-5.22208E-12-1.33359E-17
 -1       178-4.44057E-03-4.44057E-03 1.05180E-02-1.04395E-13-1.48370E-11 3.93560E-12
 -1       179-4.44057E-03-4.44057E-03 1.05180E-02 2.02352E-18-8.10301E-12-2.10011E-17
 -1       180-4.44057E-03-4.44057E-03 1.05180E-02 1.04399E-13-1.48370E-11-3.93559E-12
 -1       181-4.44057E-03-4.44057E-03 1.05180E-02-4.22809E-18 1.18614E-11-2.81469E-18
 -1       182-4.44057E-03-4.44057E-03 1.05180E-02-1.66983E-11 5.17091E-11-1.48462E-11
 -1       183-4.44057E-03-4.44057E-03 1.05180E-02-1.60139E-18 4.69600E-11-3.48971E-17
 -1       184-4.44057E-03-4.44057E-03 1.05180E-02 1.66983E-11 5.17091E-11 1.48462E-11
 -1       185-4.44057E-03-4.44057E-03 1.05180E-02 8.13325E-19-5.67520E-11 2.81782E-18
 -1       186-4.44057E-03-4.44057E-03 1.05180E-02 3.56025E-11-7.01249E-11 6.91299E-11
 -1       187-4.44057E-03-4.44057E-03 1.05180E-02-9.09601E-18-1.22896E-11 1.92819E-18
 -1       188-4.44057E-03-4.44057E-03 1.05180E-02-3.56025E-11-7.01248E-11-6.91299E-11
 -1       189-4.44057E-03-4.44057E-03 1.05180E-02-4.82727E-18 1.38763E-10-3.78483E-18
 -1       190-4.44057E-03-4.44057E-03 1.05180E-02-1.05361E-18 4.24738E-18 6.18463E-15
 -1       191-4.44057E-03-4.44057E-03 1.05180E-02-2.68667E-14 1.15762E-13 4.01806E-14
 -1       192-4.44057E-03-4.44057E-03 1.05180E-02-3.47067E-19 7.15875E-18 4.34505E-14
 -1       193-4.44057E-03-4.44057E-03 1.05180E-02 2.68608E-14-1.15758E-13 4.01787E-14
 -1       194-4.44057E-03-4.44057E-03 1.05180E-02-2.03698E-18 7.17870E-18-5.07231E-14
 -1       195-4.44057E-03-4.44057E-03 1.05180E-02 1.40306E-13-4.05628E-13-2.27935E-13
 -1       196-4.44057E-03-4.44057E-03 1.05180E-02-1.32509E-18 3.68930E-18-3.44105E-13
 -1       197-4.44057E-03-4.44057E-03 1.05180E-02-1.40306E-13 4.05653E-13-2.27928E-13
 -1       198-4.44057E-03-4.44057E-03 1.05180E-02 1.11761E-18 1.00914E-17 4.02591E-13
 -1       199-4.44057E-03-4.44057E-03 1.05180E-02-7.50197E-14 7.76155E-13 1.05866E-12
 -1       200-4.44057E-03-4.44057E-03 1.05180E-02 4.34704E-18 1.06896E-17 7.36388E-13
 -1       201-4.44057E-03-4.44057E-03 1.05180E-02 7.50252E-14-7.76153E-13 1.05864E-12
 -1       202-4.44057E-03-4.44057E-03 1.05180E-02 1.73736E-18 1.69158E-17-1.06885E-12
 -1       203-4.44057E-03-4.44057E-03 1.05180E-02 1.19896E-12-2.78593E-12-3.99608E-12
 -1       204-4.44057E-03-4.44057E-03 1.05180E-02-1.31355E-18 1.31974E-18-4.32551E-12
 -1       205-4.44057E-03-4.44057E-03 1.05180E-02-1.19896E-12 2.78595E-12-3.99609E-12
 -1       206-4.44057E-03-4.44057E-03 1.05180E-02-8.98589E-19 1.96273E-17 5.22137E-12
 -1       207-4.44057E-03-4.44057E-03 1.05180E-02 1.03736E-13 3.93506E-12 1.48344E-11
 -1       208-4.44057E-03-4.44057E-03 1.05180E-02-9.93637E-19-3.84624E-18 8.10665E-12
 -1       209-4.44057E-03-4.44057E-03 1.05180E-02-1.03740E-13-3.93506E-12 1.48344E-11
 -1       210-4.44057E-03-4.44057E-03 1.05180E-02 1.64167E-18-2.60244E-17-1.18632E-11
 -1       211-4.44057E-03-4.44057E-03 1.05180E-02 1.67026E-11-1.48429E-11-5.16924E-11
 -1       212-4.44057E-03-4.44057E-03 1.05180E-02 1.02134E-18-3.54007E-17-4.69586E-11
 -1       213-4.44057E-03-4.44057E-03 1.05180E-02-1.67026E-11 1.48429E-11-5.16924E-11
 -1       214-4.44057E-03-4.44057E-03 1.05180E-02 1.60093E-18-6.71793E-17 5.67499E-11
 -1       215-4.44057E-03-4.44057E-03 1.05180E-02-3.56018E-11 6.91548E-11 7.00968E-11
 -1       216-4.44057E-03-4.44057E-03 1.05180E-02 2.75323E-18-1.35066E-17 1.22784E-11
 -1       217-4.44057E-03-4.44057E-03 1.05180E-02 3.56018E-11-6.91549E-11 7.00968E-11
 -1       218-4.44057E-03-4.44057E-03 1.05180E-02-3.63277E-18 1.37412E-17-1.38731E-10
 -1       219-4.44057E-03-4.44057E-03 1.05180E-02-1.13763E-19-1.00393E-18 3.61302E-19
 -1       220-4.44057E-03-4.44057E-03 1.05180E-02-9.87222E-19-3.38567E-14-1.83458E-18
 -1       221-4.44057E-03-4.44057E-03 1.05180E-02 5.85618E-19 1.47511E-18-3.38285E-14
 -1       222-4.44057E-03-4.44057E-03 1.05180E-02 1.31960E-18-1.34277E-19-2.51440E-18
 -1       223-4.44057E-03-4.44057E-03 1.05180E-02 9.12545E-19 1.88331E-18 3.38318E-14
 -1       224-4.44057E-03-4.44057E-03 1.05180E-02 3.25333E-18 3.38664E-14 3.05770E-18
 -1       225-4.44057E-03-4.44057E-03 1.05180E-02 8.56933E-19 1.07332E-17 2.90439E-18
 -1       226-4.44057E-03-4.44057E-03 1.05180E-02 3.64966E-18 1.49836E-14 3.16036E-18
 -1       227-4.44057E-03-4.44057E-03 1.05180E-02 7.79756E-19 1.28847E-17 1.49374E-14
 -1       228-4.44057E-03-4.44057E-03 1.05180E-02 4.76735E-18 1.63145E-17 6.82134E-19
 -1       229-4.44057E-03-4.44057E-03 1.05180E-02 2.91069E-18 6.70015E-18-1.49516E-14
 -1       230-4.44057E-03-4.44057E-03 1.05180E-02-2.18739E-19-1.49822E-14-4.09412E-18
 -1       231-4.44057E-03-4.44057E-03 1.05180E-02 1.51633E-18 2.66382E-18 9.35054E-18
 -1       232-4.44057E-03-4.44057E-03 1.05180E-02-4.03591E-18-2.73872E-13 4.04967E-18
 -1       233-4.44057E-03-4.44057E-03 1.05180E-02-1.82748E-19 7.13657E-18-2.73595E-13
 -1       234-4.44057E-03-4.44057E-03 1.05180E-02-4.03315E-18-8.89147E-19 1.25741E-17
 -1       235-4.44057E-03-4.44057E-03 1.05180E-02-6.76521E-20 1.06309E-17 2.73593E-13
 -1       236-4.44057E-03-4.44057E-03 1.05180E-02-7.58562E-20 2.73886E-13 2.22861E-17
 -1       237-4.44057E-03-4.44057E-03 1.05180E-02 8.44652E-19 1.01632E-17 7.80077E-18
 -1       238-4.44057E-03-4.44057E-03 1.05180E-02 2.24389E-18-3.29485E-13 1.94612E-17
 -1       239-4.44057E-03-4.44057E-03 1.05180E-02 2.52531E-18 1.27612E-17-3.29483E-13
 -1       240-4.44057E-03-4.44057E-03 1.05180E-02 4.85096E-18 1.28908E-17 1.76297E-18
 -1       241-4.44057E-03-4.44057E-03 1.05180E-02-1.88457E-18-5.27605E-18 3.29468E-13
 -1       242-4.44057E-03-4.44057E-03 1.05180E-02 7.55196E-19 3.29491E-13-7.79221E-18
 -1       243-4.44057E-03-4.44057E-03 1.05180E-02 3.42026E-18 1.34266E-18 6.36738E-18
 -1       244-4.44057E-03-4.44057E-03 1.05180E-02-1.31803E-18-1.79646E-12 1.82571E-18
 -1       245-4.44057E-03-4.44057E-03 1.05180E-02-9.38477E-20 4.94455E-18-1.79420E-12
 -1       246-4.44057E-03-4.44057E-03 1.05180E-02-6.37916E-19 1.66612E-17-8.79340E-18
 -1       247-4.44057E-03-4.44057E-03 1.05180E-02-2.72890E-18-1.73006E-17 1.79419E-12
 -1       248-4.44057E-03-4.44057E-03 1.05180E-02 2.80460E-19 1.79646E-12-1.49383E-17
 -1       249-4.44057E-03-4.44057E-03 1.05180E-02-1.68729E-18 1.91993E-17 1.26958E-17
 -1       250-4.44057E-03-4.44057E-03 1.05180E-02 1.85095E-18-9.33220E-12 5.49275E-18
 -1       251-4.44057E-03-4.44057E-03 1.05180E-02-3.68348E-18-2.42730E-18-9.33085E-12
 -1       252-4.44057E-03-4.44057E-03 1.05180E-02-3.15601E-18 3.42290E-17 6.04083E-17
 -1       253-4.44057E-03-4.44057E-03 1.05180E-02 4.55144E-18 1.81853E-17 9.33087E-12
 -1       254-4.44057E-03-4.44057E-03 1.05180E-02-2.75864E-18 9.33224E-12 1.30159E-17
 -1       255-4.44057E-03-4.44057E-03 1.05180E-02-1.35420E-18 2.25426E-17 1.00416E-17
 -1       256-4.44057E-03-4.44057E-03 1.05180E-02 1.92264E-18 2.88341E-11 1.49025E-17
 -1       257-4.44057E-03-4.44057E-03 1.05180E-02 5.19690E-18-2.86826E-17 2.88269E-11
 -1       258-4.44057E-03-4.44057E-03 1.05180E-02 4.88671E-18-3.03089E-17 6.42854E-18
 -1       259-4.44057E-03-4.44057E-03 1.05180E-02-9.18767E-19 5.85871E-18-2.88269E-11
 -1       260-4.44057E-03-4.44057E-03 1.05180E-02-4.21955E-18-2.88342E-11 7.78717E-18
 -1       261-4.44057E-03-4.44057E-03 1.05180E-02 5.69282E-18 3.28751E-17-1.05507E-17
 -3
 9999
