    1C
    1UUSER                                                              
    1UDATE              25.september.2026                               
    1UTIME              07:19:30                                        
    1UHOST                                                              
    1UPGM               CalculiX                                        
    1UVERSION           Version 2.22                             
    1UCOMPILETIME       Mon Aug  5 19:15:25 CEST 2024                    
    1UDIR                                                               
    1UDBN                                                               
    1UMAT    1STEEL                                                     
    2C                           231                                     1
 -1         1 0.00000E+00 0.00000E+00 0.00000E+00
 -1         2 1.00000E-01 0.00000E+00 0.00000E+00
 -1         3 2.00000E-01 0.00000E+00 0.00000E+00
 -1         4 3.00000E-01 0.00000E+00 0.00000E+00
 -1         5 4.00000E-01 0.00000E+00 0.00000E+00
 -1         6 5.00000E-01 0.00000E+00 0.00000E+00
 -1         7 6.00000E-01 0.00000E+00 0.00000E+00
 -1         8 7.00000E-01 0.00000E+00 0.00000E+00
 -1         9 8.00000E-01 0.00000E+00 0.00000E+00
 -1        10 9.00000E-01 0.00000E+00 0.00000E+00
 -1        11 1.00000E+00 0.00000E+00 0.00000E+00
 -1        12 1.10000E+00 0.00000E+00 0.00000E+00
 -1        13 1.20000E+00 0.00000E+00 0.00000E+00
 -1        14 1.30000E+00 0.00000E+00 0.00000E+00
 -1        15 1.40000E+00 0.00000E+00 0.00000E+00
 -1        16 1.50000E+00 0.00000E+00 0.00000E+00
 -1        17 1.60000E+00 0.00000E+00 0.00000E+00
 -1        18 1.70000E+00 0.00000E+00 0.00000E+00
 -1        19 1.80000E+00 0.00000E+00 0.00000E+00
 -1        20 1.90000E+00 0.00000E+00 0.00000E+00
 -1        21 2.00000E+00 0.00000E+00 0.00000E+00
 -1        22 0.00000E+00 1.00000E-01 0.00000E+00
 -1        23 1.00000E-01 1.00000E-01 0.00000E+00
 -1        24 2.00000E-01 1.00000E-01 0.00000E+00
 -1        25 3.00000E-01 1.00000E-01 0.00000E+00
 -1        26 4.00000E-01 1.00000E-01 0.00000E+00
 -1        27 5.00000E-01 1.00000E-01 0.00000E+00
 -1        28 6.00000E-01 1.00000E-01 0.00000E+00
 -1        29 7.00000E-01 1.00000E-01 0.00000E+00
 -1        30 8.00000E-01 1.00000E-01 0.00000E+00
 -1        31 9.00000E-01 1.00000E-01 0.00000E+00
 -1        32 1.00000E+00 1.00000E-01 0.00000E+00
 -1        33 1.10000E+00 1.00000E-01 0.00000E+00
 -1        34 1.20000E+00 1.00000E-01 0.00000E+00
 -1        35 1.30000E+00 1.00000E-01 0.00000E+00
 -1        36 1.40000E+00 1.00000E-01 0.00000E+00
 -1        37 1.50000E+00 1.00000E-01 0.00000E+00
 -1        38 1.60000E+00 1.00000E-01 0.00000E+00
 -1        39 1.70000E+00 1.00000E-01 0.00000E+00
 -1        40 1.80000E+00 1.00000E-01 0.00000E+00
 -1        41 1.90000E+00 1.00000E-01 0.00000E+00
 -1        42 2.00000E+00 1.00000E-01 0.00000E+00
 -1        43 0.00000E+00 2.00000E-01 0.00000E+00
 -1        44 1.00000E-01 2.00000E-01 0.00000E+00
 -1        45 2.00000E-01 2.00000E-01 0.00000E+00
 -1        46 3.00000E-01 2.00000E-01 0.00000E+00
 -1        47 4.00000E-01 2.00000E-01 0.00000E+00
 -1        48 5.00000E-01 2.00000E-01 0.00000E+00
 -1        49 6.00000E-01 2.00000E-01 0.00000E+00
 -1        50 7.00000E-01 2.00000E-01 0.00000E+00
 -1        51 8.00000E-01 2.00000E-01 0.00000E+00
 -1        52 9.00000E-01 2.00000E-01 0.00000E+00
 -1        53 1.00000E+00 2.00000E-01 0.00000E+00
 -1        54 1.10000E+00 2.00000E-01 0.00000E+00
 -1        55 1.20000E+00 2.00000E-01 0.00000E+00
 -1        56 1.30000E+00 2.00000E-01 0.00000E+00
 -1        57 1.40000E+00 2.00000E-01 0.00000E+00
 -1        58 1.50000E+00 2.00000E-01 0.00000E+00
 -1        59 1.60000E+00 2.00000E-01 0.00000E+00
 -1        60 1.70000E+00 2.00000E-01 0.00000E+00
 -1        61 1.80000E+00 2.00000E-01 0.00000E+00
 -1        62 1.90000E+00 2.00000E-01 0.00000E+00
 -1        63 2.00000E+00 2.00000E-01 0.00000E+00
 -1        64 0.00000E+00 3.00000E-01 0.00000E+00
 -1        65 1.00000E-01 3.00000E-01 0.00000E+00
 -1        66 2.00000E-01 3.00000E-01 0.00000E+00
 -1        67 3.00000E-01 3.00000E-01 0.00000E+00
 -1        68 4.00000E-01 3.00000E-01 0.00000E+00
 -1        69 5.00000E-01 3.00000E-01 0.00000E+00
 -1        70 6.00000E-01 3.00000E-01 0.00000E+00
 -1        71 7.00000E-01 3.00000E-01 0.00000E+00
 -1        72 8.00000E-01 3.00000E-01 0.00000E+00
 -1        73 9.00000E-01 3.00000E-01 0.00000E+00
 -1        74 1.00000E+00 3.00000E-01 0.00000E+00
 -1        75 1.10000E+00 3.00000E-01 0.00000E+00
 -1        76 1.20000E+00 3.00000E-01 0.00000E+00
 -1        77 1.30000E+00 3.00000E-01 0.00000E+00
 -1        78 1.40000E+00 3.00000E-01 0.00000E+00
 -1        79 1.50000E+00 3.00000E-01 0.00000E+00
 -1        80 1.60000E+00 3.00000E-01 0.00000E+00
 -1        81 1.70000E+00 3.00000E-01 0.00000E+00
 -1        82 1.80000E+00 3.00000E-01 0.00000E+00
 -1        83 1.90000E+00 3.00000E-01 0.00000E+00
 -1        84 2.00000E+00 3.00000E-01 0.00000E+00
 -1        85 0.00000E+00 4.00000E-01 0.00000E+00
 -1        86 1.00000E-01 4.00000E-01 0.00000E+00
 -1        87 2.00000E-01 4.00000E-01 0.00000E+00
 -1        88 3.00000E-01 4.00000E-01 0.00000E+00
 -1        89 4.00000E-01 4.00000E-01 0.00000E+00
 -1        90 5.00000E-01 4.00000E-01 0.00000E+00
 -1        91 6.00000E-01 4.00000E-01 0.00000E+00
 -1        92 7.00000E-01 4.00000E-01 0.00000E+00
 -1        93 8.00000E-01 4.00000E-01 0.00000E+00
 -1        94 9.00000E-01 4.00000E-01 0.00000E+00
 -1        95 1.00000E+00 4.00000E-01 0.00000E+00
 -1        96 1.10000E+00 4.00000E-01 0.00000E+00
 -1        97 1.20000E+00 4.00000E-01 0.00000E+00
 -1        98 1.30000E+00 4.00000E-01 0.00000E+00
 -1        99 1.40000E+00 4.00000E-01 0.00000E+00
 -1       100 1.50000E+00 4.00000E-01 0.00000E+00
 -1       101 1.60000E+00 4.00000E-01 0.00000E+00
 -1       102 1.70000E+00 4.00000E-01 0.00000E+00
 -1       103 1.80000E+00 4.00000E-01 0.00000E+00
 -1       104 1.90000E+00 4.00000E-01 0.00000E+00
 -1       105 2.00000E+00 4.00000E-01 0.00000E+00
 -1       106 0.00000E+00 5.00000E-01 0.00000E+00
 -1       107 1.00000E-01 5.00000E-01 0.00000E+00
 -1       108 2.00000E-01 5.00000E-01 0.00000E+00
 -1       109 3.00000E-01 5.00000E-01 0.00000E+00
 -1       110 4.00000E-01 5.00000E-01 0.00000E+00
 -1       111 5.00000E-01 5.00000E-01 0.00000E+00
 -1       112 6.00000E-01 5.00000E-01 0.00000E+00
 -1       113 7.00000E-01 5.00000E-01 0.00000E+00
 -1       114 8.00000E-01 5.00000E-01 0.00000E+00
 -1       115 9.00000E-01 5.00000E-01 0.00000E+00
 -1       116 1.00000E+00 5.00000E-01 0.00000E+00
 -1       117 1.10000E+00 5.00000E-01 0.00000E+00
 -1       118 1.20000E+00 5.00000E-01 0.00000E+00
 -1       119 1.30000E+00 5.00000E-01 0.00000E+00
 -1       120 1.40000E+00 5.00000E-01 0.00000E+00
 -1       121 1.50000E+00 5.00000E-01 0.00000E+00
 -1       122 1.60000E+00 5.00000E-01 0.00000E+00
 -1       123 1.70000E+00 5.00000E-01 0.00000E+00
 -1       124 1.80000E+00 5.00000E-01 0.00000E+00
 -1       125 1.90000E+00 5.00000E-01 0.00000E+00
 -1       126 2.00000E+00 5.00000E-01 0.00000E+00
 -1       127 0.00000E+00 6.00000E-01 0.00000E+00
 -1       128 1.00000E-01 6.00000E-01 0.00000E+00
 -1       129 2.00000E-01 6.00000E-01 0.00000E+00
 -1       130 3.00000E-01 6.00000E-01 0.00000E+00
 -1       131 4.00000E-01 6.00000E-01 0.00000E+00
 -1       132 5.00000E-01 6.00000E-01 0.00000E+00
 -1       133 6.00000E-01 6.00000E-01 0.00000E+00
 -1       134 7.00000E-01 6.00000E-01 0.00000E+00
 -1       135 8.00000E-01 6.00000E-01 0.00000E+00
 -1       136 9.00000E-01 6.00000E-01 0.00000E+00
 -1       137 1.00000E+00 6.00000E-01 0.00000E+00
 -1       138 1.10000E+00 6.00000E-01 0.00000E+00
 -1       139 1.20000E+00 6.00000E-01 0.00000E+00
 -1       140 1.30000E+00 6.00000E-01 0.00000E+00
 -1       141 1.40000E+00 6.00000E-01 0.00000E+00
 -1       142 1.50000E+00 6.00000E-01 0.00000E+00
 -1       143 1.60000E+00 6.00000E-01 0.00000E+00
 -1       144 1.70000E+00 6.00000E-01 0.00000E+00
 -1       145 1.80000E+00 6.00000E-01 0.00000E+00
 -1       146 1.90000E+00 6.00000E-01 0.00000E+00
 -1       147 2.00000E+00 6.00000E-01 0.00000E+00
 -1       148 0.00000E+00 7.00000E-01 0.00000E+00
 -1       149 1.00000E-01 7.00000E-01 0.00000E+00
 -1       150 2.00000E-01 7.00000E-01 0.00000E+00
 -1       151 3.00000E-01 7.00000E-01 0.00000E+00
 -1       152 4.00000E-01 7.00000E-01 0.00000E+00
 -1       153 5.00000E-01 7.00000E-01 0.00000E+00
 -1       154 6.00000E-01 7.00000E-01 0.00000E+00
 -1       155 7.00000E-01 7.00000E-01 0.00000E+00
 -1       156 8.00000E-01 7.00000E-01 0.00000E+00
 -1       157 9.00000E-01 7.00000E-01 0.00000E+00
 -1       158 1.00000E+00 7.00000E-01 0.00000E+00
 -1       159 1.10000E+00 7.00000E-01 0.00000E+00
 -1       160 1.20000E+00 7.00000E-01 0.00000E+00
 -1       161 1.30000E+00 7.00000E-01 0.00000E+00
 -1       162 1.40000E+00 7.00000E-01 0.00000E+00
 -1       163 1.50000E+00 7.00000E-01 0.00000E+00
 -1       164 1.60000E+00 7.00000E-01 0.00000E+00
 -1       165 1.70000E+00 7.00000E-01 0.00000E+00
 -1       166 1.80000E+00 7.00000E-01 0.00000E+00
 -1       167 1.90000E+00 7.00000E-01 0.00000E+00
 -1       168 2.00000E+00 7.00000E-01 0.00000E+00
 -1       169 0.00000E+00 8.00000E-01 0.00000E+00
 -1       170 1.00000E-01 8.00000E-01 0.00000E+00
 -1       171 2.00000E-01 8.00000E-01 0.00000E+00
 -1       172 3.00000E-01 8.00000E-01 0.00000E+00
 -1       173 4.00000E-01 8.00000E-01 0.00000E+00
 -1       174 5.00000E-01 8.00000E-01 0.00000E+00
 -1       175 6.00000E-01 8.00000E-01 0.00000E+00
 -1       176 7.00000E-01 8.00000E-01 0.00000E+00
 -1       177 8.00000E-01 8.00000E-01 0.00000E+00
 -1       178 9.00000E-01 8.00000E-01 0.00000E+00
 -1       179 1.00000E+00 8.00000E-01 0.00000E+00
 -1       180 1.10000E+00 8.00000E-01 0.00000E+00
 -1       181 1.20000E+00 8.00000E-01 0.00000E+00
 -1       182 1.30000E+00 8.00000E-01 0.00000E+00
 -1       183 1.40000E+00 8.00000E-01 0.00000E+00
 -1       184 1.50000E+00 8.00000E-01 0.00000E+00
 -1       185 1.60000E+00 8.00000E-01 0.00000E+00
 -1       186 1.70000E+00 8.00000E-01 0.00000E+00
 -1       187 1.80000E+00 8.00000E-01 0.00000E+00
 -1       188 1.90000E+00 8.00000E-01 0.00000E+00
 -1       189 2.00000E+00 8.00000E-01 0.00000E+00
 -1       190 0.00000E+00 9.00000E-01 0.00000E+00
 -1       191 1.00000E-01 9.00000E-01 0.00000E+00
 -1       192 2.00000E-01 9.00000E-01 0.00000E+00
 -1       193 3.00000E-01 9.00000E-01 0.00000E+00
 -1       194 4.00000E-01 9.00000E-01 0.00000E+00
 -1       195 5.00000E-01 9.00000E-01 0.00000E+00
 -1       196 6.00000E-01 9.00000E-01 0.00000E+00
 -1       197 7.00000E-01 9.00000E-01 0.00000E+00
 -1       198 8.00000E-01 9.00000E-01 0.00000E+00
 -1       199 9.00000E-01 9.00000E-01 0.00000E+00
 -1       200 1.00000E+00 9.00000E-01 0.00000E+00
 -1       201 1.10000E+00 9.00000E-01 0.00000E+00
 -1       202 1.20000E+00 9.00000E-01 0.00000E+00
 -1       203 1.30000E+00 9.00000E-01 0.00000E+00
 -1       204 1.40000E+00 9.00000E-01 0.00000E+00
 -1       205 1.50000E+00 9.00000E-01 0.00000E+00
 -1       206 1.60000E+00 9.00000E-01 0.00000E+00
 -1       207 1.70000E+00 9.00000E-01 0.00000E+00
 -1       208 1.80000E+00 9.00000E-01 0.00000E+00
 -1       209 1.90000E+00 9.00000E-01 0.00000E+00
 -1       210 2.00000E+00 9.00000E-01 0.00000E+00
 -1       211 0.00000E+00 1.00000E+00 0.00000E+00
 -1       212 1.00000E-01 1.00000E+00 0.00000E+00
 -1       213 2.00000E-01 1.00000E+00 0.00000E+00
 -1       214 3.00000E-01 1.00000E+00 0.00000E+00
 -1       215 4.00000E-01 1.00000E+00 0.00000E+00
 -1       216 5.00000E-01 1.00000E+00 0.00000E+00
 -1       217 6.00000E-01 1.00000E+00 0.00000E+00
 -1       218 7.00000E-01 1.00000E+00 0.00000E+00
 -1       219 8.00000E-01 1.00000E+00 0.00000E+00
 -1       220 9.00000E-01 1.00000E+00 0.00000E+00
 -1       221 1.00000E+00 1.00000E+00 0.00000E+00
 -1       222 1.10000E+00 1.00000E+00 0.00000E+00
 -1       223 1.20000E+00 1.00000E+00 0.00000E+00
 -1       224 1.30000E+00 1.00000E+00 0.00000E+00
 -1       225 1.40000E+00 1.00000E+00 0.00000E+00
 -1       226 1.50000E+00 1.00000E+00 0.00000E+00
 -1       227 1.60000E+00 1.00000E+00 0.00000E+00
 -1       228 1.70000E+00 1.00000E+00 0.00000E+00
 -1       229 1.80000E+00 1.00000E+00 0.00000E+00
 -1       230 1.90000E+00 1.00000E+00 0.00000E+00
 -1       231 2.00000E+00 1.00000E+00 0.00000E+00
 -3
    3C                           200                                     1
 -1         1    9    0    1
 -2         1         2        23        22
 -1         2    9    0    1
 -2         2         3        24        23
 -1         3    9    0    1
 -2         3         4        25        24
 -1         4    9    0    1
 -2         4         5        26        25
 -1         5    9    0    1
 -2         5         6        27        26
 -1         6    9    0    1
 -2         6         7        28        27
 -1         7    9    0    1
 -2         7         8        29        28
 -1         8    9    0    1
 -2         8         9        30        29
 -1         9    9    0    1
 -2         9        10        31        30
 -1        10    9    0    1
 -2        10        11        32        31
 -1        11    9    0    1
 -2        11        12        33        32
 -1        12    9    0    1
 -2        12        13        34        33
 -1        13    9    0    1
 -2        13        14        35        34
 -1        14    9    0    1
 -2        14        15        36        35
 -1        15    9    0    1
 -2        15        16        37        36
 -1        16    9    0    1
 -2        16        17        38        37
 -1        17    9    0    1
 -2        17        18        39        38
 -1        18    9    0    1
 -2        18        19        40        39
 -1        19    9    0    1
 -2        19        20        41        40
 -1        20    9    0    1
 -2        20        21        42        41
 -1        21    9    0    1
 -2        22        23        44        43
 -1        22    9    0    1
 -2        23        24        45        44
 -1        23    9    0    1
 -2        24        25        46        45
 -1        24    9    0    1
 -2        25        26        47        46
 -1        25    9    0    1
 -2        26        27        48        47
 -1        26    9    0    1
 -2        27        28        49        48
 -1        27    9    0    1
 -2        28        29        50        49
 -1        28    9    0    1
 -2        29        30        51        50
 -1        29    9    0    1
 -2        30        31        52        51
 -1        30    9    0    1
 -2        31        32        53        52
 -1        31    9    0    1
 -2        32        33        54        53
 -1        32    9    0    1
 -2        33        34        55        54
 -1        33    9    0    1
 -2        34        35        56        55
 -1        34    9    0    1
 -2        35        36        57        56
 -1        35    9    0    1
 -2        36        37        58        57
 -1        36    9    0    1
 -2        37        38        59        58
 -1        37    9    0    1
 -2        38        39        60        59
 -1        38    9    0    1
 -2        39        40        61        60
 -1        39    9    0    1
 -2        40        41        62        61
 -1        40    9    0    1
 -2        41        42        63        62
 -1        41    9    0    1
 -2        43        44        65        64
 -1        42    9    0    1
 -2        44        45        66        65
 -1        43    9    0    1
 -2        45        46        67        66
 -1        44    9    0    1
 -2        46        47        68        67
 -1        45    9    0    1
 -2        47        48        69        68
 -1        46    9    0    1
 -2        48        49        70        69
 -1        47    9    0    1
 -2        49        50        71        70
 -1        48    9    0    1
 -2        50        51        72        71
 -1        49    9    0    1
 -2        51        52        73        72
 -1        50    9    0    1
 -2        52        53        74        73
 -1        51    9    0    1
 -2        53        54        75        74
 -1        52    9    0    1
 -2        54        55        76        75
 -1        53    9    0    1
 -2        55        56        77        76
 -1        54    9    0    1
 -2        56        57        78        77
 -1        55    9    0    1
 -2        57        58        79        78
 -1        56    9    0    1
 -2        58        59        80        79
 -1        57    9    0    1
 -2        59        60        81        80
 -1        58    9    0    1
 -2        60        61        82        81
 -1        59    9    0    1
 -2        61        62        83        82
 -1        60    9    0    1
 -2        62        63        84        83
 -1        61    9    0    1
 -2        64        65        86        85
 -1        62    9    0    1
 -2        65        66        87        86
 -1        63    9    0    1
 -2        66        67        88        87
 -1        64    9    0    1
 -2        67        68        89        88
 -1        65    9    0    1
 -2        68        69        90        89
 -1        66    9    0    1
 -2        69        70        91        90
 -1        67    9    0    1
 -2        70        71        92        91
 -1        68    9    0    1
 -2        71        72        93        92
 -1        69    9    0    1
 -2        72        73        94        93
 -1        70    9    0    1
 -2        73        74        95        94
 -1        71    9    0    1
 -2        74        75        96        95
 -1        72    9    0    1
 -2        75        76        97        96
 -1        73    9    0    1
 -2        76        77        98        97
 -1        74    9    0    1
 -2        77        78        99        98
 -1        75    9    0    1
 -2        78        79       100        99
 -1        76    9    0    1
 -2        79        80       101       100
 -1        77    9    0    1
 -2        80        81       102       101
 -1        78    9    0    1
 -2        81        82       103       102
 -1        79    9    0    1
 -2        82        83       104       103
 -1        80    9    0    1
 -2        83        84       105       104
 -1        81    9    0    1
 -2        85        86       107       106
 -1        82    9    0    1
 -2        86        87       108       107
 -1        83    9    0    1
 -2        87        88       109       108
 -1        84    9    0    1
 -2        88        89       110       109
 -1        85    9    0    1
 -2        89        90       111       110
 -1        86    9    0    1
 -2        90        91       112       111
 -1        87    9    0    1
 -2        91        92       113       112
 -1        88    9    0    1
 -2        92        93       114       113
 -1        89    9    0    1
 -2        93        94       115       114
 -1        90    9    0    1
 -2        94        95       116       115
 -1        91    9    0    1
 -2        95        96       117       116
 -1        92    9    0    1
 -2        96        97       118       117
 -1        93    9    0    1
 -2        97        98       119       118
 -1        94    9    0    1
 -2        98        99       120       119
 -1        95    9    0    1
 -2        99       100       121       120
 -1        96    9    0    1
 -2       100       101       122       121
 -1        97    9    0    1
 -2       101       102       123       122
 -1        98    9    0    1
 -2       102       103       124       123
 -1        99    9    0    1
 -2       103       104       125       124
 -1       100    9    0    1
 -2       104       105       126       125
 -1       101    9    0    1
 -2       106       107       128       127
 -1       102    9    0    1
 -2       107       108       129       128
 -1       103    9    0    1
 -2       108       109       130       129
 -1       104    9    0    1
 -2       109       110       131       130
 -1       105    9    0    1
 -2       110       111       132       131
 -1       106    9    0    1
 -2       111       112       133       132
 -1       107    9    0    1
 -2       112       113       134       133
 -1       108    9    0    1
 -2       113       114       135       134
 -1       109    9    0    1
 -2       114       115       136       135
 -1       110    9    0    1
 -2       115       116       137       136
 -1       111    9    0    1
 -2       116       117       138       137
 -1       112    9    0    1
 -2       117       118       139       138
 -1       113    9    0    1
 -2       118       119       140       139
 -1       114    9    0    1
 -2       119       120       141       140
 -1       115    9    0    1
 -2       120       121       142       141
 -1       116    9    0    1
 -2       121       122       143       142
 -1       117    9    0    1
 -2       122       123       144       143
 -1       118    9    0    1
 -2       123       124       145       144
 -1       119    9    0    1
 -2       124       125       146       145
 -1       120    9    0    1
 -2       125       126       147       146
 -1       121    9    0    1
 -2       127       128       149       148
 -1       122    9    0    1
 -2       128       129       150       149
 -1       123    9    0    1
 -2       129       130       151       150
 -1       124    9    0    1
 -2       130       131       152       151
 -1       125    9    0    1
 -2       131       132       153       152
 -1       126    9    0    1
 -2       132       133       154       153
 -1       127    9    0    1
 -2       133       134       155       154
 -1       128    9    0    1
 -2       134       135       156       155
 -1       129    9    0    1
 -2       135       136       157       156
 -1       130    9    0    1
 -2       136       137       158       157
 -1       131    9    0    1
 -2       137       138       159       158
 -1       132    9    0    1
 -2       138       139       160       159
 -1       133    9    0    1
 -2       139       140       161       160
 -1       134    9    0    1
 -2       140       141       162       161
 -1       135    9    0    1
 -2       141       142       163       162
 -1       136    9    0    1
 -2       142       143       164       163
 -1       137    9    0    1
 -2       143       144       165       164
 -1       138    9    0    1
 -2       144       145       166       165
 -1       139    9    0    1
 -2       145       146       167       166
 -1       140    9    0    1
 -2       146       147       168       167
 -1       141    9    0    1
 -2       148       149       170       169
 -1       142    9    0    1
 -2       149       150       171       170
 -1       143    9    0    1
 -2       150       151       172       171
 -1       144    9    0    1
 -2       151       152       173       172
 -1       145    9    0    1
 -2       152       153       174       173
 -1       146    9    0    1
 -2       153       154       175       174
 -1       147    9    0    1
 -2       154       155       176       175
 -1       148    9    0    1
 -2       155       156       177       176
 -1       149    9    0    1
 -2       156       157       178       177
 -1       150    9    0    1
 -2       157       158       179       178
 -1       151    9    0    1
 -2       158       159       180       179
 -1       152    9    0    1
 -2       159       160       181       180
 -1       153    9    0    1
 -2       160       161       182       181
 -1       154    9    0    1
 -2       161       162       183       182
 -1       155    9    0    1
 -2       162       163       184       183
 -1       156    9    0    1
 -2       163       164       185       184
 -1       157    9    0    1
 -2       164       165       186       185
 -1       158    9    0    1
 -2       165       166       187       186
 -1       159    9    0    1
 -2       166       167       188       187
 -1       160    9    0    1
 -2       167       168       189       188
 -1       161    9    0    1
 -2       169       170       191       190
 -1       162    9    0    1
 -2       170       171       192       191
 -1       163    9    0    1
 -2       171       172       193       192
 -1       164    9    0    1
 -2       172       173       194       193
 -1       165    9    0    1
 -2       173       174       195       194
 -1       166    9    0    1
 -2       174       175       196       195
 -1       167    9    0    1
 -2       175       176       197       196
 -1       168    9    0    1
 -2       176       177       198       197
 -1       169    9    0    1
 -2       177       178       199       198
 -1       170    9    0    1
 -2       178       179       200       199
 -1       171    9    0    1
 -2       179       180       201       200
 -1       172    9    0    1
 -2       180       181       202       201
 -1       173    9    0    1
 -2       181       182       203       202
 -1       174    9    0    1
 -2       182       183       204       203
 -1       175    9    0    1
 -2       183       184       205       204
 -1       176    9    0    1
 -2       184       185       206       205
 -1       177    9    0    1
 -2       185       186       207       206
 -1       178    9    0    1
 -2       186       187       208       207
 -1       179    9    0    1
 -2       187       188       209       208
 -1       180    9    0    1
 -2       188       189       210       209
 -1       181    9    0    1
 -2       190       191       212       211
 -1       182    9    0    1
 -2       191       192       213       212
 -1       183    9    0    1
 -2       192       193       214       213
 -1       184    9    0    1
 -2       193       194       215       214
 -1       185    9    0    1
 -2       194       195       216       215
 -1       186    9    0    1
 -2       195       196       217       216
 -1       187    9    0    1
 -2       196       197       218       217
 -1       188    9    0    1
 -2       197       198       219       218
 -1       189    9    0    1
 -2       198       199       220       219
 -1       190    9    0    1
 -2       199       200       221       220
 -1       191    9    0    1
 -2       200       201       222       221
 -1       192    9    0    1
 -2       201       202       223       222
 -1       193    9    0    1
 -2       202       203       224       223
 -1       194    9    0    1
 -2       203       204       225       224
 -1       195    9    0    1
 -2       204       205       226       225
 -1       196    9    0    1
 -2       205       206       227       226
 -1       197    9    0    1
 -2       206       207       228       227
 -1       198    9    0    1
 -2       207       208       229       228
 -1       199    9    0    1
 -2       208       209       230       229
 -1       200    9    0    1
 -2       209       210       231       230
 -3
    1PSTEP                         1           1           1          
  100CL  101 5.00000E-01         231                     1    1           1
 -4  NDTEMP      1    1
 -5  T           1    1    0    0
 -1         1 1.00000E+02
 -1         2 7.78939E+01
 -1         3 5.83600E+01
 -1         4 4.31075E+01
 -1         5 3.25839E+01
 -1         6 2.61680E+01
 -1         7 2.27116E+01
 -1         8 2.10663E+01
 -1         9 2.03742E+01
 -1        10 2.01170E+01
 -1        11 2.00326E+01
 -1        12 2.00080E+01
 -1        13 2.00018E+01
 -1        14 2.00003E+01
 -1        15 2.00001E+01
 -1        16 2.00000E+01
 -1        17 2.00000E+01
 -1        18 2.00000E+01
 -1        19 2.00000E+01
 -1        20 2.00000E+01
 -1        21 2.00000E+01
 -1        22 1.00000E+02
 -1        23 7.78939E+01
 -1        24 5.83600E+01
 -1        25 4.31075E+01
 -1        26 3.25839E+01
 -1        27 2.61680E+01
 -1        28 2.27116E+01
 -1        29 2.10663E+01
 -1        30 2.03742E+01
 -1        31 2.01170E+01
 -1        32 2.00326E+01
 -1        33 2.00080E+01
 -1        34 2.00018E+01
 -1        35 2.00003E+01
 -1        36 2.00001E+01
 -1        37 2.00000E+01
 -1        38 2.00000E+01
 -1        39 2.00000E+01
 -1        40 2.00000E+01
 -1        41 2.00000E+01
 -1        42 2.00000E+01
 -1        43 1.00000E+02
 -1        44 7.78939E+01
 -1        45 5.83600E+01
 -1        46 4.31075E+01
 -1        47 3.25839E+01
 -1        48 2.61680E+01
 -1        49 2.27116E+01
 -1        50 2.10663E+01
 -1        51 2.03742E+01
 -1        52 2.01170E+01
 -1        53 2.00326E+01
 -1        54 2.00080E+01
 -1        55 2.00018E+01
 -1        56 2.00003E+01
 -1        57 2.00001E+01
 -1        58 2.00000E+01
 -1        59 2.00000E+01
 -1        60 2.00000E+01
 -1        61 2.00000E+01
 -1        62 2.00000E+01
 -1        63 2.00000E+01
 -1        64 1.00000E+02
 -1        65 7.78939E+01
 -1        66 5.83600E+01
 -1        67 4.31075E+01
 -1        68 3.25839E+01
 -1        69 2.61680E+01
 -1        70 2.27116E+01
 -1        71 2.10663E+01
 -1        72 2.03742E+01
 -1        73 2.01170E+01
 -1        74 2.00326E+01
 -1        75 2.00080E+01
 -1        76 2.00018E+01
 -1        77 2.00003E+01
 -1        78 2.00001E+01
 -1        79 2.00000E+01
 -1        80 2.00000E+01
 -1        81 2.00000E+01
 -1        82 2.00000E+01
 -1        83 2.00000E+01
 -1        84 2.00000E+01
 -1        85 1.00000E+02
 -1        86 7.78939E+01
 -1        87 5.83600E+01
 -1        88 4.31075E+01
 -1        89 3.25839E+01
 -1        90 2.61680E+01
 -1        91 2.27116E+01
 -1        92 2.10663E+01
 -1        93 2.03742E+01
 -1        94 2.01170E+01
 -1        95 2.00326E+01
 -1        96 2.00080E+01
 -1        97 2.00018E+01
 -1        98 2.00003E+01
 -1        99 2.00001E+01
 -1       100 2.00000E+01
 -1       101 2.00000E+01
 -1       102 2.00000E+01
 -1       103 2.00000E+01
 -1       104 2.00000E+01
 -1       105 2.00000E+01
 -1       106 1.00000E+02
 -1       107 7.78939E+01
 -1       108 5.83600E+01
 -1       109 4.31075E+01
 -1       110 3.25839E+01
 -1       111 2.61680E+01
 -1       112 2.27116E+01
 -1       113 2.10663E+01
 -1       114 2.03742E+01
 -1       115 2.01170E+01
 -1       116 2.00326E+01
 -1       117 2.00080E+01
 -1       118 2.00018E+01
 -1       119 2.00003E+01
 -1       120 2.00001E+01
 -1       121 2.00000E+01
 -1       122 2.00000E+01
 -1       123 2.00000E+01
 -1       124 2.00000E+01
 -1       125 2.00000E+01
 -1       126 2.00000E+01
 -1       127 1.00000E+02
 -1       128 7.78939E+01
 -1       129 5.83600E+01
 -1       130 4.31075E+01
 -1       131 3.25839E+01
 -1       132 2.61680E+01
 -1       133 2.27116E+01
 -1       134 2.10663E+01
 -1       135 2.03742E+01
 -1       136 2.01170E+01
 -1       137 2.00326E+01
 -1       138 2.00080E+01
 -1       139 2.00018E+01
 -1       140 2.00003E+01
 -1       141 2.00001E+01
 -1       142 2.00000E+01
 -1       143 2.00000E+01
 -1       144 2.00000E+01
 -1       145 2.00000E+01
 -1       146 2.00000E+01
 -1       147 2.00000E+01
 -1       148 1.00000E+02
 -1       149 7.78939E+01
 -1       150 5.83600E+01
 -1       151 4.31075E+01
 -1       152 3.25839E+01
 -1       153 2.61680E+01
 -1       154 2.27116E+01
 -1       155 2.10663E+01
 -1       156 2.03742E+01
 -1       157 2.01170E+01
 -1       158 2.00326E+01
 -1       159 2.00080E+01
 -1       160 2.00018E+01
 -1       161 2.00003E+01
 -1       162 2.00001E+01
 -1       163 2.00000E+01
 -1       164 2.00000E+01
 -1       165 2.00000E+01
 -1       166 2.00000E+01
 -1       167 2.00000E+01
 -1       168 2.00000E+01
 -1       169 1.00000E+02
 -1       170 7.78939E+01
 -1       171 5.83600E+01
 -1       172 4.31075E+01
 -1       173 3.25839E+01
 -1       174 2.61680E+01
 -1       175 2.27116E+01
 -1       176 2.10663E+01
 -1       177 2.03742E+01
 -1       178 2.01170E+01
 -1       179 2.00326E+01
 -1       180 2.00080E+01
 -1       181 2.00018E+01
 -1       182 2.00003E+01
 -1       183 2.00001E+01
 -1       184 2.00000E+01
 -1       185 2.00000E+01
 -1       186 2.00000E+01
 -1       187 2.00000E+01
 -1       188 2.00000E+01
 -1       189 2.00000E+01
 -1       190 1.00000E+02
 -1       191 7.78939E+01
 -1       192 5.83600E+01
 -1       193 4.31075E+01
 -1       194 3.25839E+01
 -1       195 2.61680E+01
 -1       196 2.27116E+01
 -1       197 2.10663E+01
 -1       198 2.03742E+01
 -1       199 2.01170E+01
 -1       200 2.00326E+01
 -1       201 2.00080E+01
 -1       202 2.00018E+01
 -1       203 2.00003E+01
 -1       204 2.00001E+01
 -1       205 2.00000E+01
 -1       206 2.00000E+01
 -1       207 2.00000E+01
 -1       208 2.00000E+01
 -1       209 2.00000E+01
 -1       210 2.00000E+01
 -1       211 1.00000E+02
 -1       212 7.78939E+01
 -1       213 5.83600E+01
 -1       214 4.31075E+01
 -1       215 3.25839E+01
 -1       216 2.61680E+01
 -1       217 2.27116E+01
 -1       218 2.10663E+01
 -1       219 2.03742E+01
 -1       220 2.01170E+01
 -1       221 2.00326E+01
 -1       222 2.00080E+01
 -1       223 2.00018E+01
 -1       224 2.00003E+01
 -1       225 2.00001E+01
 -1       226 2.00000E+01
 -1       227 2.00000E+01
 -1       228 2.00000E+01
 -1       229 2.00000E+01
 -1       230 2.00000E+01
 -1       231 2.00000E+01
 -3
    1PSTEP                         2           2           1          
  100CL  102 1.00000E+00         231                     1    2           1
 -4  NDTEMP      1    1
 -5  T           1    1    0    0
 -1         1 1.00000E+02
 -1         2 8.42070E+01
 -1         3 6.93660E+01
 -1         4 5.62604E+01
 -1         5 4.53848E+01
 -1         6 3.69040E+01
 -1         7 3.06892E+01
 -1         8 2.64095E+01
 -1         9 2.36400E+01
 -1        10 2.19559E+01
 -1        11 2.09935E+01
 -1        12 2.04768E+01
 -1        13 2.02160E+01
 -1        14 2.00923E+01
 -1        15 2.00372E+01
 -1        16 2.00141E+01
 -1        17 2.00051E+01
 -1        18 2.00017E+01
 -1        19 2.00005E+01
 -1        20 2.00002E+01
 -1        21 2.00000E+01
 -1        22 1.00000E+02
 -1        23 8.42070E+01
 -1        24 6.93660E+01
 -1        25 5.62604E+01
 -1        26 4.53848E+01
 -1        27 3.69040E+01
 -1        28 3.06892E+01
 -1        29 2.64095E+01
 -1        30 2.36400E+01
 -1        31 2.19559E+01
 -1        32 2.09935E+01
 -1        33 2.04768E+01
 -1        34 2.02160E+01
 -1        35 2.00923E+01
 -1        36 2.00372E+01
 -1        37 2.00141E+01
 -1        38 2.00051E+01
 -1        39 2.00017E+01
 -1        40 2.00005E+01
 -1        41 2.00002E+01
 -1        42 2.00000E+01
 -1        43 1.00000E+02
 -1        44 8.42070E+01
 -1        45 6.93660E+01
 -1        46 5.62604E+01
 -1        47 4.53848E+01
 -1        48 3.69040E+01
 -1        49 3.06892E+01
 -1        50 2.64095E+01
 -1        51 2.36400E+01
 -1        52 2.19559E+01
 -1        53 2.09935E+01
 -1        54 2.04768E+01
 -1        55 2.02160E+01
 -1        56 2.00923E+01
 -1        57 2.00372E+01
 -1        58 2.00141E+01
 -1        59 2.00051E+01
 -1        60 2.00017E+01
 -1        61 2.00005E+01
 -1        62 2.00002E+01
 -1        63 2.00000E+01
 -1        64 1.00000E+02
 -1        65 8.42070E+01
 -1        66 6.93660E+01
 -1        67 5.62604E+01
 -1        68 4.53848E+01
 -1        69 3.69040E+01
 -1        70 3.06892E+01
 -1        71 2.64095E+01
 -1        72 2.36400E+01
 -1        73 2.19559E+01
 -1        74 2.09935E+01
 -1        75 2.04768E+01
 -1        76 2.02160E+01
 -1        77 2.00923E+01
 -1        78 2.00372E+01
 -1        79 2.00141E+01
 -1        80 2.00051E+01
 -1        81 2.00017E+01
 -1        82 2.00005E+01
 -1        83 2.00002E+01
 -1        84 2.00000E+01
 -1        85 1.00000E+02
 -1        86 8.42070E+01
 -1        87 6.93660E+01
 -1        88 5.62604E+01
 -1        89 4.53848E+01
 -1        90 3.69040E+01
 -1        91 3.06892E+01
 -1        92 2.64095E+01
 -1        93 2.36400E+01
 -1        94 2.19559E+01
 -1        95 2.09935E+01
 -1        96 2.04768E+01
 -1        97 2.02160E+01
 -1        98 2.00923E+01
 -1        99 2.00372E+01
 -1       100 2.00141E+01
 -1       101 2.00051E+01
 -1       102 2.00017E+01
 -1       103 2.00005E+01
 -1       104 2.00002E+01
 -1       105 2.00000E+01
 -1       106 1.00000E+02
 -1       107 8.42070E+01
 -1       108 6.93660E+01
 -1       109 5.62604E+01
 -1       110 4.53848E+01
 -1       111 3.69040E+01
 -1       112 3.06892E+01
 -1       113 2.64095E+01
 -1       114 2.36400E+01
 -1       115 2.19559E+01
 -1       116 2.09935E+01
 -1       117 2.04768E+01
 -1       118 2.02160E+01
 -1       119 2.00923E+01
 -1       120 2.00372E+01
 -1       121 2.00141E+01
 -1       122 2.00051E+01
 -1       123 2.00017E+01
 -1       124 2.00005E+01
 -1       125 2.00002E+01
 -1       126 2.00000E+01
 -1       127 1.00000E+02
 -1       128 8.42070E+01
 -1       129 6.93660E+01
 -1       130 5.62604E+01
 -1       131 4.53848E+01
 -1       132 3.69040E+01
 -1       133 3.06892E+01
 -1       134 2.64095E+01
 -1       135 2.36400E+01
 -1       136 2.19559E+01
 -1       137 2.09935E+01
 -1       138 2.04768E+01
 -1       139 2.02160E+01
 -1       140 2.00923E+01
 -1       141 2.00372E+01
 -1       142 2.00141E+01
 -1       143 2.00051E+01
 -1       144 2.00017E+01
 -1       145 2.00005E+01
 -1       146 2.00002E+01
 -1       147 2.00000E+01
 -1       148 1.00000E+02
 -1       149 8.42070E+01
 -1       150 6.93660E+01
 -1       151 5.62604E+01
 -1       152 4.53848E+01
 -1       153 3.69040E+01
 -1       154 3.06892E+01
 -1       155 2.64095E+01
 -1       156 2.36400E+01
 -1       157 2.19559E+01
 -1       158 2.09935E+01
 -1       159 2.04768E+01
 -1       160 2.02160E+01
 -1       161 2.00923E+01
 -1       162 2.00372E+01
 -1       163 2.00141E+01
 -1       164 2.00051E+01
 -1       165 2.00017E+01
 -1       166 2.00005E+01
 -1       167 2.00002E+01
 -1       168 2.00000E+01
 -1       169 1.00000E+02
 -1       170 8.42070E+01
 -1       171 6.93660E+01
 -1       172 5.62604E+01
 -1       173 4.53848E+01
 -1       174 3.69040E+01
 -1       175 3.06892E+01
 -1       176 2.64095E+01
 -1       177 2.36400E+01
 -1       178 2.19559E+01
 -1       179 2.09935E+01
 -1       180 2.04768E+01
 -1       181 2.02160E+01
 -1       182 2.00923E+01
 -1       183 2.00372E+01
 -1       184 2.00141E+01
 -1       185 2.00051E+01
 -1       186 2.00017E+01
 -1       187 2.00005E+01
 -1       188 2.00002E+01
 -1       189 2.00000E+01
 -1       190 1.00000E+02
 -1       191 8.42070E+01
 -1       192 6.93660E+01
 -1       193 5.62604E+01
 -1       194 4.53848E+01
 -1       195 3.69040E+01
 -1       196 3.06892E+01
 -1       197 2.64095E+01
 -1       198 2.36400E+01
 -1       199 2.19559E+01
 -1       200 2.09935E+01
 -1       201 2.04768E+01
 -1       202 2.02160E+01
 -1       203 2.00923E+01
 -1       204 2.00372E+01
 -1       205 2.00141E+01
 -1       206 2.00051E+01
 -1       207 2.00017E+01
 -1       208 2.00005E+01
 -1       209 2.00002E+01
 -1       210 2.00000E+01
 -1       211 1.00000E+02
 -1       212 8.42070E+01
 -1       213 6.93660E+01
 -1       214 5.62604E+01
 -1       215 4.53848E+01
 -1       216 3.69040E+01
 -1       217 3.06892E+01
 -1       218 2.64095E+01
 -1       219 2.36400E+01
 -1       220 2.19559E+01
 -1       221 2.09935E+01
 -1       222 2.04768E+01
 -1       223 2.02160E+01
 -1       224 2.00923E+01
 -1       225 2.00372E+01
 -1       226 2.00141E+01
 -1       227 2.00051E+01
 -1       228 2.00017E+01
 -1       229 2.00005E+01
 -1       230 2.00002E+01
 -1       231 2.00000E+01
 -3
    1PSTEP                         3           3           1          
  100CL  103 1.50000E+00         231                     1    3           1
 -4  NDTEMP      1    1
 -5  T           1    1    0    0
 -1         1 1.00000E+02
 -1         2 8.70605E+01
 -1         3 7.46473E+01
 -1         4 6.32233E+01
 -1         5 5.31373E+01
 -1         6 4.45947E+01
 -1         7 3.76537E+01
 -1         8 3.22434E+01
 -1         9 2.81976E+01
 -1        10 2.52954E+01
 -1        11 2.32981E+01
 -1        12 2.19796E+01
 -1        13 2.11445E+01
 -1        14 2.06371E+01
 -1        15 2.03413E+01
 -1        16 2.01760E+01
 -1        17 2.00873E+01
 -1        18 2.00416E+01
 -1        19 2.00191E+01
 -1        20 2.00084E+01
 -1        21 2.00036E+01
 -1        22 1.00000E+02
 -1        23 8.70605E+01
 -1        24 7.46473E+01
 -1        25 6.32233E+01
 -1        26 5.31373E+01
 -1        27 4.45947E+01
 -1        28 3.76537E+01
 -1        29 3.22434E+01
 -1        30 2.81976E+01
 -1        31 2.52954E+01
 -1        32 2.32981E+01
 -1        33 2.19796E+01
 -1        34 2.11445E+01
 -1        35 2.06371E+01
 -1        36 2.03413E+01
 -1        37 2.01760E+01
 -1        38 2.00873E+01
 -1        39 2.00416E+01
 -1        40 2.00191E+01
 -1        41 2.00084E+01
 -1        42 2.00036E+01
 -1        43 1.00000E+02
 -1        44 8.70605E+01
 -1        45 7.46473E+01
 -1        46 6.32233E+01
 -1        47 5.31373E+01
 -1        48 4.45947E+01
 -1        49 3.76537E+01
 -1        50 3.22434E+01
 -1        51 2.81976E+01
 -1        52 2.52954E+01
 -1        53 2.32981E+01
 -1        54 2.19796E+01
 -1        55 2.11445E+01
 -1        56 2.06371E+01
 -1        57 2.03413E+01
 -1        58 2.01760E+01
 -1        59 2.00873E+01
 -1        60 2.00416E+01
 -1        61 2.00191E+01
 -1        62 2.00084E+01
 -1        63 2.00036E+01
 -1        64 1.00000E+02
 -1        65 8.70605E+01
 -1        66 7.46473E+01
 -1        67 6.32233E+01
 -1        68 5.31373E+01
 -1        69 4.45947E+01
 -1        70 3.76537E+01
 -1        71 3.22434E+01
 -1        72 2.81976E+01
 -1        73 2.52954E+01
 -1        74 2.32981E+01
 -1        75 2.19796E+01
 -1        76 2.11445E+01
 -1        77 2.06371E+01
 -1        78 2.03413E+01
 -1        79 2.01760E+01
 -1        80 2.00873E+01
 -1        81 2.00416E+01
 -1        82 2.00191E+01
 -1        83 2.00084E+01
 -1        84 2.00036E+01
 -1        85 1.00000E+02
 -1        86 8.70605E+01
 -1        87 7.46473E+01
 -1        88 6.32233E+01
 -1        89 5.31373E+01
 -1        90 4.45947E+01
 -1        91 3.76537E+01
 -1        92 3.22434E+01
 -1        93 2.81976E+01
 -1        94 2.52954E+01
 -1        95 2.32981E+01
 -1        96 2.19796E+01
 -1        97 2.11445E+01
 -1        98 2.06371E+01
 -1        99 2.03413E+01
 -1       100 2.01760E+01
 -1       101 2.00873E+01
 -1       102 2.00416E+01
 -1       103 2.00191E+01
 -1       104 2.00084E+01
 -1       105 2.00036E+01
 -1       106 1.00000E+02
 -1       107 8.70605E+01
 -1       108 7.46473E+01
 -1       109 6.32233E+01
 -1       110 5.31373E+01
 -1       111 4.45947E+01
 -1       112 3.76537E+01
 -1       113 3.22434E+01
 -1       114 2.81976E+01
 -1       115 2.52954E+01
 -1       116 2.32981E+01
 -1       117 2.19796E+01
 -1       118 2.11445E+01
 -1       119 2.06371E+01
 -1       120 2.03413E+01
 -1       121 2.01760E+01
 -1       122 2.00873E+01
 -1       123 2.00416E+01
 -1       124 2.00191E+01
 -1       125 2.00084E+01
 -1       126 2.00036E+01
 -1       127 1.00000E+02
 -1       128 8.70605E+01
 -1       129 7.46473E+01
 -1       130 6.32233E+01
 -1       131 5.31373E+01
 -1       132 4.45947E+01
 -1       133 3.76537E+01
 -1       134 3.22434E+01
 -1       135 2.81976E+01
 -1       136 2.52954E+01
 -1       137 2.32981E+01
 -1       138 2.19796E+01
 -1       139 2.11445E+01
 -1       140 2.06371E+01
 -1       141 2.03413E+01
 -1       142 2.01760E+01
 -1       143 2.00873E+01
 -1       144 2.00416E+01
 -1       145 2.00191E+01
 -1       146 2.00084E+01
 -1       147 2.00036E+01
 -1       148 1.00000E+02
 -1       149 8.70605E+01
 -1       150 7.46473E+01
 -1       151 6.32233E+01
 -1       152 5.31373E+01
 -1       153 4.45947E+01
 -1       154 3.76537E+01
 -1       155 3.22434E+01
 -1       156 2.81976E+01
 -1       157 2.52954E+01
 -1       158 2.32981E+01
 -1       159 2.19796E+01
 -1       160 2.11445E+01
 -1       161 2.06371E+01
 -1       162 2.03413E+01
 -1       163 2.01760E+01
 -1       164 2.00873E+01
 -1       165 2.00416E+01
 -1       166 2.00191E+01
 -1       167 2.00084E+01
 -1       168 2.00036E+01
 -1       169 1.00000E+02
 -1       170 8.70605E+01
 -1       171 7.46473E+01
 -1       172 6.32233E+01
 -1       173 5.31373E+01
 -1       174 4.45947E+01
 -1       175 3.76537E+01
 -1       176 3.22434E+01
 -1       177 2.81976E+01
 -1       178 2.52954E+01
 -1       179 2.32981E+01
 -1       180 2.19796E+01
 -1       181 2.11445E+01
 -1       182 2.06371E+01
 -1       183 2.03413E+01
 -1       184 2.01760E+01
 -1       185 2.00873E+01
 -1       186 2.00416E+01
 -1       187 2.00191E+01
 -1       188 2.00084E+01
 -1       189 2.00036E+01
 -1       190 1.00000E+02
 -1       191 8.70605E+01
 -1       192 7.46473E+01
 -1       193 6.32233E+01
 -1       194 5.31373E+01
 -1       195 4.45947E+01
 -1       196 3.76537E+01
 -1       197 3.22434E+01
 -1       198 2.81976E+01
 -1       199 2.52954E+01
 -1       200 2.32981E+01
 -1       201 2.19796E+01
 -1       202 2.11445E+01
 -1       203 2.06371E+01
 -1       204 2.03413E+01
 -1       205 2.01760E+01
 -1       206 2.00873E+01
 -1       207 2.00416E+01
 -1       208 2.00191E+01
 -1       209 2.00084E+01
 -1       210 2.00036E+01
 -1       211 1.00000E+02
 -1       212 8.70605E+01
 -1       213 7.46473E+01
 -1       214 6.32233E+01
 -1       215 5.31373E+01
 -1       216 4.45947E+01
 -1       217 3.76537E+01
 -1       218 3.22434E+01
 -1       219 2.81976E+01
 -1       220 2.52954E+01
 -1       221 2.32981E+01
 -1       222 2.19796E+01
 -1       223 2.11445E+01
 -1       224 2.06371E+01
 -1       225 2.03413E+01
 -1       226 2.01760E+01
 -1       227 2.00873E+01
 -1       228 2.00416E+01
 -1       229 2.00191E+01
 -1       230 2.00084E+01
 -1       231 2.00036E+01
 -3
    1PSTEP                         4           4           1          
  100CL  104 2.00000E+00         231                     1    4           1
 -4  NDTEMP      1    1
 -5  T           1    1    0    0
 -1         1 1.00000E+02
 -1         2 8.87747E+01
 -1         3 7.78939E+01
 -1         4 6.76706E+01
 -1         5 5.83600E+01
 -1         6 5.01407E+01
 -1         7 4.31075E+01
 -1         8 3.72740E+01
 -1         9 3.25839E+01
 -1        10 2.89289E+01
 -1        11 2.61680E+01
 -1        12 2.41464E+01
 -1        13 2.27116E+01
 -1        14 2.17245E+01
 -1        15 2.10663E+01
 -1        16 2.06408E+01
 -1        17 2.03742E+01
 -1        18 2.02123E+01
 -1        19 2.01170E+01
 -1        20 2.00626E+01
 -1        21 2.00326E+01
 -1        22 1.00000E+02
 -1        23 8.87747E+01
 -1        24 7.78939E+01
 -1        25 6.76706E+01
 -1        26 5.83600E+01
 -1        27 5.01407E+01
 -1        28 4.31075E+01
 -1        29 3.72740E+01
 -1        30 3.25839E+01
 -1        31 2.89289E+01
 -1        32 2.61680E+01
 -1        33 2.41464E+01
 -1        34 2.27116E+01
 -1        35 2.17245E+01
 -1        36 2.10663E+01
 -1        37 2.06408E+01
 -1        38 2.03742E+01
 -1        39 2.02123E+01
 -1        40 2.01170E+01
 -1        41 2.00626E+01
 -1        42 2.00326E+01
 -1        43 1.00000E+02
 -1        44 8.87747E+01
 -1        45 7.78939E+01
 -1        46 6.76706E+01
 -1        47 5.83600E+01
 -1        48 5.01407E+01
 -1        49 4.31075E+01
 -1        50 3.72740E+01
 -1        51 3.25839E+01
 -1        52 2.89289E+01
 -1        53 2.61680E+01
 -1        54 2.41464E+01
 -1        55 2.27116E+01
 -1        56 2.17245E+01
 -1        57 2.10663E+01
 -1        58 2.06408E+01
 -1        59 2.03742E+01
 -1        60 2.02123E+01
 -1        61 2.01170E+01
 -1        62 2.00626E+01
 -1        63 2.00326E+01
 -1        64 1.00000E+02
 -1        65 8.87747E+01
 -1        66 7.78939E+01
 -1        67 6.76706E+01
 -1        68 5.83600E+01
 -1        69 5.01407E+01
 -1        70 4.31075E+01
 -1        71 3.72740E+01
 -1        72 3.25839E+01
 -1        73 2.89289E+01
 -1        74 2.61680E+01
 -1        75 2.41464E+01
 -1        76 2.27116E+01
 -1        77 2.17245E+01
 -1        78 2.10663E+01
 -1        79 2.06408E+01
 -1        80 2.03742E+01
 -1        81 2.02123E+01
 -1        82 2.01170E+01
 -1        83 2.00626E+01
 -1        84 2.00326E+01
 -1        85 1.00000E+02
 -1        86 8.87747E+01
 -1        87 7.78939E+01
 -1        88 6.76706E+01
 -1        89 5.83600E+01
 -1        90 5.01407E+01
 -1        91 4.31075E+01
 -1        92 3.72740E+01
 -1        93 3.25839E+01
 -1        94 2.89289E+01
 -1        95 2.61680E+01
 -1        96 2.41464E+01
 -1        97 2.27116E+01
 -1        98 2.17245E+01
 -1        99 2.10663E+01
 -1       100 2.06408E+01
 -1       101 2.03742E+01
 -1       102 2.02123E+01
 -1       103 2.01170E+01
 -1       104 2.00626E+01
 -1       105 2.00326E+01
 -1       106 1.00000E+02
 -1       107 8.87747E+01
 -1       108 7.78939E+01
 -1       109 6.76706E+01
 -1       110 5.83600E+01
 -1       111 5.01407E+01
 -1       112 4.31075E+01
 -1       113 3.72740E+01
 -1       114 3.25839E+01
 -1       115 2.89289E+01
 -1       116 2.61680E+01
 -1       117 2.41464E+01
 -1       118 2.27116E+01
 -1       119 2.17245E+01
 -1       120 2.10663E+01
 -1       121 2.06408E+01
 -1       122 2.03742E+01
 -1       123 2.02123E+01
 -1       124 2.01170E+01
 -1       125 2.00626E+01
 -1       126 2.00326E+01
 -1       127 1.00000E+02
 -1       128 8.87747E+01
 -1       129 7.78939E+01
 -1       130 6.76706E+01
 -1       131 5.83600E+01
 -1       132 5.01407E+01
 -1       133 4.31075E+01
 -1       134 3.72740E+01
 -1       135 3.25839E+01
 -1       136 2.89289E+01
 -1       137 2.61680E+01
 -1       138 2.41464E+01
 -1       139 2.27116E+01
 -1       140 2.17245E+01
 -1       141 2.10663E+01
 -1       142 2.06408E+01
 -1       143 2.03742E+01
 -1       144 2.02123E+01
 -1       145 2.01170E+01
 -1       146 2.00626E+01
 -1       147 2.00326E+01
 -1       148 1.00000E+02
 -1       149 8.87747E+01
 -1       150 7.78939E+01
 -1       151 6.76706E+01
 -1       152 5.83600E+01
 -1       153 5.01407E+01
 -1       154 4.31075E+01
 -1       155 3.72740E+01
 -1       156 3.25839E+01
 -1       157 2.89289E+01
 -1       158 2.61680E+01
 -1       159 2.41464E+01
 -1       160 2.27116E+01
 -1       161 2.17245E+01
 -1       162 2.10663E+01
 -1       163 2.06408E+01
 -1       164 2.03742E+01
 -1       165 2.02123E+01
 -1       166 2.01170E+01
 -1       167 2.00626E+01
 -1       168 2.00326E+01
 -1       169 1.00000E+02
 -1       170 8.87747E+01
 -1       171 7.78939E+01
 -1       172 6.76706E+01
 -1       173 5.83600E+01
 -1       174 5.01407E+01
 -1       175 4.31075E+01
 -1       176 3.72740E+01
 -1       177 3.25839E+01
 -1       178 2.89289E+01
 -1       179 2.61680E+01
 -1       180 2.41464E+01
 -1       181 2.27116E+01
 -1       182 2.17245E+01
 -1       183 2.10663E+01
 -1       184 2.06408E+01
 -1       185 2.03742E+01
 -1       186 2.02123E+01
 -1       187 2.01170E+01
 -1       188 2.00626E+01
 -1       189 2.00326E+01
 -1       190 1.00000E+02
 -1       191 8.87747E+01
 -1       192 7.78939E+01
 -1       193 6.76706E+01
 -1       194 5.83600E+01
 -1       195 5.01407E+01
 -1       196 4.31075E+01
 -1       197 3.72740E+01
 -1       198 3.25839E+01
 -1       199 2.89289E+01
 -1       200 2.61680E+01
 -1       201 2.41464E+01
 -1       202 2.27116E+01
 -1       203 2.17245E+01
 -1       204 2.10663E+01
 -1       205 2.06408E+01
 -1       206 2.03742E+01
 -1       207 2.02123E+01
 -1       208 2.01170E+01
 -1       209 2.00626E+01
 -1       210 2.00326E+01
 -1       211 1.00000E+02
 -1       212 8.87747E+01
 -1       213 7.78939E+01
 -1       214 6.76706E+01
 -1       215 5.83600E+01
 -1       216 5.01407E+01
 -1       217 4.31075E+01
 -1       218 3.72740E+01
 -1       219 3.25839E+01
 -1       220 2.89289E+01
 -1       221 2.61680E+01
 -1       222 2.41464E+01
 -1       223 2.27116E+01
 -1       224 2.17245E+01
 -1       225 2.10663E+01
 -1       226 2.06408E+01
 -1       227 2.03742E+01
 -1       228 2.02123E+01
 -1       229 2.01170E+01
 -1       230 2.00626E+01
 -1       231 2.00326E+01
 -3
    1PSTEP                         5           5           1          
  100CL  105 2.50000E+00         231                     1    5           1
 -4  NDTEMP      1    1
 -5  T           1    1    0    0
 -1         1 1.00000E+02
 -1         2 8.99494E+01
 -1         3 8.01464E+01
 -1         4 7.08205E+01
 -1         5 6.21671E+01
 -1         6 5.43356E+01
 -1         7 4.74225E+01
 -1         8 4.14705E+01
 -1         9 3.64723E+01
 -1        10 3.23783E+01
 -1        11 2.91077E+01
 -1        12 2.65592E+01
 -1        13 2.46224E+01
 -1        14 2.31866E+01
 -1        15 2.21485E+01
 -1        16 2.14165E+01
 -1        17 2.09130E+01
 -1        18 2.05752E+01
 -1        19 2.03541E+01
 -1        20 2.02130E+01
 -1        21 2.01252E+01
 -1        22 1.00000E+02
 -1        23 8.99494E+01
 -1        24 8.01464E+01
 -1        25 7.08205E+01
 -1        26 6.21671E+01
 -1        27 5.43356E+01
 -1        28 4.74225E+01
 -1        29 4.14705E+01
 -1        30 3.64723E+01
 -1        31 3.23783E+01
 -1        32 2.91077E+01
 -1        33 2.65592E+01
 -1        34 2.46224E+01
 -1        35 2.31866E+01
 -1        36 2.21485E+01
 -1        37 2.14165E+01
 -1        38 2.09130E+01
 -1        39 2.05752E+01
 -1        40 2.03541E+01
 -1        41 2.02130E+01
 -1        42 2.01252E+01
 -1        43 1.00000E+02
 -1        44 8.99494E+01
 -1        45 8.01464E+01
 -1        46 7.08205E+01
 -1        47 6.21671E+01
 -1        48 5.43356E+01
 -1        49 4.74225E+01
 -1        50 4.14705E+01
 -1        51 3.64723E+01
 -1        52 3.23783E+01
 -1        53 2.91077E+01
 -1        54 2.65592E+01
 -1        55 2.46224E+01
 -1        56 2.31866E+01
 -1        57 2.21485E+01
 -1        58 2.14165E+01
 -1        59 2.09130E+01
 -1        60 2.05752E+01
 -1        61 2.03541E+01
 -1        62 2.02130E+01
 -1        63 2.01252E+01
 -1        64 1.00000E+02
 -1        65 8.99494E+01
 -1        66 8.01464E+01
 -1        67 7.08205E+01
 -1        68 6.21671E+01
 -1        69 5.43356E+01
 -1        70 4.74225E+01
 -1        71 4.14705E+01
 -1        72 3.64723E+01
 -1        73 3.23783E+01
 -1        74 2.91077E+01
 -1        75 2.65592E+01
 -1        76 2.46224E+01
 -1        77 2.31866E+01
 -1        78 2.21485E+01
 -1        79 2.14165E+01
 -1        80 2.09130E+01
 -1        81 2.05752E+01
 -1        82 2.03541E+01
 -1        83 2.02130E+01
 -1        84 2.01252E+01
 -1        85 1.00000E+02
 -1        86 8.99494E+01
 -1        87 8.01464E+01
 -1        88 7.08205E+01
 -1        89 6.21671E+01
 -1        90 5.43356E+01
 -1        91 4.74225E+01
 -1        92 4.14705E+01
 -1        93 3.64723E+01
 -1        94 3.23783E+01
 -1        95 2.91077E+01
 -1        96 2.65592E+01
 -1        97 2.46224E+01
 -1        98 2.31866E+01
 -1        99 2.21485E+01
 -1       100 2.14165E+01
 -1       101 2.09130E+01
 -1       102 2.05752E+01
 -1       103 2.03541E+01
 -1       104 2.02130E+01
 -1       105 2.01252E+01
 -1       106 1.00000E+02
 -1       107 8.99494E+01
 -1       108 8.01464E+01
 -1       109 7.08205E+01
 -1       110 6.21671E+01
 -1       111 5.43356E+01
 -1       112 4.74225E+01
 -1       113 4.14705E+01
 -1       114 3.64723E+01
 -1       115 3.23783E+01
 -1       116 2.91077E+01
 -1       117 2.65592E+01
 -1       118 2.46224E+01
 -1       119 2.31866E+01
 -1       120 2.21485E+01
 -1       121 2.14165E+01
 -1       122 2.09130E+01
 -1       123 2.05752E+01
 -1       124 2.03541E+01
 -1       125 2.02130E+01
 -1       126 2.01252E+01
 -1       127 1.00000E+02
 -1       128 8.99494E+01
 -1       129 8.01464E+01
 -1       130 7.08205E+01
 -1       131 6.21671E+01
 -1       132 5.43356E+01
 -1       133 4.74225E+01
 -1       134 4.14705E+01
 -1       135 3.64723E+01
 -1       136 3.23783E+01
 -1       137 2.91077E+01
 -1       138 2.65592E+01
 -1       139 2.46224E+01
 -1       140 2.31866E+01
 -1       141 2.21485E+01
 -1       142 2.14165E+01
 -1       143 2.09130E+01
 -1       144 2.05752E+01
 -1       145 2.03541E+01
 -1       146 2.02130E+01
 -1       147 2.01252E+01
 -1       148 1.00000E+02
 -1       149 8.99494E+01
 -1       150 8.01464E+01
 -1       151 7.08205E+01
 -1       152 6.21671E+01
 -1       153 5.43356E+01
 -1       154 4.74225E+01
 -1       155 4.14705E+01
 -1       156 3.64723E+01
 -1       157 3.23783E+01
 -1       158 2.91077E+01
 -1       159 2.65592E+01
 -1       160 2.46224E+01
 -1       161 2.31866E+01
 -1       162 2.21485E+01
 -1       163 2.14165E+01
 -1       164 2.09130E+01
 -1       165 2.05752E+01
 -1       166 2.03541E+01
 -1       167 2.02130E+01
 -1       168 2.01252E+01
 -1       169 1.00000E+02
 -1       170 8.99494E+01
 -1       171 8.01464E+01
 -1       172 7.08205E+01
 -1       173 6.21671E+01
 -1       174 5.43356E+01
 -1       175 4.74225E+01
 -1       176 4.14705E+01
 -1       177 3.64723E+01
 -1       178 3.23783E+01
 -1       179 2.91077E+01
 -1       180 2.65592E+01
 -1       181 2.46224E+01
 -1       182 2.31866E+01
 -1       183 2.21485E+01
 -1       184 2.14165E+01
 -1       185 2.09130E+01
 -1       186 2.05752E+01
 -1       187 2.03541E+01
 -1       188 2.02130E+01
 -1       189 2.01252E+01
 -1       190 1.00000E+02
 -1       191 8.99494E+01
 -1       192 8.01464E+01
 -1       193 7.08205E+01
 -1       194 6.21671E+01
 -1       195 5.43356E+01
 -1       196 4.74225E+01
 -1       197 4.14705E+01
 -1       198 3.64723E+01
 -1       199 3.23783E+01
 -1       200 2.91077E+01
 -1       201 2.65592E+01
 -1       202 2.46224E+01
 -1       203 2.31866E+01
 -1       204 2.21485E+01
 -1       205 2.14165E+01
 -1       206 2.09130E+01
 -1       207 2.05752E+01
 -1       208 2.03541E+01
 -1       209 2.02130E+01
 -1       210 2.01252E+01
 -1       211 1.00000E+02
 -1       212 8.99494E+01
 -1       213 8.01464E+01
 -1       214 7.08205E+01
 -1       215 6.21671E+01
 -1       216 5.43356E+01
 -1       217 4.74225E+01
 -1       218 4.14705E+01
 -1       219 3.64723E+01
 -1       220 3.23783E+01
 -1       221 2.91077E+01
 -1       222 2.65592E+01
 -1       223 2.46224E+01
 -1       224 2.31866E+01
 -1       225 2.21485E+01
 -1       226 2.14165E+01
 -1       227 2.09130E+01
 -1       228 2.05752E+01
 -1       229 2.03541E+01
 -1       230 2.02130E+01
 -1       231 2.01252E+01
 -3
    1PSTEP                         6           6           1          
  100CL  106 3.00000E+00         231                     1    6           1
 -4  NDTEMP      1    1
 -5  T           1    1    0    0
 -1         1 1.00000E+02
 -1         2 9.08187E+01
 -1         3 8.18264E+01
 -1         4 7.32004E+01
 -1         5 6.50962E+01
 -1         6 5.76389E+01
 -1         7 5.09181E+01
 -1         8 4.49857E+01
 -1         9 3.98570E+01
 -1        10 3.55145E+01
 -1        11 3.19132E+01
 -1        12 2.89881E+01
 -1        13 2.66612E+01
 -1        14 2.48482E+01
 -1        15 2.34647E+01
 -1        16 2.24306E+01
 -1        17 2.16737E+01
 -1        18 2.11310E+01
 -1        19 2.07500E+01
 -1        20 2.04879E+01
 -1        21 2.03114E+01
 -1        22 1.00000E+02
 -1        23 9.08187E+01
 -1        24 8.18264E+01
 -1        25 7.32004E+01
 -1        26 6.50962E+01
 -1        27 5.76389E+01
 -1        28 5.09181E+01
 -1        29 4.49857E+01
 -1        30 3.98570E+01
 -1        31 3.55145E+01
 -1        32 3.19132E+01
 -1        33 2.89881E+01
 -1        34 2.66612E+01
 -1        35 2.48482E+01
 -1        36 2.34647E+01
 -1        37 2.24306E+01
 -1        38 2.16737E+01
 -1        39 2.11310E+01
 -1        40 2.07500E+01
 -1        41 2.04879E+01
 -1        42 2.03114E+01
 -1        43 1.00000E+02
 -1        44 9.08187E+01
 -1        45 8.18264E+01
 -1        46 7.32004E+01
 -1        47 6.50962E+01
 -1        48 5.76389E+01
 -1        49 5.09181E+01
 -1        50 4.49857E+01
 -1        51 3.98570E+01
 -1        52 3.55145E+01
 -1        53 3.19132E+01
 -1        54 2.89881E+01
 -1        55 2.66612E+01
 -1        56 2.48482E+01
 -1        57 2.34647E+01
 -1        58 2.24306E+01
 -1        59 2.16737E+01
 -1        60 2.11310E+01
 -1        61 2.07500E+01
 -1        62 2.04879E+01
 -1        63 2.03114E+01
 -1        64 1.00000E+02
 -1        65 9.08187E+01
 -1        66 8.18264E+01
 -1        67 7.32004E+01
 -1        68 6.50962E+01
 -1        69 5.76389E+01
 -1        70 5.09181E+01
 -1        71 4.49857E+01
 -1        72 3.98570E+01
 -1        73 3.55145E+01
 -1        74 3.19132E+01
 -1        75 2.89881E+01
 -1        76 2.66612E+01
 -1        77 2.48482E+01
 -1        78 2.34647E+01
 -1        79 2.24306E+01
 -1        80 2.16737E+01
 -1        81 2.11310E+01
 -1        82 2.07500E+01
 -1        83 2.04879E+01
 -1        84 2.03114E+01
 -1        85 1.00000E+02
 -1        86 9.08187E+01
 -1        87 8.18264E+01
 -1        88 7.32004E+01
 -1        89 6.50962E+01
 -1        90 5.76389E+01
 -1        91 5.09181E+01
 -1        92 4.49857E+01
 -1        93 3.98570E+01
 -1        94 3.55145E+01
 -1        95 3.19132E+01
 -1        96 2.89881E+01
 -1        97 2.66612E+01
 -1        98 2.48482E+01
 -1        99 2.34647E+01
 -1       100 2.24306E+01
 -1       101 2.16737E+01
 -1       102 2.11310E+01
 -1       103 2.07500E+01
 -1       104 2.04879E+01
 -1       105 2.03114E+01
 -1       106 1.00000E+02
 -1       107 9.08187E+01
 -1       108 8.18264E+01
 -1       109 7.32004E+01
 -1       110 6.50962E+01
 -1       111 5.76389E+01
 -1       112 5.09181E+01
 -1       113 4.49857E+01
 -1       114 3.98570E+01
 -1       115 3.55145E+01
 -1       116 3.19132E+01
 -1       117 2.89881E+01
 -1       118 2.66612E+01
 -1       119 2.48482E+01
 -1       120 2.34647E+01
 -1       121 2.24306E+01
 -1       122 2.16737E+01
 -1       123 2.11310E+01
 -1       124 2.07500E+01
 -1       125 2.04879E+01
 -1       126 2.03114E+01
 -1       127 1.00000E+02
 -1       128 9.08187E+01
 -1       129 8.18264E+01
 -1       130 7.32004E+01
 -1       131 6.50962E+01
 -1       132 5.76389E+01
 -1       133 5.09181E+01
 -1       134 4.49857E+01
 -1       135 3.98570E+01
 -1       136 3.55145E+01
 -1       137 3.19132E+01
 -1       138 2.89881E+01
 -1       139 2.66612E+01
 -1       140 2.48482E+01
 -1       141 2.34647E+01
 -1       142 2.24306E+01
 -1       143 2.16737E+01
 -1       144 2.11310E+01
 -1       145 2.07500E+01
 -1       146 2.04879E+01
 -1       147 2.03114E+01
 -1       148 1.00000E+02
 -1       149 9.08187E+01
 -1       150 8.18264E+01
 -1       151 7.32004E+01
 -1       152 6.50962E+01
 -1       153 5.76389E+01
 -1       154 5.09181E+01
 -1       155 4.49857E+01
 -1       156 3.98570E+01
 -1       157 3.55145E+01
 -1       158 3.19132E+01
 -1       159 2.89881E+01
 -1       160 2.66612E+01
 -1       161 2.48482E+01
 -1       162 2.34647E+01
 -1       163 2.24306E+01
 -1       164 2.16737E+01
 -1       165 2.11310E+01
 -1       166 2.07500E+01
 -1       167 2.04879E+01
 -1       168 2.03114E+01
 -1       169 1.00000E+02
 -1       170 9.08187E+01
 -1       171 8.18264E+01
 -1       172 7.32004E+01
 -1       173 6.50962E+01
 -1       174 5.76389E+01
 -1       175 5.09181E+01
 -1       176 4.49857E+01
 -1       177 3.98570E+01
 -1       178 3.55145E+01
 -1       179 3.19132E+01
 -1       180 2.89881E+01
 -1       181 2.66612E+01
 -1       182 2.48482E+01
 -1       183 2.34647E+01
 -1       184 2.24306E+01
 -1       185 2.16737E+01
 -1       186 2.11310E+01
 -1       187 2.07500E+01
 -1       188 2.04879E+01
 -1       189 2.03114E+01
 -1       190 1.00000E+02
 -1       191 9.08187E+01
 -1       192 8.18264E+01
 -1       193 7.32004E+01
 -1       194 6.50962E+01
 -1       195 5.76389E+01
 -1       196 5.09181E+01
 -1       197 4.49857E+01
 -1       198 3.98570E+01
 -1       199 3.55145E+01
 -1       200 3.19132E+01
 -1       201 2.89881E+01
 -1       202 2.66612E+01
 -1       203 2.48482E+01
 -1       204 2.34647E+01
 -1       205 2.24306E+01
 -1       206 2.16737E+01
 -1       207 2.11310E+01
 -1       208 2.07500E+01
 -1       209 2.04879E+01
 -1       210 2.03114E+01
 -1       211 1.00000E+02
 -1       212 9.08187E+01
 -1       213 8.18264E+01
 -1       214 7.32004E+01
 -1       215 6.50962E+01
 -1       216 5.76389E+01
 -1       217 5.09181E+01
 -1       218 4.49857E+01
 -1       219 3.98570E+01
 -1       220 3.55145E+01
 -1       221 3.19132E+01
 -1       222 2.89881E+01
 -1       223 2.66612E+01
 -1       224 2.48482E+01
 -1       225 2.34647E+01
 -1       226 2.24306E+01
 -1       227 2.16737E+01
 -1       228 2.11310E+01
 -1       229 2.07500E+01
 -1       230 2.04879E+01
 -1       231 2.03114E+01
 -3
    1PSTEP                         7           7           1          
  100CL  107 3.50000E+00         231                     1    7           1
 -4  NDTEMP      1    1
 -5  T           1    1    0    0
 -1         1 1.00000E+02
 -1         2 9.14956E+01
 -1         3 8.31414E+01
 -1         4 7.50800E+01
 -1         5 6.74384E+01
 -1         6 6.03229E+01
 -1         7 5.38142E+01
 -1         8 4.79660E+01
 -1         9 4.28040E+01
 -1        10 3.83282E+01
 -1        11 3.45159E+01
 -1        12 3.13263E+01
 -1        13 2.87048E+01
 -1        14 2.65882E+01
 -1        15 2.49095E+01
 -1        16 2.36017E+01
 -1        17 2.26008E+01
 -1        18 2.18483E+01
 -1        19 2.12926E+01
 -1        20 2.08894E+01
 -1        21 2.06021E+01
 -1        22 1.00000E+02
 -1        23 9.14956E+01
 -1        24 8.31414E+01
 -1        25 7.50800E+01
 -1        26 6.74384E+01
 -1        27 6.03229E+01
 -1        28 5.38142E+01
 -1        29 4.79660E+01
 -1        30 4.28040E+01
 -1        31 3.83282E+01
 -1        32 3.45159E+01
 -1        33 3.13263E+01
 -1        34 2.87048E+01
 -1        35 2.65882E+01
 -1        36 2.49095E+01
 -1        37 2.36017E+01
 -1        38 2.26008E+01
 -1        39 2.18483E+01
 -1        40 2.12926E+01
 -1        41 2.08894E+01
 -1        42 2.06021E+01
 -1        43 1.00000E+02
 -1        44 9.14956E+01
 -1        45 8.31414E+01
 -1        46 7.50800E+01
 -1        47 6.74384E+01
 -1        48 6.03229E+01
 -1        49 5.38142E+01
 -1        50 4.79660E+01
 -1        51 4.28040E+01
 -1        52 3.83282E+01
 -1        53 3.45159E+01
 -1        54 3.13263E+01
 -1        55 2.87048E+01
 -1        56 2.65882E+01
 -1        57 2.49095E+01
 -1        58 2.36017E+01
 -1        59 2.26008E+01
 -1        60 2.18483E+01
 -1        61 2.12926E+01
 -1        62 2.08894E+01
 -1        63 2.06021E+01
 -1        64 1.00000E+02
 -1        65 9.14956E+01
 -1        66 8.31414E+01
 -1        67 7.50800E+01
 -1        68 6.74384E+01
 -1        69 6.03229E+01
 -1        70 5.38142E+01
 -1        71 4.79660E+01
 -1        72 4.28040E+01
 -1        73 3.83282E+01
 -1        74 3.45159E+01
 -1        75 3.13263E+01
 -1        76 2.87048E+01
 -1        77 2.65882E+01
 -1        78 2.49095E+01
 -1        79 2.36017E+01
 -1        80 2.26008E+01
 -1        81 2.18483E+01
 -1        82 2.12926E+01
 -1        83 2.08894E+01
 -1        84 2.06021E+01
 -1        85 1.00000E+02
 -1        86 9.14956E+01
 -1        87 8.31414E+01
 -1        88 7.50800E+01
 -1        89 6.74384E+01
 -1        90 6.03229E+01
 -1        91 5.38142E+01
 -1        92 4.79660E+01
 -1        93 4.28040E+01
 -1        94 3.83282E+01
 -1        95 3.45159E+01
 -1        96 3.13263E+01
 -1        97 2.87048E+01
 -1        98 2.65882E+01
 -1        99 2.49095E+01
 -1       100 2.36017E+01
 -1       101 2.26008E+01
 -1       102 2.18483E+01
 -1       103 2.12926E+01
 -1       104 2.08894E+01
 -1       105 2.06021E+01
 -1       106 1.00000E+02
 -1       107 9.14956E+01
 -1       108 8.31414E+01
 -1       109 7.50800E+01
 -1       110 6.74384E+01
 -1       111 6.03229E+01
 -1       112 5.38142E+01
 -1       113 4.79660E+01
 -1       114 4.28040E+01
 -1       115 3.83282E+01
 -1       116 3.45159E+01
 -1       117 3.13263E+01
 -1       118 2.87048E+01
 -1       119 2.65882E+01
 -1       120 2.49095E+01
 -1       121 2.36017E+01
 -1       122 2.26008E+01
 -1       123 2.18483E+01
 -1       124 2.12926E+01
 -1       125 2.08894E+01
 -1       126 2.06021E+01
 -1       127 1.00000E+02
 -1       128 9.14956E+01
 -1       129 8.31414E+01
 -1       130 7.50800E+01
 -1       131 6.74384E+01
 -1       132 6.03229E+01
 -1       133 5.38142E+01
 -1       134 4.79660E+01
 -1       135 4.28040E+01
 -1       136 3.83282E+01
 -1       137 3.45159E+01
 -1       138 3.13263E+01
 -1       139 2.87048E+01
 -1       140 2.65882E+01
 -1       141 2.49095E+01
 -1       142 2.36017E+01
 -1       143 2.26008E+01
 -1       144 2.18483E+01
 -1       145 2.12926E+01
 -1       146 2.08894E+01
 -1       147 2.06021E+01
 -1       148 1.00000E+02
 -1       149 9.14956E+01
 -1       150 8.31414E+01
 -1       151 7.50800E+01
 -1       152 6.74384E+01
 -1       153 6.03229E+01
 -1       154 5.38142E+01
 -1       155 4.79660E+01
 -1       156 4.28040E+01
 -1       157 3.83282E+01
 -1       158 3.45159E+01
 -1       159 3.13263E+01
 -1       160 2.87048E+01
 -1       161 2.65882E+01
 -1       162 2.49095E+01
 -1       163 2.36017E+01
 -1       164 2.26008E+01
 -1       165 2.18483E+01
 -1       166 2.12926E+01
 -1       167 2.08894E+01
 -1       168 2.06021E+01
 -1       169 1.00000E+02
 -1       170 9.14956E+01
 -1       171 8.31414E+01
 -1       172 7.50800E+01
 -1       173 6.74384E+01
 -1       174 6.03229E+01
 -1       175 5.38142E+01
 -1       176 4.79660E+01
 -1       177 4.28040E+01
 -1       178 3.83282E+01
 -1       179 3.45159E+01
 -1       180 3.13263E+01
 -1       181 2.87048E+01
 -1       182 2.65882E+01
 -1       183 2.49095E+01
 -1       184 2.36017E+01
 -1       185 2.26008E+01
 -1       186 2.18483E+01
 -1       187 2.12926E+01
 -1       188 2.08894E+01
 -1       189 2.06021E+01
 -1       190 1.00000E+02
 -1       191 9.14956E+01
 -1       192 8.31414E+01
 -1       193 7.50800E+01
 -1       194 6.74384E+01
 -1       195 6.03229E+01
 -1       196 5.38142E+01
 -1       197 4.79660E+01
 -1       198 4.28040E+01
 -1       199 3.83282E+01
 -1       200 3.45159E+01
 -1       201 3.13263E+01
 -1       202 2.87048E+01
 -1       203 2.65882E+01
 -1       204 2.49095E+01
 -1       205 2.36017E+01
 -1       206 2.26008E+01
 -1       207 2.18483E+01
 -1       208 2.12926E+01
 -1       209 2.08894E+01
 -1       210 2.06021E+01
 -1       211 1.00000E+02
 -1       212 9.14956E+01
 -1       213 8.31414E+01
 -1       214 7.50800E+01
 -1       215 6.74384E+01
 -1       216 6.03229E+01
 -1       217 5.38142E+01
 -1       218 4.79660E+01
 -1       219 4.28040E+01
 -1       220 3.83282E+01
 -1       221 3.45159E+01
 -1       222 3.13263E+01
 -1       223 2.87048E+01
 -1       224 2.65882E+01
 -1       225 2.49095E+01
 -1       226 2.36017E+01
 -1       227 2.26008E+01
 -1       228 2.18483E+01
 -1       229 2.12926E+01
 -1       230 2.08894E+01
 -1       231 2.06021E+01
 -3
    1PSTEP                         8           8           1          
  100CL  108 4.00000E+00         231                     1    8           1
 -4  NDTEMP      1    1
 -5  T           1    1    0    0
 -1         1 1.00000E+02
 -1         2 9.20419E+01
 -1         3 8.42070E+01
 -1         4 7.66128E+01
 -1         5 6.93660E+01
 -1         6 6.25577E+01
 -1         7 5.62604E+01
 -1         8 5.05259E+01
 -1         9 4.53848E+01
 -1        10 4.08471E+01
 -1        11 3.69040E+01
 -1        12 3.35305E+01
 -1        13 3.06892E+01
 -1        14 2.83330E+01
 -1        15 2.64095E+01
 -1        16 2.48634E+01
 -1        17 2.36400E+01
 -1        18 2.26869E+01
 -1        19 2.19559E+01
 -1        20 2.14039E+01
 -1        21 2.09935E+01
 -1        22 1.00000E+02
 -1        23 9.20419E+01
 -1        24 8.42070E+01
 -1        25 7.66128E+01
 -1        26 6.93660E+01
 -1        27 6.25577E+01
 -1        28 5.62604E+01
 -1        29 5.05259E+01
 -1        30 4.53848E+01
 -1        31 4.08471E+01
 -1        32 3.69040E+01
 -1        33 3.35305E+01
 -1        34 3.06892E+01
 -1        35 2.83330E+01
 -1        36 2.64095E+01
 -1        37 2.48634E+01
 -1        38 2.36400E+01
 -1        39 2.26869E+01
 -1        40 2.19559E+01
 -1        41 2.14039E+01
 -1        42 2.09935E+01
 -1        43 1.00000E+02
 -1        44 9.20419E+01
 -1        45 8.42070E+01
 -1        46 7.66128E+01
 -1        47 6.93660E+01
 -1        48 6.25577E+01
 -1        49 5.62604E+01
 -1        50 5.05259E+01
 -1        51 4.53848E+01
 -1        52 4.08471E+01
 -1        53 3.69040E+01
 -1        54 3.35305E+01
 -1        55 3.06892E+01
 -1        56 2.83330E+01
 -1        57 2.64095E+01
 -1        58 2.48634E+01
 -1        59 2.36400E+01
 -1        60 2.26869E+01
 -1        61 2.19559E+01
 -1        62 2.14039E+01
 -1        63 2.09935E+01
 -1        64 1.00000E+02
 -1        65 9.20419E+01
 -1        66 8.42070E+01
 -1        67 7.66128E+01
 -1        68 6.93660E+01
 -1        69 6.25577E+01
 -1        70 5.62604E+01
 -1        71 5.05259E+01
 -1        72 4.53848E+01
 -1        73 4.08471E+01
 -1        74 3.69040E+01
 -1        75 3.35305E+01
 -1        76 3.06892E+01
 -1        77 2.83330E+01
 -1        78 2.64095E+01
 -1        79 2.48634E+01
 -1        80 2.36400E+01
 -1        81 2.26869E+01
 -1        82 2.19559E+01
 -1        83 2.14039E+01
 -1        84 2.09935E+01
 -1        85 1.00000E+02
 -1        86 9.20419E+01
 -1        87 8.42070E+01
 -1        88 7.66128E+01
 -1        89 6.93660E+01
 -1        90 6.25577E+01
 -1        91 5.62604E+01
 -1        92 5.05259E+01
 -1        93 4.53848E+01
 -1        94 4.08471E+01
 -1        95 3.69040E+01
 -1        96 3.35305E+01
 -1        97 3.06892E+01
 -1        98 2.83330E+01
 -1        99 2.64095E+01
 -1       100 2.48634E+01
 -1       101 2.36400E+01
 -1       102 2.26869E+01
 -1       103 2.19559E+01
 -1       104 2.14039E+01
 -1       105 2.09935E+01
 -1       106 1.00000E+02
 -1       107 9.20419E+01
 -1       108 8.42070E+01
 -1       109 7.66128E+01
 -1       110 6.93660E+01
 -1       111 6.25577E+01
 -1       112 5.62604E+01
 -1       113 5.05259E+01
 -1       114 4.53848E+01
 -1       115 4.08471E+01
 -1       116 3.69040E+01
 -1       117 3.35305E+01
 -1       118 3.06892E+01
 -1       119 2.83330E+01
 -1       120 2.64095E+01
 -1       121 2.48634E+01
 -1       122 2.36400E+01
 -1       123 2.26869E+01
 -1       124 2.19559E+01
 -1       125 2.14039E+01
 -1       126 2.09935E+01
 -1       127 1.00000E+02
 -1       128 9.20419E+01
 -1       129 8.42070E+01
 -1       130 7.66128E+01
 -1       131 6.93660E+01
 -1       132 6.25577E+01
 -1       133 5.62604E+01
 -1       134 5.05259E+01
 -1       135 4.53848E+01
 -1       136 4.08471E+01
 -1       137 3.69040E+01
 -1       138 3.35305E+01
 -1       139 3.06892E+01
 -1       140 2.83330E+01
 -1       141 2.64095E+01
 -1       142 2.48634E+01
 -1       143 2.36400E+01
 -1       144 2.26869E+01
 -1       145 2.19559E+01
 -1       146 2.14039E+01
 -1       147 2.09935E+01
 -1       148 1.00000E+02
 -1       149 9.20419E+01
 -1       150 8.42070E+01
 -1       151 7.66128E+01
 -1       152 6.93660E+01
 -1       153 6.25577E+01
 -1       154 5.62604E+01
 -1       155 5.05259E+01
 -1       156 4.53848E+01
 -1       157 4.08471E+01
 -1       158 3.69040E+01
 -1       159 3.35305E+01
 -1       160 3.06892E+01
 -1       161 2.83330E+01
 -1       162 2.64095E+01
 -1       163 2.48634E+01
 -1       164 2.36400E+01
 -1       165 2.26869E+01
 -1       166 2.19559E+01
 -1       167 2.14039E+01
 -1       168 2.09935E+01
 -1       169 1.00000E+02
 -1       170 9.20419E+01
 -1       171 8.42070E+01
 -1       172 7.66128E+01
 -1       173 6.93660E+01
 -1       174 6.25577E+01
 -1       175 5.62604E+01
 -1       176 5.05259E+01
 -1       177 4.53848E+01
 -1       178 4.08471E+01
 -1       179 3.69040E+01
 -1       180 3.35305E+01
 -1       181 3.06892E+01
 -1       182 2.83330E+01
 -1       183 2.64095E+01
 -1       184 2.48634E+01
 -1       185 2.36400E+01
 -1       186 2.26869E+01
 -1       187 2.19559E+01
 -1       188 2.14039E+01
 -1       189 2.09935E+01
 -1       190 1.00000E+02
 -1       191 9.20419E+01
 -1       192 8.42070E+01
 -1       193 7.66128E+01
 -1       194 6.93660E+01
 -1       195 6.25577E+01
 -1       196 5.62604E+01
 -1       197 5.05259E+01
 -1       198 4.53848E+01
 -1       199 4.08471E+01
 -1       200 3.69040E+01
 -1       201 3.35305E+01
 -1       202 3.06892E+01
 -1       203 2.83330E+01
 -1       204 2.64095E+01
 -1       205 2.48634E+01
 -1       206 2.36400E+01
 -1       207 2.26869E+01
 -1       208 2.19559E+01
 -1       209 2.14039E+01
 -1       210 2.09935E+01
 -1       211 1.00000E+02
 -1       212 9.20419E+01
 -1       213 8.42070E+01
 -1       214 7.66128E+01
 -1       215 6.93660E+01
 -1       216 6.25577E+01
 -1       217 5.62604E+01
 -1       218 5.05259E+01
 -1       219 4.53848E+01
 -1       220 4.08471E+01
 -1       221 3.69040E+01
 -1       222 3.35305E+01
 -1       223 3.06892E+01
 -1       224 2.83330E+01
 -1       225 2.64095E+01
 -1       226 2.48634E+01
 -1       227 2.36400E+01
 -1       228 2.26869E+01
 -1       229 2.19559E+01
 -1       230 2.14039E+01
 -1       231 2.09935E+01
 -3
    1PSTEP                         9           9           1          
  100CL  109 4.50000E+00         231                     1    9           1
 -4  NDTEMP      1    1
 -5  T           1    1    0    0
 -1         1 1.00000E+02
 -1         2 9.24948E+01
 -1         3 8.50931E+01
 -1         4 7.78939E+01
 -1         5 7.09882E+01
 -1         6 6.44552E+01
 -1         7 5.83600E+01
 -1         8 5.27516E+01
 -1         9 4.76623E+01
 -1        10 4.31075E+01
 -1        11 3.90874E+01
 -1        12 3.55881E+01
 -1        13 3.25839E+01
 -1        14 3.00405E+01
 -1        15 2.79168E+01
 -1        16 2.61680E+01
 -1        17 2.47477E+01
 -1        18 2.36102E+01
 -1        19 2.27116E+01
 -1        20 2.20116E+01
 -1        21 2.14738E+01
 -1        22 1.00000E+02
 -1        23 9.24948E+01
 -1        24 8.50931E+01
 -1        25 7.78939E+01
 -1        26 7.09882E+01
 -1        27 6.44552E+01
 -1        28 5.83600E+01
 -1        29 5.27516E+01
 -1        30 4.76623E+01
 -1        31 4.31075E+01
 -1        32 3.90874E+01
 -1        33 3.55881E+01
 -1        34 3.25839E+01
 -1        35 3.00405E+01
 -1        36 2.79168E+01
 -1        37 2.61680E+01
 -1        38 2.47477E+01
 -1        39 2.36102E+01
 -1        40 2.27116E+01
 -1        41 2.20116E+01
 -1        42 2.14738E+01
 -1        43 1.00000E+02
 -1        44 9.24948E+01
 -1        45 8.50931E+01
 -1        46 7.78939E+01
 -1        47 7.09882E+01
 -1        48 6.44552E+01
 -1        49 5.83600E+01
 -1        50 5.27516E+01
 -1        51 4.76623E+01
 -1        52 4.31075E+01
 -1        53 3.90874E+01
 -1        54 3.55881E+01
 -1        55 3.25839E+01
 -1        56 3.00405E+01
 -1        57 2.79168E+01
 -1        58 2.61680E+01
 -1        59 2.47477E+01
 -1        60 2.36102E+01
 -1        61 2.27116E+01
 -1        62 2.20116E+01
 -1        63 2.14738E+01
 -1        64 1.00000E+02
 -1        65 9.24948E+01
 -1        66 8.50931E+01
 -1        67 7.78939E+01
 -1        68 7.09882E+01
 -1        69 6.44552E+01
 -1        70 5.83600E+01
 -1        71 5.27516E+01
 -1        72 4.76623E+01
 -1        73 4.31075E+01
 -1        74 3.90874E+01
 -1        75 3.55881E+01
 -1        76 3.25839E+01
 -1        77 3.00405E+01
 -1        78 2.79168E+01
 -1        79 2.61680E+01
 -1        80 2.47477E+01
 -1        81 2.36102E+01
 -1        82 2.27116E+01
 -1        83 2.20116E+01
 -1        84 2.14738E+01
 -1        85 1.00000E+02
 -1        86 9.24948E+01
 -1        87 8.50931E+01
 -1        88 7.78939E+01
 -1        89 7.09882E+01
 -1        90 6.44552E+01
 -1        91 5.83600E+01
 -1        92 5.27516E+01
 -1        93 4.76623E+01
 -1        94 4.31075E+01
 -1        95 3.90874E+01
 -1        96 3.55881E+01
 -1        97 3.25839E+01
 -1        98 3.00405E+01
 -1        99 2.79168E+01
 -1       100 2.61680E+01
 -1       101 2.47477E+01
 -1       102 2.36102E+01
 -1       103 2.27116E+01
 -1       104 2.20116E+01
 -1       105 2.14738E+01
 -1       106 1.00000E+02
 -1       107 9.24948E+01
 -1       108 8.50931E+01
 -1       109 7.78939E+01
 -1       110 7.09882E+01
 -1       111 6.44552E+01
 -1       112 5.83600E+01
 -1       113 5.27516E+01
 -1       114 4.76623E+01
 -1       115 4.31075E+01
 -1       116 3.90874E+01
 -1       117 3.55881E+01
 -1       118 3.25839E+01
 -1       119 3.00405E+01
 -1       120 2.79168E+01
 -1       121 2.61680E+01
 -1       122 2.47477E+01
 -1       123 2.36102E+01
 -1       124 2.27116E+01
 -1       125 2.20116E+01
 -1       126 2.14738E+01
 -1       127 1.00000E+02
 -1       128 9.24948E+01
 -1       129 8.50931E+01
 -1       130 7.78939E+01
 -1       131 7.09882E+01
 -1       132 6.44552E+01
 -1       133 5.83600E+01
 -1       134 5.27516E+01
 -1       135 4.76623E+01
 -1       136 4.31075E+01
 -1       137 3.90874E+01
 -1       138 3.55881E+01
 -1       139 3.25839E+01
 -1       140 3.00405E+01
 -1       141 2.79168E+01
 -1       142 2.61680E+01
 -1       143 2.47477E+01
 -1       144 2.36102E+01
 -1       145 2.27116E+01
 -1       146 2.20116E+01
 -1       147 2.14738E+01
 -1       148 1.00000E+02
 -1       149 9.24948E+01
 -1       150 8.50931E+01
 -1       151 7.78939E+01
 -1       152 7.09882E+01
 -1       153 6.44552E+01
 -1       154 5.83600E+01
 -1       155 5.27516E+01
 -1       156 4.76623E+01
 -1       157 4.31075E+01
 -1       158 3.90874E+01
 -1       159 3.55881E+01
 -1       160 3.25839E+01
 -1       161 3.00405E+01
 -1       162 2.79168E+01
 -1       163 2.61680E+01
 -1       164 2.47477E+01
 -1       165 2.36102E+01
 -1       166 2.27116E+01
 -1       167 2.20116E+01
 -1       168 2.14738E+01
 -1       169 1.00000E+02
 -1       170 9.24948E+01
 -1       171 8.50931E+01
 -1       172 7.78939E+01
 -1       173 7.09882E+01
 -1       174 6.44552E+01
 -1       175 5.83600E+01
 -1       176 5.27516E+01
 -1       177 4.76623E+01
 -1       178 4.31075E+01
 -1       179 3.90874E+01
 -1       180 3.55881E+01
 -1       181 3.25839E+01
 -1       182 3.00405E+01
 -1       183 2.79168E+01
 -1       184 2.61680E+01
 -1       185 2.47477E+01
 -1       186 2.36102E+01
 -1       187 2.27116E+01
 -1       188 2.20116E+01
 -1       189 2.14738E+01
 -1       190 1.00000E+02
 -1       191 9.24948E+01
 -1       192 8.50931E+01
 -1       193 7.78939E+01
 -1       194 7.09882E+01
 -1       195 6.44552E+01
 -1       196 5.83600E+01
 -1       197 5.27516E+01
 -1       198 4.76623E+01
 -1       199 4.31075E+01
 -1       200 3.90874E+01
 -1       201 3.55881E+01
 -1       202 3.25839E+01
 -1       203 3.00405E+01
 -1       204 2.79168E+01
 -1       205 2.61680E+01
 -1       206 2.47477E+01
 -1       207 2.36102E+01
 -1       208 2.27116E+01
 -1       209 2.20116E+01
 -1       210 2.14738E+01
 -1       211 1.00000E+02
 -1       212 9.24948E+01
 -1       213 8.50931E+01
 -1       214 7.78939E+01
 -1       215 7.09882E+01
 -1       216 6.44552E+01
 -1       217 5.83600E+01
 -1       218 5.27516E+01
 -1       219 4.76623E+01
 -1       220 4.31075E+01
 -1       221 3.90874E+01
 -1       222 3.55881E+01
 -1       223 3.25839E+01
 -1       224 3.00405E+01
 -1       225 2.79168E+01
 -1       226 2.61680E+01
 -1       227 2.47477E+01
 -1       228 2.36102E+01
 -1       229 2.27116E+01
 -1       230 2.20116E+01
 -1       231 2.14738E+01
 -3
    1PSTEP                        10          10           1          
  100CL  110 5.00000E+00         231                     1   10           1
 -4  NDTEMP      1    1
 -5  T           1    1    0    0
 -1         1 1.00000E+02
 -1         2 9.28783E+01
 -1         3 8.58451E+01
 -1         4 7.89853E+01
 -1         5 7.23777E+01
 -1         6 6.60920E+01
 -1         7 6.01868E+01
 -1         8 5.47078E+01
 -1         9 4.96875E+01
 -1        10 4.51444E+01
 -1        11 4.10842E+01
 -1        12 3.75006E+01
 -1        13 3.43770E+01
 -1        14 3.16880E+01
 -1        15 2.94020E+01
 -1        16 2.74826E+01
 -1        17 2.58911E+01
 -1        18 2.45877E+01
 -1        19 2.35337E+01
 -1        20 2.26918E+01
 -1        21 2.20278E+01
 -1        22 1.00000E+02
 -1        23 9.28783E+01
 -1        24 8.58451E+01
 -1        25 7.89853E+01
 -1        26 7.23777E+01
 -1        27 6.60920E+01
 -1        28 6.01868E+01
 -1        29 5.47078E+01
 -1        30 4.96875E+01
 -1        31 4.51444E+01
 -1        32 4.10842E+01
 -1        33 3.75006E+01
 -1        34 3.43770E+01
 -1        35 3.16880E+01
 -1        36 2.94020E+01
 -1        37 2.74826E+01
 -1        38 2.58911E+01
 -1        39 2.45877E+01
 -1        40 2.35337E+01
 -1        41 2.26918E+01
 -1        42 2.20278E+01
 -1        43 1.00000E+02
 -1        44 9.28783E+01
 -1        45 8.58451E+01
 -1        46 7.89853E+01
 -1        47 7.23777E+01
 -1        48 6.60920E+01
 -1        49 6.01868E+01
 -1        50 5.47078E+01
 -1        51 4.96875E+01
 -1        52 4.51444E+01
 -1        53 4.10842E+01
 -1        54 3.75006E+01
 -1        55 3.43770E+01
 -1        56 3.16880E+01
 -1        57 2.94020E+01
 -1        58 2.74826E+01
 -1        59 2.58911E+01
 -1        60 2.45877E+01
 -1        61 2.35337E+01
 -1        62 2.26918E+01
 -1        63 2.20278E+01
 -1        64 1.00000E+02
 -1        65 9.28783E+01
 -1        66 8.58451E+01
 -1        67 7.89853E+01
 -1        68 7.23777E+01
 -1        69 6.60920E+01
 -1        70 6.01868E+01
 -1        71 5.47078E+01
 -1        72 4.96875E+01
 -1        73 4.51444E+01
 -1        74 4.10842E+01
 -1        75 3.75006E+01
 -1        76 3.43770E+01
 -1        77 3.16880E+01
 -1        78 2.94020E+01
 -1        79 2.74826E+01
 -1        80 2.58911E+01
 -1        81 2.45877E+01
 -1        82 2.35337E+01
 -1        83 2.26918E+01
 -1        84 2.20278E+01
 -1        85 1.00000E+02
 -1        86 9.28783E+01
 -1        87 8.58451E+01
 -1        88 7.89853E+01
 -1        89 7.23777E+01
 -1        90 6.60920E+01
 -1        91 6.01868E+01
 -1        92 5.47078E+01
 -1        93 4.96875E+01
 -1        94 4.51444E+01
 -1        95 4.10842E+01
 -1        96 3.75006E+01
 -1        97 3.43770E+01
 -1        98 3.16880E+01
 -1        99 2.94020E+01
 -1       100 2.74826E+01
 -1       101 2.58911E+01
 -1       102 2.45877E+01
 -1       103 2.35337E+01
 -1       104 2.26918E+01
 -1       105 2.20278E+01
 -1       106 1.00000E+02
 -1       107 9.28783E+01
 -1       108 8.58451E+01
 -1       109 7.89853E+01
 -1       110 7.23777E+01
 -1       111 6.60920E+01
 -1       112 6.01868E+01
 -1       113 5.47078E+01
 -1       114 4.96875E+01
 -1       115 4.51444E+01
 -1       116 4.10842E+01
 -1       117 3.75006E+01
 -1       118 3.43770E+01
 -1       119 3.16880E+01
 -1       120 2.94020E+01
 -1       121 2.74826E+01
 -1       122 2.58911E+01
 -1       123 2.45877E+01
 -1       124 2.35337E+01
 -1       125 2.26918E+01
 -1       126 2.20278E+01
 -1       127 1.00000E+02
 -1       128 9.28783E+01
 -1       129 8.58451E+01
 -1       130 7.89853E+01
 -1       131 7.23777E+01
 -1       132 6.60920E+01
 -1       133 6.01868E+01
 -1       134 5.47078E+01
 -1       135 4.96875E+01
 -1       136 4.51444E+01
 -1       137 4.10842E+01
 -1       138 3.75006E+01
 -1       139 3.43770E+01
 -1       140 3.16880E+01
 -1       141 2.94020E+01
 -1       142 2.74826E+01
 -1       143 2.58911E+01
 -1       144 2.45877E+01
 -1       145 2.35337E+01
 -1       146 2.26918E+01
 -1       147 2.20278E+01
 -1       148 1.00000E+02
 -1       149 9.28783E+01
 -1       150 8.58451E+01
 -1       151 7.89853E+01
 -1       152 7.23777E+01
 -1       153 6.60920E+01
 -1       154 6.01868E+01
 -1       155 5.47078E+01
 -1       156 4.96875E+01
 -1       157 4.51444E+01
 -1       158 4.10842E+01
 -1       159 3.75006E+01
 -1       160 3.43770E+01
 -1       161 3.16880E+01
 -1       162 2.94020E+01
 -1       163 2.74826E+01
 -1       164 2.58911E+01
 -1       165 2.45877E+01
 -1       166 2.35337E+01
 -1       167 2.26918E+01
 -1       168 2.20278E+01
 -1       169 1.00000E+02
 -1       170 9.28783E+01
 -1       171 8.58451E+01
 -1       172 7.89853E+01
 -1       173 7.23777E+01
 -1       174 6.60920E+01
 -1       175 6.01868E+01
 -1       176 5.47078E+01
 -1       177 4.96875E+01
 -1       178 4.51444E+01
 -1       179 4.10842E+01
 -1       180 3.75006E+01
 -1       181 3.43770E+01
 -1       182 3.16880E+01
 -1       183 2.94020E+01
 -1       184 2.74826E+01
 -1       185 2.58911E+01
 -1       186 2.45877E+01
 -1       187 2.35337E+01
 -1       188 2.26918E+01
 -1       189 2.20278E+01
 -1       190 1.00000E+02
 -1       191 9.28783E+01
 -1       192 8.58451E+01
 -1       193 7.89853E+01
 -1       194 7.23777E+01
 -1       195 6.60920E+01
 -1       196 6.01868E+01
 -1       197 5.47078E+01
 -1       198 4.96875E+01
 -1       199 4.51444E+01
 -1       200 4.10842E+01
 -1       201 3.75006E+01
 -1       202 3.43770E+01
 -1       203 3.16880E+01
 -1       204 2.94020E+01
 -1       205 2.74826E+01
 -1       206 2.58911E+01
 -1       207 2.45877E+01
 -1       208 2.35337E+01
 -1       209 2.26918E+01
 -1       210 2.20278E+01
 -1       211 1.00000E+02
 -1       212 9.28783E+01
 -1       213 8.58451E+01
 -1       214 7.89853E+01
 -1       215 7.23777E+01
 -1       216 6.60920E+01
 -1       217 6.01868E+01
 -1       218 5.47078E+01
 -1       219 4.96875E+01
 -1       220 4.51444E+01
 -1       221 4.10842E+01
 -1       222 3.75006E+01
 -1       223 3.43770E+01
 -1       224 3.16880E+01
 -1       225 2.94020E+01
 -1       226 2.74826E+01
 -1       227 2.58911E+01
 -1       228 2.45877E+01
 -1       229 2.35337E+01
 -1       230 2.26918E+01
 -1       231 2.20278E+01
 -3
 9999
